******************************************************************************
             TMS320C2000 Linker PC v22.6.0                     
******************************************************************************
>> Linked Mon Apr 14 12:20:57 2025

OUTPUT FILE NAME:   <../mcb_pmsm_foc_f28379d_dyno.out>
ENTRY POINT SYMBOL: "_c_int00"  address: 0008420c


MEMORY CONFIGURATION

         name            origin    length      used     unused   attr    fill
----------------------  --------  ---------  --------  --------  ----  --------
PAGE 0:
  BEGIN                 00000000   00000002  00000000  00000002  RWIX
  RAMLS_PROG            00008000   00002000  0000118e  00000e72  RWIX
  BEGIN_FLASH           00080000   00000002  00000002  00000000  RWIX
  FLASHA_N              00080002   0003fffe  0000605f  00039f9f  RWIX
  RESET                 003fffc0   00000002  00000000  00000002  RWIX

PAGE 1:
  BOOT_RSVD             00000002   00000120  00000000  00000120  RWIX
  RAMM0M1               00000122   000006de  00000400  000002de  RWIX
  ADCARESULT            00000b00   00000018  00000018  00000000  RWIX
  ADCBRESULT            00000b20   00000018  00000018  00000000  RWIX
  ADCCRESULT            00000b40   00000018  00000018  00000000  RWIX
  ADCDRESULT            00000b60   00000018  00000018  00000000  RWIX
  CPU_TIMER0            00000c00   00000008  00000008  00000000  RWIX
  CPU_TIMER1            00000c08   00000008  00000008  00000000  RWIX
  CPU_TIMER2            00000c10   00000008  00000008  00000000  RWIX
  PIE_CTRL              00000ce0   00000020  0000001a  00000006  RWIX
  PIE_VECT              00000d00   00000200  000001c0  00000040  RWIX
  DMA                   00001000   00000200  000000e0  00000120  RWIX
  CLA1                  00001400   00000040  0000003e  00000002  RWIX
  CLA1_MSGRAMLOW        00001480   00000080  00000000  00000080  RWIX
  CLA1_MSGRAMHIGH       00001500   00000080  00000000  00000080  RWIX
  CLB1LOGICCFG          00003000   00000052  0000003e  00000014  RWIX
  CLB1LOGICCTRL         00003100   00000040  00000040  00000000  RWIX
  CLB1DATAEXCH          00003200   00000200  00000108  000000f8  RWIX
  CLB2LOGICCFG          00003400   00000052  0000003e  00000014  RWIX
  CLB2LOGICCTRL         00003500   00000040  00000040  00000000  RWIX
  CLB2DATAEXCH          00003600   00000200  00000108  000000f8  RWIX
  CLB3LOGICCFG          00003800   00000052  0000003e  00000014  RWIX
  CLB3LOGICCTRL         00003900   00000040  00000040  00000000  RWIX
  CLB3DATAEXCH          00003a00   00000200  00000108  000000f8  RWIX
  CLB4LOGICCFG          00003c00   00000052  0000003e  00000014  RWIX
  CLB4LOGICCTRL         00003d00   00000040  00000040  00000000  RWIX
  CLB4DATAEXCH          00003e00   00000200  00000108  000000f8  RWIX
  EPWM1                 00004000   00000100  00000100  00000000  RWIX
  EPWM2                 00004100   00000100  00000100  00000000  RWIX
  EPWM3                 00004200   00000100  00000100  00000000  RWIX
  EPWM4                 00004300   00000100  00000100  00000000  RWIX
  EPWM5                 00004400   00000100  00000100  00000000  RWIX
  EPWM6                 00004500   00000100  00000100  00000000  RWIX
  EPWM7                 00004600   00000100  00000100  00000000  RWIX
  EPWM8                 00004700   00000100  00000100  00000000  RWIX
  EPWM9                 00004800   00000100  00000100  00000000  RWIX
  EPWM10                00004900   00000100  00000100  00000000  RWIX
  EPWM11                00004a00   00000100  00000100  00000000  RWIX
  EPWM12                00004b00   00000100  00000100  00000000  RWIX
  ECAP1                 00005000   00000020  0000001a  00000006  RWIX
  ECAP2                 00005020   00000020  0000001a  00000006  RWIX
  ECAP3                 00005040   00000020  0000001a  00000006  RWIX
  ECAP4                 00005060   00000020  0000001a  00000006  RWIX
  ECAP5                 00005080   00000020  0000001a  00000006  RWIX
  ECAP6                 000050a0   00000020  0000001a  00000006  RWIX
  EQEP1                 00005100   00000040  00000022  0000001e  RWIX
  EQEP2                 00005140   00000040  00000022  0000001e  RWIX
  EQEP3                 00005180   00000040  00000022  0000001e  RWIX
  DACA                  00005c00   00000010  00000007  00000009  RWIX
  DACB                  00005c10   00000010  00000007  00000009  RWIX
  DACC                  00005c20   00000010  00000007  00000009  RWIX
  CMPSS1                00005c80   00000020  0000001b  00000005  RWIX
  CMPSS2                00005ca0   00000020  0000001b  00000005  RWIX
  CMPSS3                00005cc0   00000020  0000001b  00000005  RWIX
  CMPSS4                00005ce0   00000020  0000001b  00000005  RWIX
  CMPSS5                00005d00   00000020  0000001b  00000005  RWIX
  CMPSS6                00005d20   00000020  0000001b  00000005  RWIX
  CMPSS7                00005d40   00000020  0000001b  00000005  RWIX
  CMPSS8                00005d60   00000020  0000001b  00000005  RWIX
  SDFM1                 00005e00   00000080  00000048  00000038  RWIX
  SDFM2                 00005e80   00000080  00000048  00000038  RWIX
  MCBSPA                00006000   00000040  00000024  0000001c  RWIX
  MCBSPB                00006040   00000040  00000024  0000001c  RWIX
  SPIA                  00006100   00000010  00000010  00000000  RWIX
  SPIB                  00006110   00000010  00000010  00000000  RWIX
  SPIC                  00006120   00000010  00000010  00000000  RWIX
  SPID                  00006130   00000010  00000000  00000010  RWIX
  UPP                   00006200   00000100  00000048  000000b8  RWIX
  WD                    00007000   00000040  0000002b  00000015  RWIX
  NMIINTRUPT            00007060   00000010  00000007  00000009  RWIX
  XINT                  00007070   00000010  0000000b  00000005  RWIX
  SCIA                  00007200   00000010  00000010  00000000  RWIX
  SCIB                  00007210   00000010  00000010  00000000  RWIX
  SCIC                  00007220   00000010  00000010  00000000  RWIX
  SCID                  00007230   00000010  00000010  00000000  RWIX
  I2CA                  00007300   00000040  00000022  0000001e  RWIX
  I2CB                  00007340   00000040  00000022  0000001e  RWIX
  ADCA                  00007400   00000080  0000007c  00000004  RWIX
  ADCB                  00007480   00000080  0000007c  00000004  RWIX
  ADCC                  00007500   00000080  0000007c  00000004  RWIX
  ADCD                  00007580   00000080  0000007c  00000004  RWIX
  INPUT_XBAR            00007900   00000020  00000020  00000000  RWIX
  XBAR                  00007920   00000020  0000000e  00000012  RWIX
  SYNC_SOC              00007940   00000010  00000006  0000000a  RWIX
  DMACLASRCSEL          00007980   00000040  0000001a  00000026  RWIX
  EPWM_XBAR             00007a00   00000040  00000040  00000000  RWIX
  CLB_XBAR              00007a40   00000040  00000040  00000000  RWIX
  OUTPUT_XBAR           00007a80   00000040  00000040  00000000  RWIX
  GPIOCTRL              00007c00   00000180  00000180  00000000  RWIX
  GPIODAT               00007f00   00000030  00000030  00000000  RWIX
  RAMLS_DATA            0000a000   00001000  00000000  00001000  RWIX
  RAMD0D1               0000b000   00001000  00000000  00001000  RWIX
  RAMGS_IPCBuffCPU1     0000c000   00001000  00000000  00001000  RWIX
  RAMGS_IPCBuffCPU2     0000d000   00001000  00000000  00001000  RWIX
  RAMGS_DATA            0000e000   00007000  000007c7  00006839  RWIX
  CPU2TOCPU1RAM         0003f800   00000400  00000000  00000400  RWIX
  CPU1TOCPU2RAM         0003fc00   00000400  00000000  00000400  RWIX
  EMIF1                 00047000   00000800  00000028  000007d8  RWIX
  EMIF2                 00047800   00000800  00000028  000007d8  RWIX
  CANA                  00048000   00000200  00000164  0000009c  RWIX
  CANB                  0004a000   00000200  00000164  0000009c  RWIX
  IPC                   00050000   00000024  00000024  00000000  RWIX
  FLASHPUMPSEMAPHORE    00050024   00000002  00000002  00000000  RWIX
  DEV_CFG               0005d000   00000180  0000012e  00000052  RWIX
  ANALOG_SUBSYS         0005d180   00000080  0000003e  00000042  RWIX
  CLK_CFG               0005d200   00000100  00000032  000000ce  RWIX
  CPU_SYS               0005d300   00000100  00000082  0000007e  RWIX
  ROMPREFETCH           0005e608   00000002  00000002  00000000  RWIX
  DCSM_Z1               0005f000   00000030  00000022  0000000e  RWIX
  DCSM_Z2               0005f040   00000030  00000022  0000000e  RWIX
  DCSM_COMMON           0005f070   00000010  00000006  0000000a  RWIX
  MEMCFG                0005f400   00000080  00000076  0000000a  RWIX
  EMIF1CONFIG           0005f480   00000020  0000000a  00000016  RWIX
  EMIF2CONFIG           0005f4a0   00000020  0000000a  00000016  RWIX
  ACCESSPROTECTION      0005f4c0   00000040  0000002e  00000012  RWIX
  MEMORYERROR           0005f500   00000040  0000003a  00000006  RWIX
  ROMWAITSTATE          0005f540   00000002  00000002  00000000  RWIX
  FLASH0_CTRL           0005f800   00000300  00000182  0000017e  RWIX
  FLASH0_ECC            0005fb00   00000040  00000028  00000018  RWIX
  UID                   000703c0   00000010  00000010  00000000  RWIX
  DCSM_Z1_OTP           00078000   00000020  00000000  00000020  RWIX
  DCSM_Z2_OTP           00078200   00000020  00000000  00000020  RWIX


SECTION ALLOCATION MAP

 output                                  attributes/
section   page    origin      length       input sections
--------  ----  ----------  ----------   ----------------
codestart 
*          0    00080000    00000002     
                  00080000    00000002     F2837xD_CodeStartBranch.obj (codestart)

.text      0    00080004    00004414     
                  00080004    00001d24     mcb_pmsm_foc_f28379d_dyno.obj (.text)
                  00081d28    00000668     MW_c2000ISR.obj (.text)
                  00082390    00000585     F2837xD_DefaultISR.obj (.text:retain)
                  00082915    000004aa     F2837xD_SysCtrl.obj (.text)
                  00082dbf    0000030a     mcb_pmsm_foc_f28379d_dyno.obj (.text:retain)
                  000830c9    000002da     F2837xD_Ipc_Driver_Lite.obj (.text)
                  000833a3    0000029b     c2837xDBoard_Realtime_Support.obj (.text)
                  0008363e    00000244     F2837xD_Gpio.obj (.text)
                  00083882    00000198     DSP28xx_SciUtil.obj (.text)
                  00083a1a    00000140     MW_c28xx_adc.obj (.text)
                  00083b5a    000000f0     F2837xD_Adc.obj (.text)
                  00083c4a    000000f0     c2837xDBoard_Realtime_Support.obj (.text:retain)
                  00083d3a    000000d1     ert_main.obj (.text)
                  00083e0b    000000c9     MW_c28xx_board.obj (.text)
                  00083ed4    0000009c     MW_c28xx_qep.obj (.text)
                  00083f70    00000092     rt_nonfinite.obj (.text)
                  00084002    0000007c     F2837xD_CpuTimers.obj (.text)
                  0008407e    0000006f     c2837xDSchedulerTimer0.obj (.text)
                  000840ed    0000006c     MW_c28xx_pwm.obj (.text)
                  00084159    0000005a     MW_c28xx_csl.obj (.text)
                  000841b3    00000059     rts2800_fpu32.lib : s_floorf.c.obj (.text)
                  0008420c    00000056                       : boot28.asm.obj (.text)
                  00084262    0000004a     c2837xDSchedulerTimer0.obj (.text:retain)
                  000842ac    00000044     rtGetInf.obj (.text)
                  000842f0    0000002a     rtGetNaN.obj (.text)
                  0008431a    00000029     rts2800_fpu32.lib : exit.c.obj (.text)
                  00084343    00000028     F2837xD_PieCtrl.obj (.text)
                  0008436b    00000026     F2837xD_PieVect.obj (.text)
                  00084391    00000024     rts2800_fpu32.lib : cpy_tbl.c.obj (.text)
                  000843b5    0000001d                       : memcpy.c.obj (.text)
                  000843d2    00000012     MW_c28xGlobalInterrupts.obj (.text)
                  000843e4    00000012     rts2800_fpu32.lib : args_main.c.obj (.text)
                  000843f6    00000009                       : _lock.c.obj (.text)
                  000843ff    00000008     F2837xD_CodeStartBranch.obj (.text)
                  00084407    00000007     memcpy_fast.obj (.text)
                  0008440e    00000007     rts2800_fpu32.lib : memset.c.obj (.text)
                  00084415    00000002                       : pre_init.c.obj (.text)
                  00084417    00000001                       : startup.c.obj (.text)

.econst    0    00085568    00000a16     
                  00085568    000007d4     mcb_pmsm_foc_f28379d_dyno_data.obj (.econst:_mcb_pmsm_foc_f28379d_dyn_ConstP)
                  00085d3c    000001c0     F2837xD_PieVect.obj (.econst:_PieVectTableInit)
                  00085efc    0000007c     mcb_pmsm_foc_f28379d_dyno_data.obj (.econst:_mcb_pmsm_foc_f28379d_dyn_ConstB)
                  00085f78    00000002     rtGetNaN.obj (.econst:_$P$T0$1)
                  00085f7a    00000002     mcb_pmsm_foc_f28379d_dyno.obj (.econst)
                  00085f7c    00000002     rts2800_fpu32.lib : s_floorf.c.obj (.econst)

.switch    0    00085f80    0000005e     
                  00085f80    00000024     c2837xDBoard_Realtime_Support.obj (.switch:_CPU02toCPU01IPC0IntHandler)
                  00085fa4    0000001e     mcb_pmsm_foc_f28379d_dyno.obj (.switch:_mcb_Currentcontrolformotor1)
                  00085fc2    0000001c     c2837xDBoard_Realtime_Support.obj (.switch:_setInXBARForCPU2)

.cinit     0    00085fe0    00000049     
                  00085fe0    0000000f     c2837xDBoard_Realtime_Support.obj (.cinit)
                  00085fef    0000000e     rts2800_fpu32.lib : exit.c.obj (.cinit)
                  00085ffd    00000008     mcb_pmsm_foc_f28379d_dyno.obj (.cinit)
                  00086005    00000006     ert_main.obj (.cinit:_isRateRunning)
                  0008600b    00000006     ert_main.obj (.cinit:_need2runFlags)
                  00086011    00000005     rts2800_fpu32.lib : _lock.c.obj (.cinit:__lock)
                  00086016    00000005                       : _lock.c.obj (.cinit:__unlock)
                  0008601b    00000004     MW_c28xGPIO.obj (.cinit)
                  0008601f    00000004     MW_c28xGlobalInterrupts.obj (.cinit)
                  00086023    00000004     ert_main.obj (.cinit)
                  00086027    00000002     --HOLE-- [fill = 0]

AdcaResultRegsFile 
*          1    00000b00    00000018     UNINITIALIZED
                  00000b00    00000018     F2837xD_GlobalVariableDefs.obj (AdcaResultRegsFile)

AdcbResultRegsFile 
*          1    00000b20    00000018     UNINITIALIZED
                  00000b20    00000018     F2837xD_GlobalVariableDefs.obj (AdcbResultRegsFile)

AdccResultRegsFile 
*          1    00000b40    00000018     UNINITIALIZED
                  00000b40    00000018     F2837xD_GlobalVariableDefs.obj (AdccResultRegsFile)

AdcdResultRegsFile 
*          1    00000b60    00000018     UNINITIALIZED
                  00000b60    00000018     F2837xD_GlobalVariableDefs.obj (AdcdResultRegsFile)

CpuTimer0RegsFile 
*          1    00000c00    00000008     UNINITIALIZED
                  00000c00    00000008     F2837xD_GlobalVariableDefs.obj (CpuTimer0RegsFile)

CpuTimer1RegsFile 
*          1    00000c08    00000008     UNINITIALIZED
                  00000c08    00000008     F2837xD_GlobalVariableDefs.obj (CpuTimer1RegsFile)

CpuTimer2RegsFile 
*          1    00000c10    00000008     UNINITIALIZED
                  00000c10    00000008     F2837xD_GlobalVariableDefs.obj (CpuTimer2RegsFile)

PieCtrlRegsFile 
*          1    00000ce0    0000001a     UNINITIALIZED
                  00000ce0    0000001a     F2837xD_GlobalVariableDefs.obj (PieCtrlRegsFile)

PieVectTableFile 
*          1    00000d00    000001c0     UNINITIALIZED
                  00000d00    000001c0     F2837xD_GlobalVariableDefs.obj (PieVectTableFile)

EmuKeyVar 
*          1    00000d00    00000000     UNINITIALIZED

EmuBModeVar 
*          1    00000d00    00000000     UNINITIALIZED

FlashCallbackVar 
*          1    00000d00    00000000     UNINITIALIZED

FlashScalingVar 
*          1    00000d00    00000000     UNINITIALIZED

Cla1RegsFile 
*          1    00001400    0000003e     UNINITIALIZED
                  00001400    0000003e     F2837xD_GlobalVariableDefs.obj (Cla1RegsFile)

Clb1LogicCfgRegsFile 
*          1    00003000    0000003e     UNINITIALIZED
                  00003000    0000003e     F2837xD_GlobalVariableDefs.obj (Clb1LogicCfgRegsFile)

Clb1LogicCtrlRegsFile 
*          1    00003100    00000040     UNINITIALIZED
                  00003100    00000040     F2837xD_GlobalVariableDefs.obj (Clb1LogicCtrlRegsFile)

Clb2LogicCfgRegsFile 
*          1    00003400    0000003e     UNINITIALIZED
                  00003400    0000003e     F2837xD_GlobalVariableDefs.obj (Clb2LogicCfgRegsFile)

Clb2LogicCtrlRegsFile 
*          1    00003500    00000040     UNINITIALIZED
                  00003500    00000040     F2837xD_GlobalVariableDefs.obj (Clb2LogicCtrlRegsFile)

Clb3LogicCfgRegsFile 
*          1    00003800    0000003e     UNINITIALIZED
                  00003800    0000003e     F2837xD_GlobalVariableDefs.obj (Clb3LogicCfgRegsFile)

Clb3LogicCtrlRegsFile 
*          1    00003900    00000040     UNINITIALIZED
                  00003900    00000040     F2837xD_GlobalVariableDefs.obj (Clb3LogicCtrlRegsFile)

Clb4LogicCfgRegsFile 
*          1    00003c00    0000003e     UNINITIALIZED
                  00003c00    0000003e     F2837xD_GlobalVariableDefs.obj (Clb4LogicCfgRegsFile)

Clb4LogicCtrlRegsFile 
*          1    00003d00    00000040     UNINITIALIZED
                  00003d00    00000040     F2837xD_GlobalVariableDefs.obj (Clb4LogicCtrlRegsFile)

EPwm1RegsFile 
*          1    00004000    00000100     UNINITIALIZED
                  00004000    00000100     F2837xD_GlobalVariableDefs.obj (EPwm1RegsFile)

EPwm2RegsFile 
*          1    00004100    00000100     UNINITIALIZED
                  00004100    00000100     F2837xD_GlobalVariableDefs.obj (EPwm2RegsFile)

EPwm3RegsFile 
*          1    00004200    00000100     UNINITIALIZED
                  00004200    00000100     F2837xD_GlobalVariableDefs.obj (EPwm3RegsFile)

EPwm4RegsFile 
*          1    00004300    00000100     UNINITIALIZED
                  00004300    00000100     F2837xD_GlobalVariableDefs.obj (EPwm4RegsFile)

EPwm5RegsFile 
*          1    00004400    00000100     UNINITIALIZED
                  00004400    00000100     F2837xD_GlobalVariableDefs.obj (EPwm5RegsFile)

EPwm6RegsFile 
*          1    00004500    00000100     UNINITIALIZED
                  00004500    00000100     F2837xD_GlobalVariableDefs.obj (EPwm6RegsFile)

EPwm7RegsFile 
*          1    00004600    00000100     UNINITIALIZED
                  00004600    00000100     F2837xD_GlobalVariableDefs.obj (EPwm7RegsFile)

EPwm8RegsFile 
*          1    00004700    00000100     UNINITIALIZED
                  00004700    00000100     F2837xD_GlobalVariableDefs.obj (EPwm8RegsFile)

EPwm9RegsFile 
*          1    00004800    00000100     UNINITIALIZED
                  00004800    00000100     F2837xD_GlobalVariableDefs.obj (EPwm9RegsFile)

EPwm10RegsFile 
*          1    00004900    00000100     UNINITIALIZED
                  00004900    00000100     F2837xD_GlobalVariableDefs.obj (EPwm10RegsFile)

EPwm11RegsFile 
*          1    00004a00    00000100     UNINITIALIZED
                  00004a00    00000100     F2837xD_GlobalVariableDefs.obj (EPwm11RegsFile)

EPwm12RegsFile 
*          1    00004b00    00000100     UNINITIALIZED
                  00004b00    00000100     F2837xD_GlobalVariableDefs.obj (EPwm12RegsFile)

ECap1RegsFile 
*          1    00005000    0000001a     UNINITIALIZED
                  00005000    0000001a     F2837xD_GlobalVariableDefs.obj (ECap1RegsFile)

ECap2RegsFile 
*          1    00005020    0000001a     UNINITIALIZED
                  00005020    0000001a     F2837xD_GlobalVariableDefs.obj (ECap2RegsFile)

ECap3RegsFile 
*          1    00005040    0000001a     UNINITIALIZED
                  00005040    0000001a     F2837xD_GlobalVariableDefs.obj (ECap3RegsFile)

ECap4RegsFile 
*          1    00005060    0000001a     UNINITIALIZED
                  00005060    0000001a     F2837xD_GlobalVariableDefs.obj (ECap4RegsFile)

ECap5RegsFile 
*          1    00005080    0000001a     UNINITIALIZED
                  00005080    0000001a     F2837xD_GlobalVariableDefs.obj (ECap5RegsFile)

ECap6RegsFile 
*          1    000050a0    0000001a     UNINITIALIZED
                  000050a0    0000001a     F2837xD_GlobalVariableDefs.obj (ECap6RegsFile)

EQep1RegsFile 
*          1    00005100    00000022     UNINITIALIZED
                  00005100    00000022     F2837xD_GlobalVariableDefs.obj (EQep1RegsFile)

EQep2RegsFile 
*          1    00005140    00000022     UNINITIALIZED
                  00005140    00000022     F2837xD_GlobalVariableDefs.obj (EQep2RegsFile)

EQep3RegsFile 
*          1    00005180    00000022     UNINITIALIZED
                  00005180    00000022     F2837xD_GlobalVariableDefs.obj (EQep3RegsFile)

DacaRegsFile 
*          1    00005c00    00000007     UNINITIALIZED
                  00005c00    00000007     F2837xD_GlobalVariableDefs.obj (DacaRegsFile)

DacbRegsFile 
*          1    00005c10    00000007     UNINITIALIZED
                  00005c10    00000007     F2837xD_GlobalVariableDefs.obj (DacbRegsFile)

DaccRegsFile 
*          1    00005c20    00000007     UNINITIALIZED
                  00005c20    00000007     F2837xD_GlobalVariableDefs.obj (DaccRegsFile)

Cmpss1RegsFile 
*          1    00005c80    0000001b     UNINITIALIZED
                  00005c80    0000001b     F2837xD_GlobalVariableDefs.obj (Cmpss1RegsFile)

Cmpss2RegsFile 
*          1    00005ca0    0000001b     UNINITIALIZED
                  00005ca0    0000001b     F2837xD_GlobalVariableDefs.obj (Cmpss2RegsFile)

Cmpss3RegsFile 
*          1    00005cc0    0000001b     UNINITIALIZED
                  00005cc0    0000001b     F2837xD_GlobalVariableDefs.obj (Cmpss3RegsFile)

Cmpss4RegsFile 
*          1    00005ce0    0000001b     UNINITIALIZED
                  00005ce0    0000001b     F2837xD_GlobalVariableDefs.obj (Cmpss4RegsFile)

Cmpss5RegsFile 
*          1    00005d00    0000001b     UNINITIALIZED
                  00005d00    0000001b     F2837xD_GlobalVariableDefs.obj (Cmpss5RegsFile)

Cmpss6RegsFile 
*          1    00005d20    0000001b     UNINITIALIZED
                  00005d20    0000001b     F2837xD_GlobalVariableDefs.obj (Cmpss6RegsFile)

Cmpss7RegsFile 
*          1    00005d40    0000001b     UNINITIALIZED
                  00005d40    0000001b     F2837xD_GlobalVariableDefs.obj (Cmpss7RegsFile)

Cmpss8RegsFile 
*          1    00005d60    0000001b     UNINITIALIZED
                  00005d60    0000001b     F2837xD_GlobalVariableDefs.obj (Cmpss8RegsFile)

I2caRegsFile 
*          1    00007300    00000022     UNINITIALIZED
                  00007300    00000022     F2837xD_GlobalVariableDefs.obj (I2caRegsFile)

I2cbRegsFile 
*          1    00007340    00000022     UNINITIALIZED
                  00007340    00000022     F2837xD_GlobalVariableDefs.obj (I2cbRegsFile)

AdcaRegsFile 
*          1    00007400    0000007c     UNINITIALIZED
                  00007400    0000007c     F2837xD_GlobalVariableDefs.obj (AdcaRegsFile)

AdcbRegsFile 
*          1    00007480    0000007c     UNINITIALIZED
                  00007480    0000007c     F2837xD_GlobalVariableDefs.obj (AdcbRegsFile)

AdccRegsFile 
*          1    00007500    0000007c     UNINITIALIZED
                  00007500    0000007c     F2837xD_GlobalVariableDefs.obj (AdccRegsFile)

AdcdRegsFile 
*          1    00007580    0000007c     UNINITIALIZED
                  00007580    0000007c     F2837xD_GlobalVariableDefs.obj (AdcdRegsFile)

CanaRegsFile 
*          1    00048000    00000164     UNINITIALIZED
                  00048000    00000164     F2837xD_GlobalVariableDefs.obj (CanaRegsFile)

CanbRegsFile 
*          1    0004a000    00000164     UNINITIALIZED
                  0004a000    00000164     F2837xD_GlobalVariableDefs.obj (CanbRegsFile)

AnalogSubsysRegsFile 
*          1    0005d180    0000003e     UNINITIALIZED
                  0005d180    0000003e     F2837xD_GlobalVariableDefs.obj (AnalogSubsysRegsFile)

Cla1SoftIntRegsFile 
*          1    00000ce0    00000000     DSECT

Clb1DataExchRegsFile 
*          1    00003200    00000108     UNINITIALIZED
                  00003200    00000108     F2837xD_GlobalVariableDefs.obj (Clb1DataExchRegsFile)

Clb2DataExchRegsFile 
*          1    00003600    00000108     UNINITIALIZED
                  00003600    00000108     F2837xD_GlobalVariableDefs.obj (Clb2DataExchRegsFile)

Clb3DataExchRegsFile 
*          1    00003a00    00000108     UNINITIALIZED
                  00003a00    00000108     F2837xD_GlobalVariableDefs.obj (Clb3DataExchRegsFile)

Clb4DataExchRegsFile 
*          1    00003e00    00000108     UNINITIALIZED
                  00003e00    00000108     F2837xD_GlobalVariableDefs.obj (Clb4DataExchRegsFile)

Sdfm1RegsFile 
*          1    00005e00    00000048     UNINITIALIZED
                  00005e00    00000048     F2837xD_GlobalVariableDefs.obj (Sdfm1RegsFile)

Sdfm2RegsFile 
*          1    00005e80    00000048     UNINITIALIZED
                  00005e80    00000048     F2837xD_GlobalVariableDefs.obj (Sdfm2RegsFile)

McbspaRegsFile 
*          1    00006000    00000024     UNINITIALIZED
                  00006000    00000024     F2837xD_GlobalVariableDefs.obj (McbspaRegsFile)

McbspbRegsFile 
*          1    00006040    00000024     UNINITIALIZED
                  00006040    00000024     F2837xD_GlobalVariableDefs.obj (McbspbRegsFile)

SpiaRegsFile 
*          1    00006100    00000010     UNINITIALIZED
                  00006100    00000010     F2837xD_GlobalVariableDefs.obj (SpiaRegsFile)

SpibRegsFile 
*          1    00006110    00000010     UNINITIALIZED
                  00006110    00000010     F2837xD_GlobalVariableDefs.obj (SpibRegsFile)

SpicRegsFile 
*          1    00006120    00000010     UNINITIALIZED
                  00006120    00000010     F2837xD_GlobalVariableDefs.obj (SpicRegsFile)

UppRegsFile 
*          1    00006200    00000048     UNINITIALIZED
                  00006200    00000048     F2837xD_GlobalVariableDefs.obj (UppRegsFile)

WdRegsFile 
*          1    00007000    0000002b     UNINITIALIZED
                  00007000    0000002b     F2837xD_GlobalVariableDefs.obj (WdRegsFile)

NmiIntruptRegsFile 
*          1    00007060    00000007     UNINITIALIZED
                  00007060    00000007     F2837xD_GlobalVariableDefs.obj (NmiIntruptRegsFile)

XintRegsFile 
*          1    00007070    0000000b     UNINITIALIZED
                  00007070    0000000b     F2837xD_GlobalVariableDefs.obj (XintRegsFile)

SciaRegsFile 
*          1    00007200    00000010     UNINITIALIZED
                  00007200    00000010     F2837xD_GlobalVariableDefs.obj (SciaRegsFile)

ScibRegsFile 
*          1    00007210    00000010     UNINITIALIZED
                  00007210    00000010     F2837xD_GlobalVariableDefs.obj (ScibRegsFile)

ScicRegsFile 
*          1    00007220    00000010     UNINITIALIZED
                  00007220    00000010     F2837xD_GlobalVariableDefs.obj (ScicRegsFile)

ScidRegsFile 
*          1    00007230    00000010     UNINITIALIZED
                  00007230    00000010     F2837xD_GlobalVariableDefs.obj (ScidRegsFile)

InputXbarRegsFile 
*          1    00007900    00000020     UNINITIALIZED
                  00007900    00000020     F2837xD_GlobalVariableDefs.obj (InputXbarRegsFile)

XbarRegsFile 
*          1    00007920    0000000e     UNINITIALIZED
                  00007920    0000000e     F2837xD_GlobalVariableDefs.obj (XbarRegsFile)

SyncSocRegsFile 
*          1    00007940    00000006     UNINITIALIZED
                  00007940    00000006     F2837xD_GlobalVariableDefs.obj (SyncSocRegsFile)

EPwmXbarRegsFile 
*          1    00007a00    00000040     UNINITIALIZED
                  00007a00    00000040     F2837xD_GlobalVariableDefs.obj (EPwmXbarRegsFile)

ClbXbarRegsFile 
*          1    00007a40    00000040     UNINITIALIZED
                  00007a40    00000040     F2837xD_GlobalVariableDefs.obj (ClbXbarRegsFile)

OutputXbarRegsFile 
*          1    00007a80    00000040     UNINITIALIZED
                  00007a80    00000040     F2837xD_GlobalVariableDefs.obj (OutputXbarRegsFile)

GpioCtrlRegsFile 
*          1    00007c00    00000180     UNINITIALIZED
                  00007c00    00000180     F2837xD_GlobalVariableDefs.obj (GpioCtrlRegsFile)

GpioDataRegsFile 
*          1    00007f00    00000030     UNINITIALIZED
                  00007f00    00000030     F2837xD_GlobalVariableDefs.obj (GpioDataRegsFile)

IpcRegsFile 
*          1    00050000    00000024     UNINITIALIZED
                  00050000    00000024     F2837xD_GlobalVariableDefs.obj (IpcRegsFile)

FlashPumpSemaphoreRegsFile 
*          1    00050024    00000002     UNINITIALIZED
                  00050024    00000002     F2837xD_GlobalVariableDefs.obj (FlashPumpSemaphoreRegsFile)

RomPrefetchRegsFile 
*          1    0005e608    00000002     UNINITIALIZED
                  0005e608    00000002     F2837xD_GlobalVariableDefs.obj (RomPrefetchRegsFile)

DcsmZ1RegsFile 
*          1    0005f000    00000022     UNINITIALIZED
                  0005f000    00000022     F2837xD_GlobalVariableDefs.obj (DcsmZ1RegsFile)

DcsmZ2RegsFile 
*          1    0005f040    00000022     UNINITIALIZED
                  0005f040    00000022     F2837xD_GlobalVariableDefs.obj (DcsmZ2RegsFile)

DcsmCommonRegsFile 
*          1    0005f070    00000006     UNINITIALIZED
                  0005f070    00000006     F2837xD_GlobalVariableDefs.obj (DcsmCommonRegsFile)

DmaRegsFile 
*          1    00001000    000000e0     UNINITIALIZED
                  00001000    000000e0     F2837xD_GlobalVariableDefs.obj (DmaRegsFile)

DmaClaSrcSelRegsFile 
*          1    00007980    0000001a     UNINITIALIZED
                  00007980    0000001a     F2837xD_GlobalVariableDefs.obj (DmaClaSrcSelRegsFile)

Emif1RegsFile 
*          1    00047000    00000028     UNINITIALIZED
                  00047000    00000028     F2837xD_GlobalVariableDefs.obj (Emif1RegsFile)

Emif2RegsFile 
*          1    00047800    00000028     UNINITIALIZED
                  00047800    00000028     F2837xD_GlobalVariableDefs.obj (Emif2RegsFile)

MemCfgRegsFile 
*          1    0005f400    00000076     UNINITIALIZED
                  0005f400    00000076     F2837xD_GlobalVariableDefs.obj (MemCfgRegsFile)

Emif1ConfigRegsFile 
*          1    0005f480    0000000a     UNINITIALIZED
                  0005f480    0000000a     F2837xD_GlobalVariableDefs.obj (Emif1ConfigRegsFile)

Emif2ConfigRegsFile 
*          1    0005f4a0    0000000a     UNINITIALIZED
                  0005f4a0    0000000a     F2837xD_GlobalVariableDefs.obj (Emif2ConfigRegsFile)

AccessProtectionRegsFile 
*          1    0005f4c0    0000002e     UNINITIALIZED
                  0005f4c0    0000002e     F2837xD_GlobalVariableDefs.obj (AccessProtectionRegsFile)

MemoryErrorRegsFile 
*          1    0005f500    0000003a     UNINITIALIZED
                  0005f500    0000003a     F2837xD_GlobalVariableDefs.obj (MemoryErrorRegsFile)

RomWaitStateRegsFile 
*          1    0005f540    00000002     UNINITIALIZED
                  0005f540    00000002     F2837xD_GlobalVariableDefs.obj (RomWaitStateRegsFile)

Flash0CtrlRegsFile 
*          1    0005f800    00000182     UNINITIALIZED
                  0005f800    00000182     F2837xD_GlobalVariableDefs.obj (Flash0CtrlRegsFile)

Flash0EccRegsFile 
*          1    0005fb00    00000028     UNINITIALIZED
                  0005fb00    00000028     F2837xD_GlobalVariableDefs.obj (Flash0EccRegsFile)

DevCfgRegsFile 
*          1    0005d000    0000012e     UNINITIALIZED
                  0005d000    0000012e     F2837xD_GlobalVariableDefs.obj (DevCfgRegsFile)

ClkCfgRegsFile 
*          1    0005d200    00000032     UNINITIALIZED
                  0005d200    00000032     F2837xD_GlobalVariableDefs.obj (ClkCfgRegsFile)

CpuSysRegsFile 
*          1    0005d300    00000082     UNINITIALIZED
                  0005d300    00000082     F2837xD_GlobalVariableDefs.obj (CpuSysRegsFile)

UidRegsFile 
*          1    000703c0    00000010     UNINITIALIZED
                  000703c0    00000010     F2837xD_GlobalVariableDefs.obj (UidRegsFile)

.pinit     0    00080004    00000000     UNINITIALIZED

ramfuncs   0    00084418    0000114f     RUN ADDR = 00008000
                  00084418    0000114f     mcb_pmsm_foc_f28379d_dyno.obj (ramfuncs)

.TI.ramfunc 
*          0    0008602c    0000003f     RUN ADDR = 00009150
                  0008602c    00000037     F2837xD_SysCtrl.obj (.TI.ramfunc)
                  00086063    00000004     F2837xD_usDelay.obj (.TI.ramfunc)
                  00086067    00000004     sysctl.obj (.TI.ramfunc)

.stack     1    00000122    00000400     UNINITIALIZED
                  00000122    00000400     --HOLE--

.reset     0    003fffc0    00000002     DSECT
                  003fffc0    00000002     rts2800_fpu32.lib : boot28.asm.obj (.reset)

GETBUFFER 
*          0    0003f800    00000000     DSECT

GETWRITEIDX 
*          0    0003f800    00000000     DSECT

PUTREADIDX 
*          0    0003f800    00000000     DSECT

WRITEFLAG1CPU2 
*          0    0003f800    00000000     DSECT

WRITEFLAG2CPU2 
*          0    0003f800    00000000     DSECT

READFLAG1CPU2 
*          0    0003f800    00000000     DSECT

READFLAG2CPU2 
*          0    0003f800    00000000     DSECT

.ebss      1    0000e000    000007c7     UNINITIALIZED
                  0000e000    00000782     mcb_pmsm_foc_f28379d_dyno.obj (.ebss)
                  0000e782    00000018     F2837xD_CpuTimers.obj (.ebss)
                  0000e79a    0000000c     rt_nonfinite.obj (.ebss)
                  0000e7a6    00000008     c2837xDBoard_Realtime_Support.obj (.ebss)
                  0000e7ae    00000006     rts2800_fpu32.lib : exit.c.obj (.ebss)
                  0000e7b4    00000004     DSP28xx_SciUtil.obj (.ebss)
                  0000e7b8    00000003     ert_main.obj (.ebss:_isRateRunning)
                  0000e7bb    00000003     ert_main.obj (.ebss:_need2runFlags)
                  0000e7be    00000002     rts2800_fpu32.lib : _lock.c.obj (.ebss:__lock)
                  0000e7c0    00000003     ert_main.obj (.ebss)
                  0000e7c3    00000001     MW_c28xGPIO.obj (.ebss)
                  0000e7c4    00000002     rts2800_fpu32.lib : _lock.c.obj (.ebss:__unlock)
                  0000e7c6    00000001     MW_c28xGlobalInterrupts.obj (.ebss)

MODULE SUMMARY

       Module                               code    initialized data   uninitialized data
       ------                               ----    ----------------   ------------------
    <current directory>
       mcb_pmsm_foc_f28379d_dyno.obj        17100   40                 1922              
       F2837xD_GlobalVariableDefs.obj       0       0                  9870              
       mcb_pmsm_foc_f28379d_dyno_data.obj   0       2128               0                 
       MW_c2000ISR.obj                      1640    0                  0                 
       F2837xD_DefaultISR.obj               1413    0                  0                 
       F2837xD_SysCtrl.obj                  1304    0                  0                 
       c2837xDBoard_Realtime_Support.obj    907     79                 8                 
       F2837xD_Ipc_Driver_Lite.obj          730     0                  0                 
       F2837xD_Gpio.obj                     580     0                  0                 
       F2837xD_PieVect.obj                  38      448                0                 
       DSP28xx_SciUtil.obj                  408     0                  4                 
       MW_c28xx_adc.obj                     320     0                  0                 
       F2837xD_Adc.obj                      240     0                  0                 
       ert_main.obj                         209     16                 9                 
       MW_c28xx_board.obj                   201     0                  0                 
       c2837xDSchedulerTimer0.obj           185     0                  0                 
       rt_nonfinite.obj                     146     0                  12                
       MW_c28xx_qep.obj                     156     0                  0                 
       F2837xD_CpuTimers.obj                124     0                  24                
       MW_c28xx_pwm.obj                     108     0                  0                 
       MW_c28xx_csl.obj                     90      0                  0                 
       rtGetInf.obj                         68      0                  0                 
       rtGetNaN.obj                         42      2                  0                 
       F2837xD_PieCtrl.obj                  40      0                  0                 
       MW_c28xGlobalInterrupts.obj          18      4                  1                 
       F2837xD_CodeStartBranch.obj          10      0                  0                 
       F2837xD_usDelay.obj                  8       0                  0                 
       sysctl.obj                           8       0                  0                 
       memcpy_fast.obj                      7       0                  0                 
       MW_c28xGPIO.obj                      0       4                  1                 
    +--+------------------------------------+-------+------------------+--------------------+
       Total:                               26100   2721               11851             
                                                                                         
    C:/PROGRA~3/MATLAB/tic2000/3P778C~1.INS/TIC28X~1.INS/TI-CGT~1.LTS/lib/rts2800_fpu32.lib
       s_floorf.c.obj                       89      2                  0                 
       boot28.asm.obj                       86      0                  0                 
       exit.c.obj                           41      14                 6                 
       cpy_tbl.c.obj                        36      0                  0                 
       memcpy.c.obj                         29      0                  0                 
       _lock.c.obj                          9       10                 4                 
       args_main.c.obj                      18      0                  0                 
       memset.c.obj                         7       0                  0                 
       pre_init.c.obj                       2       0                  0                 
       startup.c.obj                        1       0                  0                 
    +--+------------------------------------+-------+------------------+--------------------+
       Total:                               318     26                 10                
                                                                                         
       Stack:                               0       0                  1024              
    +--+------------------------------------+-------+------------------+--------------------+
       Grand Total:                         26418   2747               12885             


GLOBAL DATA SYMBOLS: SORTED BY DATA PAGE

address     data page           name
--------    ----------------    ----
00000122       4 (00000100)     __stack

00000b00      2c (00000b00)     _AdcaResultRegs
00000b20      2c (00000b00)     _AdcbResultRegs

00000b40      2d (00000b40)     _AdccResultRegs
00000b60      2d (00000b40)     _AdcdResultRegs

00000c00      30 (00000c00)     _CpuTimer0Regs
00000c08      30 (00000c00)     _CpuTimer1Regs
00000c10      30 (00000c00)     _CpuTimer2Regs

00000ce0      33 (00000cc0)     _PieCtrlRegs

00000d00      34 (00000d00)     _PieVectTable

00001000      40 (00001000)     _DmaRegs

00001400      50 (00001400)     _Cla1Regs

00003000      c0 (00003000)     _Clb1LogicCfgRegs

00003100      c4 (00003100)     _Clb1LogicCtrlRegs

00003200      c8 (00003200)     _Clb1DataExchRegs

00003400      d0 (00003400)     _Clb2LogicCfgRegs

00003500      d4 (00003500)     _Clb2LogicCtrlRegs

00003600      d8 (00003600)     _Clb2DataExchRegs

00003800      e0 (00003800)     _Clb3LogicCfgRegs

00003900      e4 (00003900)     _Clb3LogicCtrlRegs

00003a00      e8 (00003a00)     _Clb3DataExchRegs

00003c00      f0 (00003c00)     _Clb4LogicCfgRegs

00003d00      f4 (00003d00)     _Clb4LogicCtrlRegs

00003e00      f8 (00003e00)     _Clb4DataExchRegs

00004000     100 (00004000)     _EPwm1Regs

00004100     104 (00004100)     _EPwm2Regs

00004200     108 (00004200)     _EPwm3Regs

00004300     10c (00004300)     _EPwm4Regs

00004400     110 (00004400)     _EPwm5Regs

00004500     114 (00004500)     _EPwm6Regs

00004600     118 (00004600)     _EPwm7Regs

00004700     11c (00004700)     _EPwm8Regs

00004800     120 (00004800)     _EPwm9Regs

00004900     124 (00004900)     _EPwm10Regs

00004a00     128 (00004a00)     _EPwm11Regs

00004b00     12c (00004b00)     _EPwm12Regs

00005000     140 (00005000)     _ECap1Regs
00005020     140 (00005000)     _ECap2Regs

00005040     141 (00005040)     _ECap3Regs
00005060     141 (00005040)     _ECap4Regs

00005080     142 (00005080)     _ECap5Regs
000050a0     142 (00005080)     _ECap6Regs

00005100     144 (00005100)     _EQep1Regs

00005140     145 (00005140)     _EQep2Regs

00005180     146 (00005180)     _EQep3Regs

00005c00     170 (00005c00)     _DacaRegs
00005c10     170 (00005c00)     _DacbRegs
00005c20     170 (00005c00)     _DaccRegs

00005c80     172 (00005c80)     _Cmpss1Regs
00005ca0     172 (00005c80)     _Cmpss2Regs

00005cc0     173 (00005cc0)     _Cmpss3Regs
00005ce0     173 (00005cc0)     _Cmpss4Regs

00005d00     174 (00005d00)     _Cmpss5Regs
00005d20     174 (00005d00)     _Cmpss6Regs

00005d40     175 (00005d40)     _Cmpss7Regs
00005d60     175 (00005d40)     _Cmpss8Regs

00005e00     178 (00005e00)     _Sdfm1Regs

00005e80     17a (00005e80)     _Sdfm2Regs

00006000     180 (00006000)     _McbspaRegs

00006040     181 (00006040)     _McbspbRegs

00006100     184 (00006100)     _SpiaRegs
00006110     184 (00006100)     _SpibRegs
00006120     184 (00006100)     _SpicRegs

00006200     188 (00006200)     _UppRegs

00007000     1c0 (00007000)     _WdRegs

00007060     1c1 (00007040)     _NmiIntruptRegs
00007070     1c1 (00007040)     _XintRegs

00007200     1c8 (00007200)     _SciaRegs
00007210     1c8 (00007200)     _ScibRegs
00007220     1c8 (00007200)     _ScicRegs
00007230     1c8 (00007200)     _ScidRegs

00007300     1cc (00007300)     _I2caRegs

00007340     1cd (00007340)     _I2cbRegs

00007400     1d0 (00007400)     _AdcaRegs

00007480     1d2 (00007480)     _AdcbRegs

00007500     1d4 (00007500)     _AdccRegs

00007580     1d6 (00007580)     _AdcdRegs

00007900     1e4 (00007900)     _InputXbarRegs
00007920     1e4 (00007900)     _XbarRegs

00007940     1e5 (00007940)     _SyncSocRegs

00007980     1e6 (00007980)     _DmaClaSrcSelRegs

00007a00     1e8 (00007a00)     _EPwmXbarRegs

00007a40     1e9 (00007a40)     _ClbXbarRegs

00007a80     1ea (00007a80)     _OutputXbarRegs

00007c00     1f0 (00007c00)     _GpioCtrlRegs

00007f00     1fc (00007f00)     _GpioDataRegs

0000e000     380 (0000e000)     _MW_adcCInitFlag
0000e001     380 (0000e000)     _MW_adcBInitFlag

0000e040     381 (0000e040)     _mcb_pmsm_foc_f28379d_dyno_DWork

0000e180     386 (0000e180)     _mcb_pmsm_foc_f28379d_dyno_B

0000e782     39e (0000e780)     _CpuTimer0
0000e78a     39e (0000e780)     _CpuTimer1
0000e792     39e (0000e780)     _CpuTimer2
0000e79a     39e (0000e780)     _rtInf
0000e79c     39e (0000e780)     _rtMinusInf
0000e79e     39e (0000e780)     _rtNaN
0000e7a0     39e (0000e780)     _rtInfF
0000e7a2     39e (0000e780)     _rtMinusInfF
0000e7a4     39e (0000e780)     _rtNaNF
0000e7a6     39e (0000e780)     _ErrorFlag
0000e7a8     39e (0000e780)     _CIPC0_INT_fptr
0000e7aa     39e (0000e780)     _mwInitStart
0000e7ac     39e (0000e780)     _mwInitEnd
0000e7ae     39e (0000e780)     ___TI_enable_exit_profile_output
0000e7b0     39e (0000e780)     ___TI_cleanup_ptr
0000e7b2     39e (0000e780)     ___TI_dtors_ptr
0000e7b4     39e (0000e780)     _checkSCITransmitInProgressA
0000e7b5     39e (0000e780)     _frameA1Transmitted
0000e7b6     39e (0000e780)     _frameA1Count
0000e7b8     39e (0000e780)     _isRateRunning
0000e7bb     39e (0000e780)     _need2runFlags
0000e7be     39e (0000e780)     __lock

0000e7c0     39f (0000e7c0)     _IsrOverrun
0000e7c1     39f (0000e7c0)     _stopRequested
0000e7c2     39f (0000e7c0)     _runModel
0000e7c3     39f (0000e7c0)     _GPIO_oneTimeInit
0000e7c4     39f (0000e7c0)     __unlock
0000e7c6     39f (0000e7c0)     _MW_InterruptDisableLock

00047000    11c0 (00047000)     _Emif1Regs

00047800    11e0 (00047800)     _Emif2Regs

00048000    1200 (00048000)     _CanaRegs

0004a000    1280 (0004a000)     _CanbRegs

00050000    1400 (00050000)     _IpcRegs
00050024    1400 (00050000)     _FlashPumpSemaphoreRegs

0005d000    1740 (0005d000)     _DevCfgRegs

0005d180    1746 (0005d180)     _AnalogSubsysRegs

0005d200    1748 (0005d200)     _ClkCfgRegs

0005d300    174c (0005d300)     _CpuSysRegs

0005e608    1798 (0005e600)     _RomPrefetchRegs

0005f000    17c0 (0005f000)     _DcsmZ1Regs

0005f040    17c1 (0005f040)     _DcsmZ2Regs
0005f070    17c1 (0005f040)     _DcsmCommonRegs

0005f400    17d0 (0005f400)     _MemCfgRegs

0005f480    17d2 (0005f480)     _Emif1ConfigRegs
0005f4a0    17d2 (0005f480)     _Emif2ConfigRegs

0005f4c0    17d3 (0005f4c0)     _AccessProtectionRegs

0005f500    17d4 (0005f500)     _MemoryErrorRegs

0005f540    17d5 (0005f540)     _RomWaitStateRegs

0005f800    17e0 (0005f800)     _Flash0CtrlRegs

0005fb00    17ec (0005fb00)     _Flash0EccRegs

000703c0    1c0f (000703c0)     _UidRegs

00085568    2155 (00085540)     _mcb_pmsm_foc_f28379d_dyn_ConstP

00085d3c    2174 (00085d00)     _PieVectTableInit

00085efc    217b (00085ec0)     _mcb_pmsm_foc_f28379d_dyn_ConstB

00085f7a    217d (00085f40)     _mcb_pmsm_foc_f28379d_dyno_M


GLOBAL SYMBOLS: SORTED ALPHABETICALLY BY Name 

page  address   name                                               
----  -------   ----                                               
0     00080004  .text                                              
0     0008431a  C$$EXIT                                            
0     0008244e  _ADCA1_ISR                                         
0     000826ce  _ADCA2_ISR                                         
0     000826d8  _ADCA3_ISR                                         
0     000826e2  _ADCA4_ISR                                         
0     000826c4  _ADCA_EVT_ISR                                      
0     00082dbf  _ADCB1_INT                                         
0     00082458  _ADCB1_ISR                                         
0     000826f6  _ADCB2_ISR                                         
0     00082700  _ADCB3_ISR                                         
0     0008270a  _ADCB4_ISR                                         
0     000826ec  _ADCB_EVT_ISR                                      
0     00082eb0  _ADCC1_INT                                         
0     00082462  _ADCC1_ISR                                         
0     0008285e  _ADCC2_ISR                                         
0     00082868  _ADCC3_ISR                                         
0     00082872  _ADCC4_ISR                                         
0     00082854  _ADCC_EVT_ISR                                      
0     00082480  _ADCD1_ISR                                         
0     00082886  _ADCD2_ISR                                         
0     00082890  _ADCD3_ISR                                         
0     0008289a  _ADCD4_ISR                                         
0     0008287c  _ADCD_EVT_ISR                                      
0     000828d6  _AUX_PLL_SLIP_ISR                                  
1     0005f4c0  _AccessProtectionRegs                              
0     00083b5a  _AdcSetMode                                        
1     00007400  _AdcaRegs                                          
1     00000b00  _AdcaResultRegs                                    
1     00007480  _AdcbRegs                                          
1     00000b20  _AdcbResultRegs                                    
1     00007500  _AdccRegs                                          
1     00000b40  _AdccResultRegs                                    
1     00007580  _AdcdRegs                                          
1     00000b60  _AdcdResultRegs                                    
1     0005d180  _AnalogSubsysRegs                                  
0     00082d4e  _AuxAuxClkSel                                      
0     00082d38  _AuxIntOsc2Sel                                     
0     00082d42  _AuxXtalOscSel                                     
0     0008269c  _CANA0_ISR                                         
0     000826a6  _CANA1_ISR                                         
0     000826b0  _CANB0_ISR                                         
0     000826ba  _CANB1_ISR                                         
1     0000e7a8  _CIPC0_INT_fptr                                    
0     00082714  _CLA1_1_ISR                                        
0     0008271e  _CLA1_2_ISR                                        
0     00082728  _CLA1_3_ISR                                        
0     00082732  _CLA1_4_ISR                                        
0     0008273c  _CLA1_5_ISR                                        
0     00082746  _CLA1_6_ISR                                        
0     00082750  _CLA1_7_ISR                                        
0     0008275a  _CLA1_8_ISR                                        
0     000828e0  _CLA_OVERFLOW_ISR                                  
0     000828ea  _CLA_UNDERFLOW_ISR                                 
0     00083c4a  _CPU02toCPU01IPC0IntHandler                        
0     00083c10  _CalAdcINL                                         
1     00048000  _CanaRegs                                          
1     0004a000  _CanbRegs                                          
1     00001400  _Cla1Regs                                          
1     00003200  _Clb1DataExchRegs                                  
1     00003000  _Clb1LogicCfgRegs                                  
1     00003100  _Clb1LogicCtrlRegs                                 
1     00003600  _Clb2DataExchRegs                                  
1     00003400  _Clb2LogicCfgRegs                                  
1     00003500  _Clb2LogicCtrlRegs                                 
1     00003a00  _Clb3DataExchRegs                                  
1     00003800  _Clb3LogicCfgRegs                                  
1     00003900  _Clb3LogicCtrlRegs                                 
1     00003e00  _Clb4DataExchRegs                                  
1     00003c00  _Clb4LogicCfgRegs                                  
1     00003d00  _Clb4LogicCtrlRegs                                 
1     00007a40  _ClbXbarRegs                                       
1     0005d200  _ClkCfgRegs                                        
1     00005c80  _Cmpss1Regs                                        
1     00005ca0  _Cmpss2Regs                                        
1     00005cc0  _Cmpss3Regs                                        
1     00005ce0  _Cmpss4Regs                                        
1     00005d00  _Cmpss5Regs                                        
1     00005d20  _Cmpss6Regs                                        
1     00005d40  _Cmpss7Regs                                        
1     00005d60  _Cmpss8Regs                                        
0     00084043  _ConfigCpuTimer                                    
0     00082da2  _ConfigureTMXAnalogTrim                            
1     0005d300  _CpuSysRegs                                        
1     0000e782  _CpuTimer0                                         
1     00000c00  _CpuTimer0Regs                                     
1     0000e78a  _CpuTimer1                                         
1     00000c08  _CpuTimer1Regs                                     
1     0000e792  _CpuTimer2                                         
1     00000c10  _CpuTimer2Regs                                     
0     00082ce3  _CsmUnlock                                         
0     00008a3c  _Currentcontrolfor_j_Disable                       
0     00008000  _Currentcontrolformo_Disable                       
0     00080886  _Currentcontrolformo_a_Reset                       
0     00080649  _Currentcontrolformot_p_Init                       
0     00080645  _Currentcontrolformoto_Reset                       
0     00080439  _Currentcontrolformotor_Init                       
0     000823a4  _DATALOG_ISR                                       
0     000825e8  _DMA_CH1_ISR                                       
0     000825f2  _DMA_CH2_ISR                                       
0     000825fc  _DMA_CH3_ISR                                       
0     00082606  _DMA_CH4_ISR                                       
0     00082610  _DMA_CH5_ISR                                       
0     0008261a  _DMA_CH6_ISR                                       
1     00005c00  _DacaRegs                                          
1     00005c10  _DacbRegs                                          
1     00005c20  _DaccRegs                                          
1     0005f070  _DcsmCommonRegs                                    
1     0005f000  _DcsmZ1Regs                                        
1     0005f040  _DcsmZ2Regs                                        
0     0008339c  _DelayLoop                                         
1     0005d000  _DevCfgRegs                                        
0     000829f8  _DisableDog                                        
0     000829b9  _DisablePeripheralClocks                           
1     00007980  _DmaClaSrcSelRegs                                  
1     00001000  _DmaRegs                                           
0     0008253e  _ECAP1_ISR                                         
0     00082548  _ECAP2_ISR                                         
0     00082552  _ECAP3_ISR                                         
0     0008255c  _ECAP4_ISR                                         
0     00082566  _ECAP5_ISR                                         
0     00082570  _ECAP6_ISR                                         
1     00005000  _ECap1Regs                                         
1     00005020  _ECap2Regs                                         
1     00005040  _ECap3Regs                                         
1     00005060  _ECap4Regs                                         
1     00005080  _ECap5Regs                                         
1     000050a0  _ECap6Regs                                         
0     000828a4  _EMIF_ERROR_ISR                                    
0     000828fe  _EMPTY_ISR                                         
0     000823b8  _EMU_ISR                                           
0     000827fa  _EPWM10_ISR                                        
0     000827d2  _EPWM10_TZ_ISR                                     
0     00082804  _EPWM11_ISR                                        
0     000827dc  _EPWM11_TZ_ISR                                     
0     0008280e  _EPWM12_ISR                                        
0     000827e6  _EPWM12_TZ_ISR                                     
0     000824ee  _EPWM1_ISR                                         
0     0008249e  _EPWM1_TZ_ISR                                      
0     000824f8  _EPWM2_ISR                                         
0     000824a8  _EPWM2_TZ_ISR                                      
0     00082502  _EPWM3_ISR                                         
0     000824b2  _EPWM3_TZ_ISR                                      
0     0008250c  _EPWM4_ISR                                         
0     000824bc  _EPWM4_TZ_ISR                                      
0     00082516  _EPWM5_ISR                                         
0     000824c6  _EPWM5_TZ_ISR                                      
0     00082520  _EPWM6_ISR                                         
0     000824d0  _EPWM6_TZ_ISR                                      
0     0008252a  _EPWM7_ISR                                         
0     000824da  _EPWM7_TZ_ISR                                      
0     00082534  _EPWM8_ISR                                         
0     000824e4  _EPWM8_TZ_ISR                                      
0     000827f0  _EPWM9_ISR                                         
0     000827c8  _EPWM9_TZ_ISR                                      
1     00004900  _EPwm10Regs                                        
1     00004a00  _EPwm11Regs                                        
1     00004b00  _EPwm12Regs                                        
1     00004000  _EPwm1Regs                                         
1     00004100  _EPwm2Regs                                         
1     00004200  _EPwm3Regs                                         
1     00004300  _EPwm4Regs                                         
1     00004400  _EPwm5Regs                                         
1     00004500  _EPwm6Regs                                         
1     00004600  _EPwm7Regs                                         
1     00004700  _EPwm8Regs                                         
1     00004800  _EPwm9Regs                                         
1     00007a00  _EPwmXbarRegs                                      
0     0008257a  _EQEP1_ISR                                         
0     00082584  _EQEP2_ISR                                         
0     0008258e  _EQEP3_ISR                                         
1     00005100  _EQep1Regs                                         
1     00005140  _EQep2Regs                                         
1     00005180  _EQep3Regs                                         
1     0005f480  _Emif1ConfigRegs                                   
1     00047000  _Emif1Regs                                         
1     0005f4a0  _Emif2ConfigRegs                                   
1     00047800  _Emif2Regs                                         
0     00084362  _EnableInterrupts                                  
1     0000e7a6  _ErrorFlag                                         
0     00009187  _F28x_usDelay                                      
0     000828b8  _FLASH_CORRECTABLE_ERROR_ISR                       
0     0008278c  _FPU_OVERFLOW_ISR                                  
0     00082796  _FPU_UNDERFLOW_ISR                                 
1     0005f800  _Flash0CtrlRegs                                    
1     0005fb00  _Flash0EccRegs                                     
0     00009179  _FlashOff                                          
1     00050024  _FlashPumpSemaphoreRegs                            
0     00083837  _GPIO_EnableUnbondedIOPullups                      
0     00083812  _GPIO_EnableUnbondedIOPullupsFor100Pin             
0     000837f9  _GPIO_EnableUnbondedIOPullupsFor176Pin             
0     0008384d  _GPIO_ReadPin                                      
0     0008379e  _GPIO_SetupLock                                    
0     0008367e  _GPIO_SetupPinMux                                  
0     0008370a  _GPIO_SetupPinOptions                              
0     000837c7  _GPIO_SetupXINT1Gpio                               
0     000837d1  _GPIO_SetupXINT2Gpio                               
0     000837db  _GPIO_SetupXINT3Gpio                               
0     000837e5  _GPIO_SetupXINT4Gpio                               
0     000837ef  _GPIO_SetupXINT5Gpio                               
0     00083864  _GPIO_WritePin                                     
1     0000e7c3  _GPIO_oneTimeInit                                  
1     00007c00  _GpioCtrlRegs                                      
1     00007f00  _GpioDataRegs                                      
0     00082d6c  _HALT                                              
0     00082d85  _HIB                                               
0     00082373  _HWI_TIC28x_AcknowledgeIrq                         
0     00081d28  _HWI_TIC28x_ConfigureIRQ                           
0     00081f7a  _HWI_TIC28x_DisableIRQ                             
0     00081d41  _HWI_TIC28x_EnableIRQ                              
0     000821ca  _HWI_TIC28x_EnablePendingIRQ                       
0     0008262e  _I2CA_FIFO_ISR                                     
0     00082624  _I2CA_ISR                                          
0     00082642  _I2CB_FIFO_ISR                                     
0     00082638  _I2CB_ISR                                          
1     00007300  _I2caRegs                                          
1     00007340  _I2cbRegs                                          
0     00082d58  _IDLE                                              
0     000823cc  _ILLEGAL_ISR                                       
0     000827a0  _IPC0_ISR                                          
0     000827aa  _IPC1_ISR                                          
0     000827b4  _IPC2_ISR                                          
0     000827be  _IPC3_ISR                                          
0     0008315b  _IPCLiteLtoRClearBits                              
0     00083185  _IPCLiteLtoRClearBits_Protected                    
0     000830e4  _IPCLiteLtoRDataRead                               
0     000831af  _IPCLiteLtoRDataWrite                              
0     000831d4  _IPCLiteLtoRDataWrite_Protected                    
0     000831f9  _IPCLiteLtoRFunctionCall                           
0     000830c9  _IPCLiteLtoRGetResult                              
0     00083107  _IPCLiteLtoRSetBits                                
0     00083131  _IPCLiteLtoRSetBits_Protected                      
0     00083215  _IPCLiteReqMemAccess                               
0     000832bf  _IPCLiteRtoLClearBits                              
0     000832ef  _IPCLiteRtoLClearBits_Protected                    
0     00083239  _IPCLiteRtoLDataRead                               
0     00083322  _IPCLiteRtoLDataWrite                              
0     0008334f  _IPCLiteRtoLDataWrite_Protected                    
0     0008337f  _IPCLiteRtoLFunctionCall                           
0     00083260  _IPCLiteRtoLSetBits                                
0     0008328e  _IPCLiteRtoLSetBits_Protected                      
0     00083b20  _InitAdcB                                          
0     00083b3d  _InitAdcC                                          
0     00082bf4  _InitAuxPll                                        
0     00084002  _InitCpuTimers                                     
0     00009150  _InitFlash                                         
0     0008363e  _InitGpio                                          
0     00082935  _InitPeripheralClocks                              
0     00084343  _InitPieCtrl                                       
0     0008436b  _InitPieVectTable                                  
0     00082915  _InitSysCtrl                                       
0     00082a06  _InitSysPll                                        
1     00007900  _InputXbarRegs                                     
1     00050000  _IpcRegs                                           
1     0000e7c0  _IsrOverrun                                        
0     000825c0  _MCBSPA_RX_ISR                                     
0     000825ca  _MCBSPA_TX_ISR                                     
0     000825d4  _MCBSPB_RX_ISR                                     
0     000825de  _MCBSPB_TX_ISR                                     
1     0000e7c6  _MW_InterruptDisableLock                           
0     0008606b  _MW_RamfuncsLoadEnd                                
abs   0000003f  _MW_RamfuncsLoadSize                               
0     0008602c  _MW_RamfuncsLoadStart                              
0     0000918f  _MW_RamfuncsRunEnd                                 
abs   0000003f  _MW_RamfuncsRunSize                                
0     00009150  _MW_RamfuncsRunStart                               
1     0000e001  _MW_adcBInitFlag                                   
1     0000e000  _MW_adcCInitFlag                                   
1     00006000  _McbspaRegs                                        
1     00006040  _McbspbRegs                                        
1     0005f400  _MemCfgRegs                                        
1     0005f500  _MemoryErrorRegs                                   
0     000823c2  _NMI_ISR                                           
0     0008290b  _NOTUSED_ISR                                       
1     00007060  _NmiIntruptRegs                                    
1     00007a80  _OutputXbarRegs                                    
0     000828f4  _PIE_RESERVED_ISR                                  
1     00000ce0  _PieCtrlRegs                                       
1     00000d00  _PieVectTable                                      
0     00085d3c  _PieVectTableInit                                  
0     000828c2  _RAM_ACCESS_VIOLATION_ISR                          
0     000828ae  _RAM_CORRECTABLE_ERROR_ISR                         
0     000823ae  _RTOS_ISR                                          
0     00085567  _RamfuncsLoadEnd                                   
abs   0000114f  _RamfuncsLoadSize                                  
0     00084418  _RamfuncsLoadStart                                 
0     0000914f  _RamfuncsRunEnd                                    
abs   0000114f  _RamfuncsRunSize                                   
0     00008000  _RamfuncsRunStart                                  
0     000829e0  _ReleaseFlashPump                                  
1     0005e608  _RomPrefetchRegs                                   
1     0005f540  _RomWaitStateRegs                                  
0     00082fec  _SCIA_RX_INT                                       
0     00082674  _SCIA_RX_ISR                                       
0     0008267e  _SCIA_TX_ISR                                       
0     00082688  _SCIB_RX_ISR                                       
0     00082692  _SCIB_TX_ISR                                       
0     0008264c  _SCIC_RX_ISR                                       
0     00082656  _SCIC_TX_ISR                                       
0     00082660  _SCID_RX_ISR                                       
0     0008266a  _SCID_TX_ISR                                       
0     00082818  _SD1_ISR                                           
0     00082822  _SD2_ISR                                           
0     00082598  _SPIA_RX_ISR                                       
0     000825a2  _SPIA_TX_ISR                                       
0     000825ac  _SPIB_RX_ISR                                       
0     000825b6  _SPIB_TX_ISR                                       
0     0008282c  _SPIC_RX_ISR                                       
0     00082836  _SPIC_TX_ISR                                       
0     00082d61  _STANDBY                                           
0     000828cc  _SYS_PLL_SLIP_ISR                                  
1     00007200  _SciaRegs                                          
1     00007210  _ScibRegs                                          
1     00007220  _ScicRegs                                          
1     00007230  _ScidRegs                                          
1     00005e00  _Sdfm1Regs                                         
1     00005e80  _Sdfm2Regs                                         
0     000829d1  _SeizeFlashPump                                    
0     000829ea  _ServiceDog                                        
0     0008099d  _Speedcontrolformotor1_Init                        
1     00006100  _SpiaRegs                                          
1     00006110  _SpibRegs                                          
1     00006120  _SpicRegs                                          
1     00007940  _SyncSocRegs                                       
0     0000918b  _SysCtl_delay                                      
0     00082d04  _SysIntOsc1Sel                                     
0     00082d14  _SysIntOsc2Sel                                     
0     00082d28  _SysXtalOscSel                                     
0     0008248a  _TIMER0_ISR                                        
0     00082390  _TIMER1_ISR                                        
0     0008239a  _TIMER2_ISR                                        
0     00084262  _TINT0_isr                                         
0     00082840  _UPPA_ISR                                          
0     0008284a  _USBA_ISR                                          
0     00082430  _USER10_ISR                                        
0     0008243a  _USER11_ISR                                        
0     00082444  _USER12_ISR                                        
0     000823d6  _USER1_ISR                                         
0     000823e0  _USER2_ISR                                         
0     000823ea  _USER3_ISR                                         
0     000823f4  _USER4_ISR                                         
0     000823fe  _USER5_ISR                                         
0     00082408  _USER6_ISR                                         
0     00082412  _USER7_ISR                                         
0     0008241c  _USER8_ISR                                         
0     00082426  _USER9_ISR                                         
1     000703c0  _UidRegs                                           
1     00006200  _UppRegs                                           
0     00082782  _VCU_ISR                                           
0     00082494  _WAKE_ISR                                          
1     00007000  _WdRegs                                            
0     0008246c  _XINT1_ISR                                         
0     00082476  _XINT2_ISR                                         
0     00082764  _XINT3_ISR                                         
0     0008276e  _XINT4_ISR                                         
0     00082778  _XINT5_ISR                                         
1     00007920  _XbarRegs                                          
1     00007070  _XintRegs                                          
1     00000522  __STACK_END                                        
abs   00000400  __STACK_SIZE                                       
1     0000e7b0  ___TI_cleanup_ptr                                  
1     0000e7b2  ___TI_dtors_ptr                                    
1     0000e7ae  ___TI_enable_exit_profile_output                   
abs   ffffffff  ___TI_pprof_out_hndl                               
abs   ffffffff  ___TI_prof_data_size                               
abs   ffffffff  ___TI_prof_data_start                              
abs   ffffffff  ___binit__                                         
abs   ffffffff  ___c_args__                                        
0     00085fe0  ___cinit__                                         
0     00084418  ___etext__                                         
abs   ffffffff  ___pinit__                                         
0     00080004  ___text__                                          
0     000843e4  __args_main                                        
1     0000e7be  __lock                                             
0     000843fe  __nop                                              
0     000843fa  __register_lock                                    
0     000843f6  __register_unlock                                  
1     00000122  __stack                                            
0     00084417  __system_post_cinit                                
0     00084415  __system_pre_init                                  
1     0000e7c4  __unlock                                           
0     0008431a  _abort                                             
0     000833a3  _c2000_flash_init                                  
0     0008420c  _c_int00                                           
1     0000e7b4  _checkSCITransmitInProgressA                       
0     00083a92  _config_ADCB_SOC0                                  
0     00083ad8  _config_ADCB_SOC1                                  
0     00083a38  _config_ADCB_SOC2                                  
0     00083a74  _config_ADCB_SOC3                                  
0     00083ab8  _config_ADCC_SOC0                                  
0     00083af8  _config_ADCC_SOC1                                  
0     00083a1a  _config_ADCC_SOC2                                  
0     00083a56  _config_ADCC_SOC3                                  
0     00083ed4  _config_QEP_eQEP1                                  
0     00083f22  _config_QEP_eQEP2                                  
0     0008414b  _config_ePWMSyncSource                             
0     000840ed  _config_ePWM_GPIO                                  
0     00084143  _config_ePWM_TBSync                                
0     0008407e  _configureTimer0                                   
0     00084391  _copy_in                                           
0     000840ca  _disableTimer0Interrupt                            
0     00084159  _disableWatchdog                                   
0     000840c0  _enableTimer0Interrupt                             
0     0008431c  _exit                                              
0     000841b3  _floor                                             
0     000841b3  _floorf                                            
1     0000e7b6  _frameA1Count                                      
1     0000e7b5  _frameA1Transmitted                                
0     000843dc  _globalInterruptDisable                            
0     000843d2  _globalInterruptEnable                             
0     000833bc  _initSetGPIOIPC                                    
0     00084164  _init_SCI                                          
0     00083a12  _init_SCIFrame                                     
0     0008419f  _init_SCI_GPIO                                     
0     00083e0b  _init_board                                        
1     0000e7b8  _isRateRunning                                     
0     00083dbc  _main                                              
0     0000800e  _mcb_Currentcontrolformotor1                       
0     00008a41  _mcb_Currentcontrolformotor2                       
0     0008028c  _mcb__MATLABFunction_c_Reset                       
0     00080b81  _mcb__Torquecontrolformotor2                       
0     00080285  _mcb_p_MATLABFunction_a_Init                       
0     000809a4  _mcb_p_Speedcontrolformotor1                       
0     00080210  _mcb_pm_MATLABFunction_Reset                       
0     0008040d  _mcb_pms_IfActionSubsystem_a                       
0     0008088a  _mcb_pms_IfActionSubsystem_b                       
0     00080209  _mcb_pms_MATLABFunction_Init                       
0     000803f1  _mcb_pmsm_IfActionSubsystem1                       
0     000803d3  _mcb_pmsm__IfActionSubsystem                       
0     000808a9  _mcb_pmsm_f_DQAxisPriority_e                       
0     00080293  _mcb_pmsm_f_MATLABFunction_j                       
0     0008041e  _mcb_pmsm_fo_PositionNoReset                       
0     0008004e  _mcb_pmsm_fo_TwophaseCRLwrap                       
0     000800a3  _mcb_pmsm_foc_DQAxisPriority                       
0     00080217  _mcb_pmsm_foc_MATLABFunction                       
0     0008036b  _mcb_pmsm_foc_TwoinputsCRL_o                       
0     00080197  _mcb_pmsm_foc__DQEquivalence                       
0     00085efc  _mcb_pmsm_foc_f28379d_dyn_ConstB                   
0     00085568  _mcb_pmsm_foc_f28379d_dyn_ConstP                   
1     0000e180  _mcb_pmsm_foc_f28379d_dyno_B                       
1     0000e040  _mcb_pmsm_foc_f28379d_dyno_DWork                   
0     00085f7a  _mcb_pmsm_foc_f28379d_dyno_M                       
0     00080023  _mcb_pmsm_foc_f28379d_dyno_SetEventsForThisBaseStep
0     00081d02  _mcb_pmsm_foc_f28379d_dyno_configure_interrupts    
0     000815a1  _mcb_pmsm_foc_f28379d_dyno_initialize              
0     00080dab  _mcb_pmsm_foc_f28379d_dyno_step0                   
0     000814e3  _mcb_pmsm_foc_f28379d_dyno_step1                   
0     0008159c  _mcb_pmsm_foc_f28379d_dyno_step2                   
0     00081d01  _mcb_pmsm_foc_f28379d_dyno_terminate               
0     00081d1e  _mcb_pmsm_foc_f28379d_dyno_unconfigure_interrupts  
0     00080071  _mcb_pmsm_foc_f283_limitRef2                       
0     00080301  _mcb_pmsm_foc_f_TwoinputsCRL                       
0     000843b5  _memcpy                                            
0     00084407  _memcpy_fast                                       
0     0008440e  _memset                                            
1     0000e7ac  _mwInitEnd                                         
1     0000e7aa  _mwInitStart                                       
1     0000e7bb  _need2runFlags                                     
0     000840e2  _restoreTimer0Interrupt                            
0     000842ac  _rtGetInf                                          
0     000842c5  _rtGetInfF                                         
0     000842ce  _rtGetMinusInf                                     
0     000842e7  _rtGetMinusInfF                                    
0     000842f0  _rtGetNaN                                          
0     00084309  _rtGetNaNF                                         
1     0000e79a  _rtInf                                             
1     0000e7a0  _rtInfF                                            
0     00083f98  _rtIsInf                                           
0     00083fb0  _rtIsInfF                                          
0     00083fc8  _rtIsNaN                                           
0     00083feb  _rtIsNaNF                                          
1     0000e79c  _rtMinusInf                                        
1     0000e7a2  _rtMinusInfF                                       
1     0000e79e  _rtNaN                                             
1     0000e7a4  _rtNaNF                                            
0     00083f70  _rt_InitInfAndNaN                                  
0     00083d3a  _rt_OneStep                                        
1     0000e7c2  _runModel                                          
0     000838c9  _scia_rcv                                          
0     00083949  _scia_rcv_varsize                                  
0     00083882  _scia_xmit                                         
0     000835cc  _setCLBXBARForCPU2                                 
0     00083574  _setEpwmXBARForCPU2                                
0     0008344b  _setGPIOForCPU2                                    
0     0008349e  _setInXBARForCPU2                                  
0     00083507  _setOutXBARForCPU2                                 
0     0008361f  _setSyncSocRegsForCPU2                             
[...]
0     00082a06  _InitSysPll                                        
0     00082bf4  _InitAuxPll                                        
0     00082ce3  _CsmUnlock                                         
0     00082d04  _SysIntOsc1Sel                                     
0     00082d14  _SysIntOsc2Sel                                     
0     00082d28  _SysXtalOscSel                                     
0     00082d38  _AuxIntOsc2Sel                                     
0     00082d42  _AuxXtalOscSel                                     
0     00082d4e  _AuxAuxClkSel                                      
0     00082d58  _IDLE                                              
0     00082d61  _STANDBY                                           
0     00082d6c  _HALT                                              
0     00082d85  _HIB                                               
0     00082da2  _ConfigureTMXAnalogTrim                            
0     00082dbf  _ADCB1_INT                                         
0     00082eb0  _ADCC1_INT                                         
0     00082fec  _SCIA_RX_INT                                       
0     000830c9  _IPCLiteLtoRGetResult                              
0     000830e4  _IPCLiteLtoRDataRead                               
0     00083107  _IPCLiteLtoRSetBits                                
0     00083131  _IPCLiteLtoRSetBits_Protected                      
0     0008315b  _IPCLiteLtoRClearBits                              
0     00083185  _IPCLiteLtoRClearBits_Protected                    
0     000831af  _IPCLiteLtoRDataWrite                              
0     000831d4  _IPCLiteLtoRDataWrite_Protected                    
0     000831f9  _IPCLiteLtoRFunctionCall                           
0     00083215  _IPCLiteReqMemAccess                               
0     00083239  _IPCLiteRtoLDataRead                               
0     00083260  _IPCLiteRtoLSetBits                                
0     0008328e  _IPCLiteRtoLSetBits_Protected                      
0     000832bf  _IPCLiteRtoLClearBits                              
0     000832ef  _IPCLiteRtoLClearBits_Protected                    
0     00083322  _IPCLiteRtoLDataWrite                              
0     0008334f  _IPCLiteRtoLDataWrite_Protected                    
0     0008337f  _IPCLiteRtoLFunctionCall                           
0     0008339c  _DelayLoop                                         
0     000833a3  _c2000_flash_init                                  
0     000833bc  _initSetGPIOIPC                                    
0     0008344b  _setGPIOForCPU2                                    
0     0008349e  _setInXBARForCPU2                                  
0     00083507  _setOutXBARForCPU2                                 
0     00083574  _setEpwmXBARForCPU2                                
0     000835cc  _setCLBXBARForCPU2                                 
0     0008361f  _setSyncSocRegsForCPU2                             
0     0008363e  _InitGpio                                          
0     0008367e  _GPIO_SetupPinMux                                  
0     0008370a  _GPIO_SetupPinOptions                              
0     0008379e  _GPIO_SetupLock                                    
0     000837c7  _GPIO_SetupXINT1Gpio                               
0     000837d1  _GPIO_SetupXINT2Gpio                               
0     000837db  _GPIO_SetupXINT3Gpio                               
0     000837e5  _GPIO_SetupXINT4Gpio                               
0     000837ef  _GPIO_SetupXINT5Gpio                               
0     000837f9  _GPIO_EnableUnbondedIOPullupsFor176Pin             
0     00083812  _GPIO_EnableUnbondedIOPullupsFor100Pin             
0     00083837  _GPIO_EnableUnbondedIOPullups                      
0     0008384d  _GPIO_ReadPin                                      
0     00083864  _GPIO_WritePin                                     
0     00083882  _scia_xmit                                         
0     000838c9  _scia_rcv                                          
0     00083949  _scia_rcv_varsize                                  
0     00083a12  _init_SCIFrame                                     
0     00083a1a  _config_ADCC_SOC2                                  
0     00083a38  _config_ADCB_SOC2                                  
0     00083a56  _config_ADCC_SOC3                                  
0     00083a74  _config_ADCB_SOC3                                  
0     00083a92  _config_ADCB_SOC0                                  
0     00083ab8  _config_ADCC_SOC0                                  
0     00083ad8  _config_ADCB_SOC1                                  
0     00083af8  _config_ADCC_SOC1                                  
0     00083b20  _InitAdcB                                          
0     00083b3d  _InitAdcC                                          
0     00083b5a  _AdcSetMode                                        
0     00083c10  _CalAdcINL                                         
0     00083c4a  _CPU02toCPU01IPC0IntHandler                        
0     00083d3a  _rt_OneStep                                        
0     00083dbc  _main                                              
0     00083e0b  _init_board                                        
0     00083ed4  _config_QEP_eQEP1                                  
0     00083f22  _config_QEP_eQEP2                                  
0     00083f70  _rt_InitInfAndNaN                                  
0     00083f98  _rtIsInf                                           
0     00083fb0  _rtIsInfF                                          
0     00083fc8  _rtIsNaN                                           
0     00083feb  _rtIsNaNF                                          
0     00084002  _InitCpuTimers                                     
0     00084043  _ConfigCpuTimer                                    
0     0008407e  _configureTimer0                                   
0     000840bb  _stopTimer0                                        
0     000840c0  _enableTimer0Interrupt                             
0     000840ca  _disableTimer0Interrupt                            
0     000840e2  _restoreTimer0Interrupt                            
0     000840ed  _config_ePWM_GPIO                                  
0     00084143  _config_ePWM_TBSync                                
0     0008414b  _config_ePWMSyncSource                             
0     00084159  _disableWatchdog                                   
0     00084164  _init_SCI                                          
0     0008419f  _init_SCI_GPIO                                     
0     000841b3  _floor                                             
0     000841b3  _floorf                                            
0     0008420c  _c_int00                                           
0     00084262  _TINT0_isr                                         
0     000842ac  _rtGetInf                                          
0     000842c5  _rtGetInfF                                         
0     000842ce  _rtGetMinusInf                                     
0     000842e7  _rtGetMinusInfF                                    
0     000842f0  _rtGetNaN                                          
0     00084309  _rtGetNaNF                                         
0     0008431a  C$$EXIT                                            
0     0008431a  _abort                                             
0     0008431c  _exit                                              
0     00084343  _InitPieCtrl                                       
0     00084362  _EnableInterrupts                                  
0     0008436b  _InitPieVectTable                                  
0     00084391  _copy_in                                           
0     000843b5  _memcpy                                            
0     000843d2  _globalInterruptEnable                             
0     000843dc  _globalInterruptDisable                            
0     000843e4  __args_main                                        
0     000843f6  __register_unlock                                  
0     000843fa  __register_lock                                    
0     000843fe  __nop                                              
0     00084407  _memcpy_fast                                       
0     0008440e  _memset                                            
0     00084415  __system_pre_init                                  
0     00084417  __system_post_cinit                                
0     00084418  _RamfuncsLoadStart                                 
0     00084418  ___etext__                                         
0     00084418  etext                                              
0     00085567  _RamfuncsLoadEnd                                   
0     00085568  _mcb_pmsm_foc_f28379d_dyn_ConstP                   
0     00085d3c  _PieVectTableInit                                  
0     00085efc  _mcb_pmsm_foc_f28379d_dyn_ConstB                   
0     00085f7a  _mcb_pmsm_foc_f28379d_dyno_M                       
0     00085fe0  ___cinit__                                         
0     00085fe0  cinit                                              
0     0008602c  _MW_RamfuncsLoadStart                              
0     0008606b  _MW_RamfuncsLoadEnd                                
1     00000122  __stack                                            
1     00000522  __STACK_END                                        
1     00000b00  _AdcaResultRegs                                    
1     00000b20  _AdcbResultRegs                                    
1     00000b40  _AdccResultRegs                                    
1     00000b60  _AdcdResultRegs                                    
1     00000c00  _CpuTimer0Regs                                     
1     00000c08  _CpuTimer1Regs                                     
1     00000c10  _CpuTimer2Regs                                     
1     00000ce0  _PieCtrlRegs                                       
1     00000d00  _PieVectTable                                      
1     00001000  _DmaRegs                                           
1     00001400  _Cla1Regs                                          
1     00003000  _Clb1LogicCfgRegs                                  
1     00003100  _Clb1LogicCtrlRegs                                 
1     00003200  _Clb1DataExchRegs                                  
1     00003400  _Clb2LogicCfgRegs                                  
1     00003500  _Clb2LogicCtrlRegs                                 
1     00003600  _Clb2DataExchRegs                                  
1     00003800  _Clb3LogicCfgRegs                                  
1     00003900  _Clb3LogicCtrlRegs                                 
1     00003a00  _Clb3DataExchRegs                                  
1     00003c00  _Clb4LogicCfgRegs                                  
1     00003d00  _Clb4LogicCtrlRegs                                 
1     00003e00  _Clb4DataExchRegs                                  
1     00004000  _EPwm1Regs                                         
1     00004100  _EPwm2Regs                                         
1     00004200  _EPwm3Regs                                         
1     00004300  _EPwm4Regs                                         
1     00004400  _EPwm5Regs                                         
1     00004500  _EPwm6Regs                                         
1     00004600  _EPwm7Regs                                         
1     00004700  _EPwm8Regs                                         
1     00004800  _EPwm9Regs                                         
1     00004900  _EPwm10Regs                                        
1     00004a00  _EPwm11Regs                                        
1     00004b00  _EPwm12Regs                                        
1     00005000  _ECap1Regs                                         
1     00005020  _ECap2Regs                                         
1     00005040  _ECap3Regs                                         
1     00005060  _ECap4Regs                                         
1     00005080  _ECap5Regs                                         
1     000050a0  _ECap6Regs                                         
1     00005100  _EQep1Regs                                         
1     00005140  _EQep2Regs                                         
1     00005180  _EQep3Regs                                         
1     00005c00  _DacaRegs                                          
1     00005c10  _DacbRegs                                          
1     00005c20  _DaccRegs                                          
1     00005c80  _Cmpss1Regs                                        
1     00005ca0  _Cmpss2Regs                                        
1     00005cc0  _Cmpss3Regs                                        
1     00005ce0  _Cmpss4Regs                                        
1     00005d00  _Cmpss5Regs                                        
1     00005d20  _Cmpss6Regs                                        
1     00005d40  _Cmpss7Regs                                        
1     00005d60  _Cmpss8Regs                                        
1     00005e00  _Sdfm1Regs                                         
1     00005e80  _Sdfm2Regs                                         
1     00006000  _McbspaRegs                                        
1     00006040  _McbspbRegs                                        
1     00006100  _SpiaRegs                                          
1     00006110  _SpibRegs                                          
1     00006120  _SpicRegs                                          
1     00006200  _UppRegs                                           
1     00007000  _WdRegs                                            
1     00007060  _NmiIntruptRegs                                    
1     00007070  _XintRegs                                          
1     00007200  _SciaRegs                                          
1     00007210  _ScibRegs                                          
1     00007220  _ScicRegs                                          
1     00007230  _ScidRegs                                          
1     00007300  _I2caRegs                                          
1     00007340  _I2cbRegs                                          
1     00007400  _AdcaRegs                                          
1     00007480  _AdcbRegs                                          
1     00007500  _AdccRegs                                          
1     00007580  _AdcdRegs                                          
1     00007900  _InputXbarRegs                                     
1     00007920  _XbarRegs                                          
1     00007940  _SyncSocRegs                                       
1     00007980  _DmaClaSrcSelRegs                                  
1     00007a00  _EPwmXbarRegs                                      
1     00007a40  _ClbXbarRegs                                       
1     00007a80  _OutputXbarRegs                                    
1     00007c00  _GpioCtrlRegs                                      
1     00007f00  _GpioDataRegs                                      
1     0000e000  _MW_adcCInitFlag                                   
1     0000e001  _MW_adcBInitFlag                                   
1     0000e040  _mcb_pmsm_foc_f28379d_dyno_DWork                   
1     0000e180  _mcb_pmsm_foc_f28379d_dyno_B                       
1     0000e782  _CpuTimer0                                         
1     0000e78a  _CpuTimer1                                         
1     0000e792  _CpuTimer2                                         
1     0000e79a  _rtInf                                             
1     0000e79c  _rtMinusInf                                        
1     0000e79e  _rtNaN                                             
1     0000e7a0  _rtInfF                                            
1     0000e7a2  _rtMinusInfF                                       
1     0000e7a4  _rtNaNF                                            
1     0000e7a6  _ErrorFlag                                         
1     0000e7a8  _CIPC0_INT_fptr                                    
1     0000e7aa  _mwInitStart                                       
1     0000e7ac  _mwInitEnd                                         
1     0000e7ae  ___TI_enable_exit_profile_output                   
1     0000e7b0  ___TI_cleanup_ptr                                  
1     0000e7b2  ___TI_dtors_ptr                                    
1     0000e7b4  _checkSCITransmitInProgressA                       
1     0000e7b5  _frameA1Transmitted                                
1     0000e7b6  _frameA1Count                                      
1     0000e7b8  _isRateRunning                                     
1     0000e7bb  _need2runFlags                                     
1     0000e7be  __lock                                             
1     0000e7c0  _IsrOverrun                                        
1     0000e7c1  _stopRequested                                     
1     0000e7c2  _runModel                                          
1     0000e7c3  _GPIO_oneTimeInit                                  
1     0000e7c4  __unlock                                           
1     0000e7c6  _MW_InterruptDisableLock                           
1     00047000  _Emif1Regs                                         
1     00047800  _Emif2Regs                                         
1     00048000  _CanaRegs                                          
1     0004a000  _CanbRegs                                          
1     00050000  _IpcRegs                                           
1     00050024  _FlashPumpSemaphoreRegs                            
1     0005d000  _DevCfgRegs                                        
1     0005d180  _AnalogSubsysRegs                                  
1     0005d200  _ClkCfgRegs                                        
1     0005d300  _CpuSysRegs                                        
1     0005e608  _RomPrefetchRegs                                   
1     0005f000  _DcsmZ1Regs                                        
1     0005f040  _DcsmZ2Regs                                        
1     0005f070  _DcsmCommonRegs                                    
1     0005f400  _MemCfgRegs                                        
1     0005f480  _Emif1ConfigRegs                                   
1     0005f4a0  _Emif2ConfigRegs                                   
1     0005f4c0  _AccessProtectionRegs                              
1     0005f500  _MemoryErrorRegs                                   
1     0005f540  _RomWaitStateRegs                                  
1     0005f800  _Flash0CtrlRegs                                    
1     0005fb00  _Flash0EccRegs                                     
1     000703c0  _UidRegs                                           
abs   0000003f  _MW_RamfuncsLoadSize                               
abs   0000003f  _MW_RamfuncsRunSize                                
abs   00000400  __STACK_SIZE                                       
abs   0000114f  _RamfuncsLoadSize                                  
abs   0000114f  _RamfuncsRunSize                                   
abs   ffffffff  ___TI_pprof_out_hndl                               
abs   ffffffff  ___TI_prof_data_size                               
abs   ffffffff  ___TI_prof_data_start                              
abs   ffffffff  ___binit__                                         
abs   ffffffff  ___c_args__                                        
abs   ffffffff  ___pinit__                                         
abs   ffffffff  binit                                              
abs   ffffffff  pinit                                              

[494 symbols]
