******************************************************************************
             TMS320C2000 Linker PC v22.6.0                     
******************************************************************************
>> Linked Wed Apr  2 15:33:30 2025

OUTPUT FILE NAME:   <../mcb_pmsm_foc_sensorless_f28069MLaunchPad.out>
ENTRY POINT SYMBOL: "_c_int00"  address: 003da5e7


MEMORY CONFIGURATION

         name            origin    length      used     unused   attr    fill
----------------------  --------  ---------  --------  --------  ----  --------
PAGE 0:
  BEGINRAM              00000000   00000002  00000000  00000002  RWIX
  PRAM                  00008000   00006000  00000ace  00005532  RWIX
  OTP                   003d7800   000003fa  00000000  000003fa  RWIX
  FLASH                 003d8000   0001fff0  00003d78  0001c278  RWIX
  BEGINFLASH            003f7ff6   00000002  00000002  00000000  RWIX
  CSM_PWL               003f7ff8   00000008  00000000  00000008  RWIX
  FPUTABLES             003fd590   000006a0  000006a0  00000000  RWIX
  IQTABLES              003fdc30   00000b50  00000000  00000b50  RWIX
  IQTABLES2             003fe780   0000008c  00000000  0000008c  RWIX
  IQTABLES3             003fe80c   000000aa  00000000  000000aa  RWIX
  BOOTROM               003ff3b0   00000c10  00000000  00000c10  RWIX
  RESET                 003fffc0   00000002  00000000  00000002  RWIX
  VECTORS               003fffc2   0000003e  00000000  0000003e  RWIX

PAGE 1:
  RAMM0M1               00000002   000007fe  00000400  000003fe  RWIX
  DEV_EMU               00000880   00000105  00000004  00000101  RWIX
  SYS_PWR_CTL           00000985   00000003  00000003  00000000  RWIX
  FLASH_REGS            00000a80   00000060  00000008  00000058  RWIX
  CSM                   00000ae0   00000020  00000010  00000010  RWIX
  ADC_RESULT            00000b00   00000020  00000010  00000010  RWIX
  CPU_TIMER0            00000c00   00000008  00000008  00000000  RWIX
  CPU_TIMER1            00000c08   00000008  00000008  00000000  RWIX
  CPU_TIMER2            00000c10   00000008  00000008  00000000  RWIX
  PIE_CTRL              00000ce0   00000020  0000001a  00000006  RWIX
  PIE_VECT              00000d00   00000100  00000100  00000000  RWIX
  DMA                   00001000   00000200  000000e0  00000120  RWIX
  CLA1                  00001400   00000080  00000040  00000040  RWIX
  USB0                  00004000   00001000  00000454  00000bac  RWIX
  McBSPA                00005000   00000040  00000024  0000001c  RWIX
  ECANA                 00006000   00000040  00000034  0000000c  RWIX
  ECANA_LAM             00006040   00000040  00000040  00000000  RWIX
  ECANA_MOTS            00006080   00000040  00000040  00000000  RWIX
  ECANA_MOTO            000060c0   00000040  00000040  00000000  RWIX
  ECANA_MBOX            00006100   00000100  00000100  00000000  RWIX
  COMP1                 00006400   00000020  00000014  0000000c  RWIX
  COMP2                 00006420   00000020  00000014  0000000c  RWIX
  COMP3                 00006440   00000020  00000014  0000000c  RWIX
  EPWM1                 00006800   00000040  00000040  00000000  RWIX
  EPWM2                 00006840   00000040  00000040  00000000  RWIX
  EPWM3                 00006880   00000040  00000040  00000000  RWIX
  EPWM4                 000068c0   00000040  00000040  00000000  RWIX
  EPWM5                 00006900   00000040  00000040  00000000  RWIX
  EPWM6                 00006940   00000040  00000040  00000000  RWIX
  EPWM7                 00006980   00000040  00000040  00000000  RWIX
  EPWM8                 000069c0   00000040  00000040  00000000  RWIX
  ECAP1                 00006a00   00000020  00000020  00000000  RWIX
  ECAP2                 00006a20   00000020  00000020  00000000  RWIX
  ECAP3                 00006a40   00000020  00000020  00000000  RWIX
  HRCAP1                00006ac0   00000020  00000020  00000000  RWIX
  HRCAP2                00006ae0   00000020  00000020  00000000  RWIX
  EQEP1                 00006b00   00000040  00000022  0000001e  RWIX
  EQEP2                 00006b40   00000040  00000022  0000001e  RWIX
  HRCAP3                00006c80   00000020  00000020  00000000  RWIX
  HRCAP4                00006ca0   00000020  00000020  00000000  RWIX
  GPIOCTRL              00006f80   00000040  00000040  00000000  RWIX
  GPIODAT               00006fc0   00000020  00000020  00000000  RWIX
  GPIOINT               00006fe0   00000020  00000020  00000000  RWIX
  SYSTEM                00007010   00000030  00000030  00000000  RWIX
  SPIA                  00007040   00000010  00000010  00000000  RWIX
  SCIA                  00007050   00000010  00000010  00000000  RWIX
  NMIINTRUPT            00007060   00000010  00000010  00000000  RWIX
  XINTRUPT              00007070   00000010  00000010  00000000  RWIX
  ADC                   00007100   00000080  00000050  00000030  RWIX
  SPIB                  00007740   00000010  00000010  00000000  RWIX
  SCIB                  00007750   00000010  00000010  00000000  RWIX
  I2CA                  00007900   00000040  00000022  0000001e  RWIX
  DRAM                  0000e000   00006000  000006c3  0000593d  RWIX
  PARTID                003d7e80   00000001  00000001  00000000  RWIX
  CSM_PWL               003f7ff8   00000008  00000008  00000000  RWIX


SECTION ALLOCATION MAP

 output                                  attributes/
section   page    origin      length       input sections
--------  ----  ----------  ----------   ----------------
DevEmuRegsFile 
*          1    00000880    00000004     UNINITIALIZED
                  00000880    00000004     F2806x_GlobalVariableDefs.obj (DevEmuRegsFile)

SysPwrCtrlRegsFile 
*          1    00000985    00000003     UNINITIALIZED
                  00000985    00000003     F2806x_GlobalVariableDefs.obj (SysPwrCtrlRegsFile)

FlashRegsFile 
*          1    00000a80    00000008     UNINITIALIZED
                  00000a80    00000008     F2806x_GlobalVariableDefs.obj (FlashRegsFile)

CsmRegsFile 
*          1    00000ae0    00000010     UNINITIALIZED
                  00000ae0    00000010     F2806x_GlobalVariableDefs.obj (CsmRegsFile)

AdcResultFile 
*          1    00000b00    00000010     UNINITIALIZED
                  00000b00    00000010     F2806x_GlobalVariableDefs.obj (AdcResultFile)

CpuTimer0RegsFile 
*          1    00000c00    00000008     UNINITIALIZED
                  00000c00    00000008     F2806x_GlobalVariableDefs.obj (CpuTimer0RegsFile)

CpuTimer1RegsFile 
*          1    00000c08    00000008     UNINITIALIZED
                  00000c08    00000008     F2806x_GlobalVariableDefs.obj (CpuTimer1RegsFile)

CpuTimer2RegsFile 
*          1    00000c10    00000008     UNINITIALIZED
                  00000c10    00000008     F2806x_GlobalVariableDefs.obj (CpuTimer2RegsFile)

PieCtrlRegsFile 
*          1    00000ce0    0000001a     UNINITIALIZED
                  00000ce0    0000001a     F2806x_GlobalVariableDefs.obj (PieCtrlRegsFile)

PieVectTableFile 
*          1    00000d00    00000100     UNINITIALIZED
                  00000d00    00000100     F2806x_GlobalVariableDefs.obj (PieVectTableFile)

EmuKeyVar 
*          1    00000d00    00000001     UNINITIALIZED
                  00000d00    00000001     F2806x_GlobalVariableDefs.obj (EmuKeyVar)

EmuBModeVar 
*          1    00000d01    00000001     UNINITIALIZED
                  00000d01    00000001     F2806x_GlobalVariableDefs.obj (EmuBModeVar)

FlashCallbackVar 
*          1    00000d02    00000002     UNINITIALIZED
                  00000d02    00000002     F2806x_GlobalVariableDefs.obj (FlashCallbackVar)

FlashScalingVar 
*          1    00000d04    00000002     UNINITIALIZED
                  00000d04    00000002     F2806x_GlobalVariableDefs.obj (FlashScalingVar)

DmaRegsFile 
*          1    00001000    000000e0     UNINITIALIZED
                  00001000    000000e0     F2806x_GlobalVariableDefs.obj (DmaRegsFile)

Cla1RegsFile 
*          1    00001400    00000040     UNINITIALIZED
                  00001400    00000040     F2806x_GlobalVariableDefs.obj (Cla1RegsFile)

Usb0RegsFile 
*          1    00004000    00000454     UNINITIALIZED
                  00004000    00000454     F2806x_GlobalVariableDefs.obj (Usb0RegsFile)

McbspaRegsFile 
*          1    00005000    00000024     UNINITIALIZED
                  00005000    00000024     F2806x_GlobalVariableDefs.obj (McbspaRegsFile)

ECanaRegsFile 
*          1    00006000    00000034     UNINITIALIZED
                  00006000    00000034     F2806x_GlobalVariableDefs.obj (ECanaRegsFile)

ECanaLAMRegsFile 
*          1    00006040    00000040     UNINITIALIZED
                  00006040    00000040     F2806x_GlobalVariableDefs.obj (ECanaLAMRegsFile)

ECanaMOTSRegsFile 
*          1    00006080    00000040     UNINITIALIZED
                  00006080    00000040     F2806x_GlobalVariableDefs.obj (ECanaMOTSRegsFile)

ECanaMOTORegsFile 
*          1    000060c0    00000040     UNINITIALIZED
                  000060c0    00000040     F2806x_GlobalVariableDefs.obj (ECanaMOTORegsFile)

ECanaMboxesFile 
*          1    00006100    00000100     UNINITIALIZED
                  00006100    00000100     F2806x_GlobalVariableDefs.obj (ECanaMboxesFile)

Comp1RegsFile 
*          1    00006400    00000014     UNINITIALIZED
                  00006400    00000014     F2806x_GlobalVariableDefs.obj (Comp1RegsFile)

Comp2RegsFile 
*          1    00006420    00000014     UNINITIALIZED
                  00006420    00000014     F2806x_GlobalVariableDefs.obj (Comp2RegsFile)

Comp3RegsFile 
*          1    00006440    00000014     UNINITIALIZED
                  00006440    00000014     F2806x_GlobalVariableDefs.obj (Comp3RegsFile)

EPwm1RegsFile 
*          1    00006800    00000040     UNINITIALIZED
                  00006800    00000040     F2806x_GlobalVariableDefs.obj (EPwm1RegsFile)

EPwm2RegsFile 
*          1    00006840    00000040     UNINITIALIZED
                  00006840    00000040     F2806x_GlobalVariableDefs.obj (EPwm2RegsFile)

EPwm3RegsFile 
*          1    00006880    00000040     UNINITIALIZED
                  00006880    00000040     F2806x_GlobalVariableDefs.obj (EPwm3RegsFile)

EPwm4RegsFile 
*          1    000068c0    00000040     UNINITIALIZED
                  000068c0    00000040     F2806x_GlobalVariableDefs.obj (EPwm4RegsFile)

EPwm5RegsFile 
*          1    00006900    00000040     UNINITIALIZED
                  00006900    00000040     F2806x_GlobalVariableDefs.obj (EPwm5RegsFile)

EPwm6RegsFile 
*          1    00006940    00000040     UNINITIALIZED
                  00006940    00000040     F2806x_GlobalVariableDefs.obj (EPwm6RegsFile)

EPwm7RegsFile 
*          1    00006980    00000040     UNINITIALIZED
                  00006980    00000040     F2806x_GlobalVariableDefs.obj (EPwm7RegsFile)

EPwm8RegsFile 
*          1    000069c0    00000040     UNINITIALIZED
                  000069c0    00000040     F2806x_GlobalVariableDefs.obj (EPwm8RegsFile)

ECap1RegsFile 
*          1    00006a00    00000020     UNINITIALIZED
                  00006a00    00000020     F2806x_GlobalVariableDefs.obj (ECap1RegsFile)

ECap2RegsFile 
*          1    00006a20    00000020     UNINITIALIZED
                  00006a20    00000020     F2806x_GlobalVariableDefs.obj (ECap2RegsFile)

ECap3RegsFile 
*          1    00006a40    00000020     UNINITIALIZED
                  00006a40    00000020     F2806x_GlobalVariableDefs.obj (ECap3RegsFile)

HRCap1RegsFile 
*          1    00006ac0    00000020     UNINITIALIZED
                  00006ac0    00000020     F2806x_GlobalVariableDefs.obj (HRCap1RegsFile)

HRCap2RegsFile 
*          1    00006ae0    00000020     UNINITIALIZED
                  00006ae0    00000020     F2806x_GlobalVariableDefs.obj (HRCap2RegsFile)

EQep1RegsFile 
*          1    00006b00    00000022     UNINITIALIZED
                  00006b00    00000022     F2806x_GlobalVariableDefs.obj (EQep1RegsFile)

EQep2RegsFile 
*          1    00006b40    00000022     UNINITIALIZED
                  00006b40    00000022     F2806x_GlobalVariableDefs.obj (EQep2RegsFile)

HRCap3RegsFile 
*          1    00006c80    00000020     UNINITIALIZED
                  00006c80    00000020     F2806x_GlobalVariableDefs.obj (HRCap3RegsFile)

HRCap4RegsFile 
*          1    00006ca0    00000020     UNINITIALIZED
                  00006ca0    00000020     F2806x_GlobalVariableDefs.obj (HRCap4RegsFile)

GpioCtrlRegsFile 
*          1    00006f80    00000040     UNINITIALIZED
                  00006f80    00000040     F2806x_GlobalVariableDefs.obj (GpioCtrlRegsFile)

GpioDataRegsFile 
*          1    00006fc0    00000020     UNINITIALIZED
                  00006fc0    00000020     F2806x_GlobalVariableDefs.obj (GpioDataRegsFile)

GpioIntRegsFile 
*          1    00006fe0    00000020     UNINITIALIZED
                  00006fe0    00000020     F2806x_GlobalVariableDefs.obj (GpioIntRegsFile)

SysCtrlRegsFile 
*          1    00007010    00000030     UNINITIALIZED
                  00007010    00000030     F2806x_GlobalVariableDefs.obj (SysCtrlRegsFile)

SpiaRegsFile 
*          1    00007040    00000010     UNINITIALIZED
                  00007040    00000010     F2806x_GlobalVariableDefs.obj (SpiaRegsFile)

SciaRegsFile 
*          1    00007050    00000010     UNINITIALIZED
                  00007050    00000010     F2806x_GlobalVariableDefs.obj (SciaRegsFile)

NmiIntruptRegsFile 
*          1    00007060    00000010     UNINITIALIZED
                  00007060    00000010     F2806x_GlobalVariableDefs.obj (NmiIntruptRegsFile)

XIntruptRegsFile 
*          1    00007070    00000010     UNINITIALIZED
                  00007070    00000010     F2806x_GlobalVariableDefs.obj (XIntruptRegsFile)

AdcRegsFile 
*          1    00007100    00000050     UNINITIALIZED
                  00007100    00000050     F2806x_GlobalVariableDefs.obj (AdcRegsFile)

SpibRegsFile 
*          1    00007740    00000010     UNINITIALIZED
                  00007740    00000010     F2806x_GlobalVariableDefs.obj (SpibRegsFile)

ScibRegsFile 
*          1    00007750    00000010     UNINITIALIZED
                  00007750    00000010     F2806x_GlobalVariableDefs.obj (ScibRegsFile)

I2caRegsFile 
*          1    00007900    00000022     UNINITIALIZED
                  00007900    00000022     F2806x_GlobalVariableDefs.obj (I2caRegsFile)

PartIdRegsFile 
*          1    003d7e80    00000001     UNINITIALIZED
                  003d7e80    00000001     F2806x_GlobalVariableDefs.obj (PartIdRegsFile)

CsmPwlFile 
*          1    003f7ff8    00000008     UNINITIALIZED
                  003f7ff8    00000008     F2806x_GlobalVariableDefs.obj (CsmPwlFile)

.text      0    003d8000    00002993     
                  003d8000    0000128f     mcb_pmsm_foc_sensorless_f28069MLaunchPad.obj (.text)
                  003d928f    00000527     MW_c2000ISR.obj (.text)
                  003d97b6    0000039b     F2806x_DefaultIsr.obj (.text:retain)
                  003d9b51    000001df     F2806x_Adc.obj (.text)
                  003d9d30    0000018c     F2806x_SysCtrl.obj (.text)
                  003d9ebc    00000168     DSP28xx_SciUtil.obj (.text)
                  003da024    00000128     mcb_pmsm_foc_sensorless_f28069MLaunchPad.obj (.text:retain)
                  003da14c    000000ff     MW_c28xGPIO.obj (.text)
                  003da24b    000000bd     MW_c28xSPI.obj (.text)
                  003da308    0000007d     MW_SPI.obj (.text)
                  003da385    0000007c     ert_main.obj (.text)
                  003da401    00000073     MW_c28xx_adc.obj (.text)
                  003da474    00000064     rt_nonfinite.obj (.text)
                  003da4d8    0000005e     MW_c28xx_csl.obj (.text)
                  003da536    00000059     rts2800_fpu32.lib : s_floorf.c.obj (.text)
                  003da58f    00000058     F2806x_CpuTimers.obj (.text)
                  003da5e7    00000056     rts2800_fpu32.lib : boot28.asm.obj (.text)
                  003da63d    0000004f     rts2800_fpu32_fast_supplement.lib : atan2_f32.obj (.text)
                  003da68c    0000004a                                       : atan_f32.obj (.text)
                  003da6d6    00000046     MW_c28xx_board.obj (.text)
                  003da71c    00000044     c2806xSchedulerTimer0.obj (.text:retain)
                  003da760    00000042     c2806xSchedulerTimer0.obj (.text)
                  003da7a2    00000034     rts2800_fpu32_fast_supplement.lib : cos_f32.obj (.text)
                  003da7d6    00000034                                       : sin_f32.obj (.text)
                  003da80a    00000029     MW_c28xx_pwm.obj (.text)
                  003da833    00000029     rts2800_fpu32.lib : exit.c.obj (.text)
                  003da85c    00000028     F2806x_PieCtrl.obj (.text)
                  003da884    00000024     rts2800_fpu32.lib : cpy_tbl.c.obj (.text)
                  003da8a8    00000021     rts2800_fpu32_fast_supplement.lib : sqrt_f32.obj (.text)
                  003da8c9    0000001e     c2806xBoard_Realtime_Support.obj (.text)
                  003da8e7    0000001d     rts2800_fpu32.lib : memcpy.c.obj (.text)
                  003da904    00000019     rts2800_fpu32_fast_supplement.lib : div_f32.obj (.text)
                  003da91d    00000018     rtGetInf.obj (.text)
                  003da935    00000012     MW_c28xGlobalInterrupts.obj (.text)
                  003da947    00000012     rts2800_fpu32.lib : args_main.c.obj (.text)
                  003da959    00000011     F2806x_PieVect.obj (.text)
                  003da96a    0000000c     rtGetNaN.obj (.text)
                  003da976    00000009     rts2800_fpu32.lib : _lock.c.obj (.text)
                  003da97f    00000008     F2806x_CodeStartBranch.obj (.text)
                  003da987    00000007     rts2800_fpu32.lib : memset.c.obj (.text)
                  003da98e    00000002     blapp_support.obj (.text)
                  003da990    00000002     rts2800_fpu32.lib : pre_init.c.obj (.text)
                  003da992    00000001                       : startup.c.obj (.text)

.bss       1    0000e000    00000000     UNINITIALIZED

.ebss      1    0000e000    000006c3     UNINITIALIZED
                  0000e000    0000066c     mcb_pmsm_foc_sensorless_f28069MLaunchPad.obj (.ebss)
                  0000e66c    0000000c     rt_nonfinite.obj (.ebss)
                  0000e678    00000006     rts2800_fpu32.lib : exit.c.obj (.ebss)
                  0000e67e    00000002                       : _lock.c.obj (.ebss:__lock)
                  0000e680    00000018     F2806x_CpuTimers.obj (.ebss)
                  0000e698    00000018     MW_c28xSPI.obj (.ebss:_mySpiObj)
                  0000e6b0    00000004     DSP28xx_SciUtil.obj (.ebss)
                  0000e6b4    00000004     MW_c28xSPI.obj (.ebss:_SPI_oneTimeInit)
                  0000e6b8    00000003     ert_main.obj (.ebss)
                  0000e6bb    00000001     MW_c28xGPIO.obj (.ebss)
                  0000e6bc    00000002     rts2800_fpu32.lib : _lock.c.obj (.ebss:__unlock)
                  0000e6be    00000002     ert_main.obj (.ebss:_isRateRunning)
                  0000e6c0    00000002     ert_main.obj (.ebss:_need2runFlags)
                  0000e6c2    00000001     MW_c28xGlobalInterrupts.obj (.ebss)

.cinit     0    003dbd3e    0000003b     
                  003dbd3e    0000000e     rts2800_fpu32.lib : exit.c.obj (.cinit)
                  003dbd4c    00000007     MW_c28xSPI.obj (.cinit:_SPI_oneTimeInit)
                  003dbd53    00000005     rts2800_fpu32.lib : _lock.c.obj (.cinit:__lock)
                  003dbd58    00000005                       : _lock.c.obj (.cinit:__unlock)
                  003dbd5d    00000005     ert_main.obj (.cinit:_isRateRunning)
                  003dbd62    00000005     ert_main.obj (.cinit:_need2runFlags)
                  003dbd67    00000004     MW_c28xGPIO.obj (.cinit)
                  003dbd6b    00000004     MW_c28xGlobalInterrupts.obj (.cinit)
                  003dbd6f    00000004     ert_main.obj (.cinit)
                  003dbd73    00000004     mcb_pmsm_foc_sensorless_f28069MLaunchPad.obj (.cinit)
                  003dbd77    00000002     --HOLE-- [fill = 0]

.pinit     0    003d8000    00000000     UNINITIALIZED

.econst    0    003db462    000008dc     
                  003db462    000007d4     mcb_pmsm_foc_sensorless_f28069MLaunchPad_data.obj (.econst:_mcb_pmsm_foc_sensorless__ConstP)
                  003dbc36    00000100     F2806x_PieVect.obj (.econst:_PieVectTableInit)
                  003dbd36    00000004     mcb_pmsm_foc_sensorless_f28069MLaunchPad_data.obj (.econst:_mcb_pmsm_foc_sensorless__ConstB)
                  003dbd3a    00000002     mcb_pmsm_foc_sensorless_f28069MLaunchPad.obj (.econst)
                  003dbd3c    00000002     rts2800_fpu32.lib : s_floorf.c.obj (.econst)

.reset     0    003fffc0    00000002     DSECT
                  003fffc0    00000002     rts2800_fpu32.lib : boot28.asm.obj (.reset)

.data      1    0000e000    00000000     UNINITIALIZED

.stack     1    00000002    00000400     UNINITIALIZED
                  00000002    00000400     --HOLE--

codestart 
*          0    003f7ff6    00000002     
                  003f7ff6    00000002     F2806x_CodeStartBranch.obj (codestart)

ramfuncs   0    003da993    00000ace     RUN ADDR = 00008000
                  003da993    00000aad     mcb_pmsm_foc_sensorless_f28069MLaunchPad.obj (ramfuncs)
                  003db440    0000001d     F2806x_SysCtrl.obj (ramfuncs)
                  003db45d    00000004     F2806x_usDelay.obj (ramfuncs)

FPUmathTables 
*          0    003fd590    000006a0     NOLOAD SECTION
                  003fd590    000006a0     rts2800_fpu32_fast_supplement.lib : FPUmathTables.obj (FPUmathTables)

MODULE SUMMARY

       Module                                              code    initialized data   uninitialized data
       ------                                              ----    ----------------   ------------------
    <current directory>
       mcb_pmsm_foc_sensorless_f28069MLaunchPad.obj        10513   6                  1644              
       F2806x_GlobalVariableDefs.obj                       0       0                  3550              
       mcb_pmsm_foc_sensorless_f28069MLaunchPad_data.obj   0       2008               0                 
       MW_c2000ISR.obj                                     1319    0                  0                 
       F2806x_DefaultIsr.obj                               923     0                  0                 
       F2806x_Adc.obj                                      479     0                  0                 
       F2806x_SysCtrl.obj                                  454     0                  0                 
       DSP28xx_SciUtil.obj                                 360     0                  4                 
       F2806x_PieVect.obj                                  17      256                0                 
       MW_c28xGPIO.obj                                     255     4                  1                 
       MW_c28xSPI.obj                                      189     7                  28                
       ert_main.obj                                        124     14                 7                 
       c2806xSchedulerTimer0.obj                           134     0                  0                 
       MW_SPI.obj                                          125     0                  0                 
       MW_c28xx_adc.obj                                    115     0                  0                 
       F2806x_CpuTimers.obj                                88      0                  24                
       rt_nonfinite.obj                                    100     0                  12                
       MW_c28xx_csl.obj                                    94      0                  0                 
       MW_c28xx_board.obj                                  70      0                  0                 
       MW_c28xx_pwm.obj                                    41      0                  0                 
       F2806x_PieCtrl.obj                                  40      0                  0                 
       c2806xBoard_Realtime_Support.obj                    30      0                  0                 
       rtGetInf.obj                                        24      0                  0                 
       MW_c28xGlobalInterrupts.obj                         18      4                  1                 
       rtGetNaN.obj                                        12      0                  0                 
       F2806x_CodeStartBranch.obj                          10      0                  0                 
       F2806x_usDelay.obj                                  8       0                  0                 
       blapp_support.obj                                   2       0                  0                 
    +--+---------------------------------------------------+-------+------------------+--------------------+
       Total:                                              15544   2299               5271              
                                                                                                        
    C:/ProgramData/MATLAB/tic2000/3P.instrset/tic28xcodegentools.instrset/ti-cgt-c2000_22.6.0.LTS/lib/rts2800_fpu32.lib
       s_floorf.c.obj                                      89      2                  0                 
       boot28.asm.obj                                      86      0                  0                 
       exit.c.obj                                          41      14                 6                 
       cpy_tbl.c.obj                                       36      0                  0                 
       memcpy.c.obj                                        29      0                  0                 
       _lock.c.obj                                         9       10                 4                 
       args_main.c.obj                                     18      0                  0                 
       memset.c.obj                                        7       0                  0                 
       pre_init.c.obj                                      2       0                  0                 
       startup.c.obj                                       1       0                  0                 
    +--+---------------------------------------------------+-------+------------------+--------------------+
       Total:                                              318     26                 10                
                                                                                                        
    C:/ti/controlSUITE/libs/math/FPUfastRTS/V100/lib/rts2800_fpu32_fast_supplement.lib
       FPUmathTables.obj                                   0       1696               0                 
       atan2_f32.obj                                       79      0                  0                 
       atan_f32.obj                                        74      0                  0                 
       cos_f32.obj                                         52      0                  0                 
       sin_f32.obj                                         52      0                  0                 
       sqrt_f32.obj                                        33      0                  0                 
       div_f32.obj                                         25      0                  0                 
    +--+---------------------------------------------------+-------+------------------+--------------------+
       Total:                                              315     1696               0                 
                                                                                                        
       Stack:                                              0       0                  1024              
    +--+---------------------------------------------------+-------+------------------+--------------------+
       Grand Total:                                        16177   4021               6305              


GLOBAL DATA SYMBOLS: SORTED BY DATA PAGE

address     data page           name
--------    ----------------    ----
00000002       0 (00000000)     __stack

00000880      22 (00000880)     _DevEmuRegs

00000985      26 (00000980)     _SysPwrCtrlRegs

00000a80      2a (00000a80)     _FlashRegs

00000ae0      2b (00000ac0)     _CsmRegs

00000b00      2c (00000b00)     _AdcResult

00000c00      30 (00000c00)     _CpuTimer0Regs
00000c08      30 (00000c00)     _CpuTimer1Regs
00000c10      30 (00000c00)     _CpuTimer2Regs

00000ce0      33 (00000cc0)     _PieCtrlRegs

00000d00      34 (00000d00)     _EmuKey
00000d00      34 (00000d00)     _PieVectTable
00000d01      34 (00000d00)     _EmuBMode
00000d02      34 (00000d00)     _Flash_CallbackPtr
00000d04      34 (00000d00)     _Flash_CPUScaleFactor

00001000      40 (00001000)     _DmaRegs

00001400      50 (00001400)     _Cla1Regs

00004000     100 (00004000)     _Usb0Regs

00005000     140 (00005000)     _McbspaRegs

00006000     180 (00006000)     _ECanaRegs

00006040     181 (00006040)     _ECanaLAMRegs

00006080     182 (00006080)     _ECanaMOTSRegs

000060c0     183 (000060c0)     _ECanaMOTORegs

00006100     184 (00006100)     _ECanaMboxes

00006400     190 (00006400)     _Comp1Regs
00006420     190 (00006400)     _Comp2Regs

00006440     191 (00006440)     _Comp3Regs

00006800     1a0 (00006800)     _EPwm1Regs

00006840     1a1 (00006840)     _EPwm2Regs

00006880     1a2 (00006880)     _EPwm3Regs

000068c0     1a3 (000068c0)     _EPwm4Regs

00006900     1a4 (00006900)     _EPwm5Regs

00006940     1a5 (00006940)     _EPwm6Regs

00006980     1a6 (00006980)     _EPwm7Regs

000069c0     1a7 (000069c0)     _EPwm8Regs

00006a00     1a8 (00006a00)     _ECap1Regs
00006a20     1a8 (00006a00)     _ECap2Regs

00006a40     1a9 (00006a40)     _ECap3Regs

00006ac0     1ab (00006ac0)     _HRCap1Regs
00006ae0     1ab (00006ac0)     _HRCap2Regs

00006b00     1ac (00006b00)     _EQep1Regs

00006b40     1ad (00006b40)     _EQep2Regs

00006c80     1b2 (00006c80)     _HRCap3Regs
00006ca0     1b2 (00006c80)     _HRCap4Regs

00006f80     1be (00006f80)     _GpioCtrlRegs

00006fc0     1bf (00006fc0)     _GpioDataRegs
00006fe0     1bf (00006fc0)     _GpioIntRegs

00007010     1c0 (00007000)     _SysCtrlRegs

00007040     1c1 (00007040)     _SpiaRegs
00007050     1c1 (00007040)     _SciaRegs
00007060     1c1 (00007040)     _NmiIntruptRegs
00007070     1c1 (00007040)     _XIntruptRegs

00007100     1c4 (00007100)     _AdcRegs

00007740     1dd (00007740)     _SpibRegs
00007750     1dd (00007740)     _ScibRegs

00007900     1e4 (00007900)     _I2caRegs

0000e000     380 (0000e000)     _MW_adcInitFlag
0000e006     380 (0000e000)     _mcb_pmsm_foc_sen_PrevZCSigState

0000e040     381 (0000e040)     _mcb_pmsm_foc_sensorless_f_DWork

0000e140     385 (0000e140)     _mcb_pmsm_foc_sensorless_f2806_B

0000e66c     399 (0000e640)     _rtInf
0000e66e     399 (0000e640)     _rtMinusInf
0000e670     399 (0000e640)     _rtNaN
0000e672     399 (0000e640)     _rtInfF
0000e674     399 (0000e640)     _rtMinusInfF
0000e676     399 (0000e640)     _rtNaNF
0000e678     399 (0000e640)     ___TI_enable_exit_profile_output
0000e67a     399 (0000e640)     ___TI_cleanup_ptr
0000e67c     399 (0000e640)     ___TI_dtors_ptr
0000e67e     399 (0000e640)     __lock

0000e680     39a (0000e680)     _CpuTimer0
0000e688     39a (0000e680)     _CpuTimer1
0000e690     39a (0000e680)     _CpuTimer2
0000e698     39a (0000e680)     _mySpiObj
0000e6b0     39a (0000e680)     _checkSCITransmitInProgressA
0000e6b1     39a (0000e680)     _frameA1Transmitted
0000e6b2     39a (0000e680)     _frameA1Count
0000e6b4     39a (0000e680)     _SPI_oneTimeInit
0000e6b8     39a (0000e680)     _IsrOverrun
0000e6b9     39a (0000e680)     _stopRequested
0000e6ba     39a (0000e680)     _runModel
0000e6bb     39a (0000e680)     _GPIO_oneTimeInit
0000e6bc     39a (0000e680)     __unlock
0000e6be     39a (0000e680)     _isRateRunning

0000e6c0     39b (0000e6c0)     _need2runFlags
0000e6c2     39b (0000e6c0)     _MW_InterruptDisableLock

003d7e80    f5fa (003d7e80)     _PartIdRegs

003db462    f6d1 (003db440)     _mcb_pmsm_foc_sensorless__ConstP

003dbc36    f6f0 (003dbc00)     _PieVectTableInit

003dbd36    f6f4 (003dbd00)     _mcb_pmsm_foc_sensorless__ConstB
003dbd3a    f6f4 (003dbd00)     _mcb_pmsm_foc_sensorless_f280_M

003f7ff8    fdff (003f7fc0)     _CsmPwl

003fd590    ff56 (003fd580)     _FPUsinTable

003fd690    ff5a (003fd680)     _FPUcosTable

003fd990    ff66 (003fd980)     _FPUsinTableEnd

003fda92    ff6a (003fda80)     _FPUatan2HalfPITable
003fda92    ff6a (003fda80)     _FPUcosTableEnd
003fda96    ff6a (003fda80)     _FPUatan2Table

003fdc1c    ff70 (003fdc00)     _FPUatan2TableEnd


GLOBAL SYMBOLS: SORTED ALPHABETICALLY BY Name 

page  address   name                                                              
----  -------   ----                                                              
1     0000e000  .bss                                                              
1     0000e000  .data                                                             
0     003d8000  .text                                                             
0     003da833  C$$EXIT                                                           
0     003da904  FS$$DIV                                                           
0     003da0e1  _ADCINT1                                                          
0     003d9b47  _ADCINT1_ISR                                                      
0     003d9b3d  _ADCINT2_ISR                                                      
0     003d9b33  _ADCINT3_ISR                                                      
0     003d9b29  _ADCINT4_ISR                                                      
0     003d9b1f  _ADCINT5_ISR                                                      
0     003d9b15  _ADCINT6_ISR                                                      
0     003d9b0b  _ADCINT7_ISR                                                      
0     003d9b01  _ADCINT8_ISR                                                      
0     003d9af7  _ADCINT9_ISR                                                      
0     003d9ba0  _AdcChanSelect                                                    
0     003d9bf8  _AdcConversion                                                    
0     003d9d0b  _AdcOffsetSelfCal                                                 
1     00007100  _AdcRegs                                                          
1     00000b00  _AdcResult                                                        
0     003d9aed  _CLA1_INT1_ISR                                                    
0     003d9ae3  _CLA1_INT2_ISR                                                    
0     003d9ad9  _CLA1_INT3_ISR                                                    
0     003d9acf  _CLA1_INT4_ISR                                                    
0     003d9ac5  _CLA1_INT5_ISR                                                    
0     003d9abb  _CLA1_INT6_ISR                                                    
0     003d9ab1  _CLA1_INT7_ISR                                                    
0     003d9aa7  _CLA1_INT8_ISR                                                    
1     00001400  _Cla1Regs                                                         
1     00006400  _Comp1Regs                                                        
1     00006420  _Comp2Regs                                                        
1     00006440  _Comp3Regs                                                        
0     003da5c4  _ConfigCpuTimer                                                   
1     0000e680  _CpuTimer0                                                        
1     00000c00  _CpuTimer0Regs                                                    
1     0000e688  _CpuTimer1                                                        
1     00000c08  _CpuTimer1Regs                                                    
1     0000e690  _CpuTimer2                                                        
1     00000c10  _CpuTimer2Regs                                                    
1     003f7ff8  _CsmPwl                                                           
1     00000ae0  _CsmRegs                                                          
0     003d9e8e  _CsmUnlock                                                        
0     003d9a9d  _DATALOG_ISR                                                      
0     003d9a93  _DINTCH1_ISR                                                      
0     003d9a89  _DINTCH2_ISR                                                      
0     003d9a7f  _DINTCH3_ISR                                                      
0     003d9a75  _DINTCH4_ISR                                                      
0     003d9a6b  _DINTCH5_ISR                                                      
0     003d9a61  _DINTCH6_ISR                                                      
0     00008aca  _DSP28x_usDelay                                                   
1     00000880  _DevEmuRegs                                                       
0     003d9d79  _DisableDog                                                       
1     00001000  _DmaRegs                                                          
0     003d9a57  _ECAN0INTA_ISR                                                    
0     003d9a4d  _ECAN1INTA_ISR                                                    
0     003d9a43  _ECAP1_INT_ISR                                                    
0     003d9a39  _ECAP2_INT_ISR                                                    
0     003d9a2f  _ECAP3_INT_ISR                                                    
1     00006040  _ECanaLAMRegs                                                     
1     000060c0  _ECanaMOTORegs                                                    
1     00006080  _ECanaMOTSRegs                                                    
1     00006100  _ECanaMboxes                                                      
1     00006000  _ECanaRegs                                                        
1     00006a00  _ECap1Regs                                                        
1     00006a20  _ECap2Regs                                                        
1     00006a40  _ECap3Regs                                                        
0     003d9a22  _EMPTY_ISR                                                        
0     003d9a18  _EMUINT_ISR                                                       
0     003d9a0e  _EPWM1_INT_ISR                                                    
0     003d9a04  _EPWM1_TZINT_ISR                                                  
0     003d99fa  _EPWM2_INT_ISR                                                    
0     003d99f0  _EPWM2_TZINT_ISR                                                  
0     003d99e6  _EPWM3_INT_ISR                                                    
0     003d99dc  _EPWM3_TZINT_ISR                                                  
0     003d99d2  _EPWM4_INT_ISR                                                    
0     003d99c8  _EPWM4_TZINT_ISR                                                  
0     003d99be  _EPWM5_INT_ISR                                                    
0     003d99b4  _EPWM5_TZINT_ISR                                                  
0     003d99aa  _EPWM6_INT_ISR                                                    
0     003d99a0  _EPWM6_TZINT_ISR                                                  
0     003d9996  _EPWM7_INT_ISR                                                    
0     003d998c  _EPWM7_TZINT_ISR                                                  
0     003d9982  _EPWM8_INT_ISR                                                    
0     003d9978  _EPWM8_TZINT_ISR                                                  
1     00006800  _EPwm1Regs                                                        
1     00006840  _EPwm2Regs                                                        
1     00006880  _EPwm3Regs                                                        
1     000068c0  _EPwm4Regs                                                        
1     00006900  _EPwm5Regs                                                        
1     00006940  _EPwm6Regs                                                        
1     00006980  _EPwm7Regs                                                        
1     000069c0  _EPwm8Regs                                                        
0     003d996e  _EQEP1_INT_ISR                                                    
0     003d9964  _EQEP2_INT_ISR                                                    
1     00006b00  _EQep1Regs                                                        
1     00006b40  _EQep2Regs                                                        
1     00000d01  _EmuBMode                                                         
1     00000d00  _EmuKey                                                           
0     003da87b  _EnableInterrupts                                                 
0     003d9e76  _ExtOscSel                                                        
0     003fda92  _FPUatan2HalfPITable                                              
0     003fda96  _FPUatan2Table                                                    
0     003fdc1c  _FPUatan2TableEnd                                                 
0     003fd690  _FPUcosTable                                                      
0     003fda92  _FPUcosTableEnd                                                   
0     003fd590  _FPUsinTable                                                      
0     003fd990  _FPUsinTableEnd                                                   
1     00000a80  _FlashRegs                                                        
1     00000d04  _Flash_CPUScaleFactor                                             
1     00000d02  _Flash_CallbackPtr                                                
0     003da237  _GPIO_ReadPin                                                     
0     003da14c  _GPIO_SetupPinMux                                                 
0     003da173  _GPIO_SetupPinOptions                                             
0     003da223  _GPIO_TogglePin                                                   
0     003da209  _GPIO_WritePin                                                    
1     0000e6bb  _GPIO_oneTimeInit                                                 
1     00006f80  _GpioCtrlRegs                                                     
1     00006fc0  _GpioDataRegs                                                     
1     00006fe0  _GpioIntRegs                                                      
0     003d995a  _HRCAP1_INT_ISR                                                   
0     003d9950  _HRCAP2_INT_ISR                                                   
0     003d9946  _HRCAP3_INT_ISR                                                   
0     003d993c  _HRCAP4_INT_ISR                                                   
1     00006ac0  _HRCap1Regs                                                       
1     00006ae0  _HRCap2Regs                                                       
1     00006c80  _HRCap3Regs                                                       
1     00006ca0  _HRCap4Regs                                                       
0     003d979e  _HWI_TIC28x_AcknowledgeIrq                                        
0     003d9792  _HWI_TIC28x_ConfigureIRQ                                          
0     003d95c4  _HWI_TIC28x_DisableIRQ                                            
0     003d9410  _HWI_TIC28x_EnableIRQ                                             
0     003d928f  _HWI_TIC28x_EnablePendingIRQ                                      
0     003d9932  _I2CINT1A_ISR                                                     
0     003d9928  _I2CINT2A_ISR                                                     
1     00007900  _I2caRegs                                                         
0     003d991e  _ILLEGAL_ISR                                                      
0     003d9914  _INT13_ISR                                                        
0     003d990a  _INT14_ISR                                                        
0     003d9b77  _InitAdc                                                          
0     003d9b51  _InitAdcAio                                                       
0     003da58f  _InitCpuTimers                                                    
0     00008aad  _InitFlash                                                        
0     003da1e3  _InitGpio                                                         
0     003d9dd2  _InitPeripheralClocks                                             
0     003da85c  _InitPieCtrl                                                      
0     003da959  _InitPieVectTable                                                 
0     003d9d81  _InitPll                                                          
0     003d9e49  _InitPll2                                                         
0     003d9e31  _InitSysCtrl                                                      
0     003d9d69  _IntOsc1Sel                                                       
0     003d9d55  _IntOsc2Sel                                                       
1     0000e6b8  _IsrOverrun                                                       
0     003d9900  _LUF_ISR                                                          
0     003d98f6  _LVF_ISR                                                          
0     003d98ec  _MRINTA_ISR                                                       
1     0000e6c2  _MW_InterruptDisableLock                                          
0     003da384  _MW_SPI_Close                                                     
0     003da382  _MW_SPI_GetStatus                                                 
0     003da356  _MW_SPI_MasterWriteRead_8bits                                     
0     003da33e  _MW_SPI_Open                                                      
0     003da33c  _MW_SPI_SetBusSpeed                                               
0     003da30c  _MW_SPI_SetFormat                                                 
0     003da30a  _MW_SPI_SetSlaveSelect                                            
0     003da308  _MW_SPI_SlaveWriteRead_8bits                                      
1     0000e000  _MW_adcInitFlag                                                   
0     003d98e2  _MXINTA_ISR                                                       
1     00005000  _McbspaRegs                                                       
0     003d98d8  _NMI_ISR                                                          
1     00007060  _NmiIntruptRegs                                                   
0     003da200  _OneTimeGpioInit                                                  
0     003d98ce  _PIE_RESERVED                                                     
1     003d7e80  _PartIdRegs                                                       
1     00000ce0  _PieCtrlRegs                                                      
1     00000d00  _PieVectTable                                                     
0     003dbc36  _PieVectTableInit                                                 
0     003d98c4  _RTOSINT_ISR                                                      
0     003db461  _RamfuncsLoadEnd                                                  
0     003da993  _RamfuncsLoadStart                                                
0     00008000  _RamfuncsRunStart                                                 
0     003da024  _SCIRXINTA                                                        
0     003d98ba  _SCIRXINTA_ISR                                                    
0     003d98b0  _SCIRXINTB_ISR                                                    
0     003d98a6  _SCITXINTA_ISR                                                    
0     003d989c  _SCITXINTB_ISR                                                    
0     003d9892  _SPIRXINTA_ISR                                                    
0     003d9888  _SPIRXINTB_ISR                                                    
0     003d987e  _SPITXINTA_ISR                                                    
0     003d9874  _SPITXINTB_ISR                                                    
0     003da2f3  _SPI_clockFormat                                                  
0     003da279  _SPI_init                                                         
1     0000e6b4  _SPI_oneTimeInit                                                  
0     003da24b  _SPI_status                                                       
1     00007050  _SciaRegs                                                         
1     00007750  _ScibRegs                                                         
0     003d9d4b  _ServiceDog                                                       
0     003da1d8  _Set_GPIOPin                                                      
1     00007040  _SpiaRegs                                                         
1     00007740  _SpibRegs                                                         
1     00007010  _SysCtrlRegs                                                      
1     00000985  _SysPwrCtrlRegs                                                   
0     003d986a  _TINT0_ISR                                                        
0     003da71c  _TINT0_isr                                                        
0     003d9860  _USB0_INT_ISR                                                     
0     003d9856  _USER10_ISR                                                       
0     003d984c  _USER11_ISR                                                       
0     003d9842  _USER12_ISR                                                       
0     003d9838  _USER1_ISR                                                        
0     003d982e  _USER2_ISR                                                        
0     003d9824  _USER3_ISR                                                        
0     003d981a  _USER4_ISR                                                        
0     003d9810  _USER5_ISR                                                        
0     003d9806  _USER6_ISR                                                        
0     003d97fc  _USER7_ISR                                                        
0     003d97f2  _USER8_ISR                                                        
0     003d97e8  _USER9_ISR                                                        
1     00004000  _Usb0Regs                                                         
0     003d97de  _WAKEINT_ISR                                                      
0     003d97d4  _XINT1_ISR                                                        
0     003d97ca  _XINT2_ISR                                                        
0     003d97c0  _XINT3_ISR                                                        
1     00007070  _XIntruptRegs                                                     
0     003d9d30  _XtalOscSel                                                       
1     00000402  __STACK_END                                                       
abs   00000400  __STACK_SIZE                                                      
1     0000e67a  ___TI_cleanup_ptr                                                 
1     0000e67c  ___TI_dtors_ptr                                                   
1     0000e678  ___TI_enable_exit_profile_output                                  
abs   ffffffff  ___TI_pprof_out_hndl                                              
abs   ffffffff  ___TI_prof_data_size                                              
abs   ffffffff  ___TI_prof_data_start                                             
abs   ffffffff  ___binit__                                                        
1     0000e000  ___bss__                                                          
abs   ffffffff  ___c_args__                                                       
0     003dbd3e  ___cinit__                                                        
1     0000e000  ___data__                                                         
1     0000e000  ___edata__                                                        
1     0000e000  ___end__                                                          
0     003da993  ___etext__                                                        
abs   ffffffff  ___pinit__                                                        
0     003d8000  ___text__                                                         
0     003da947  __args_main                                                       
1     0000e67e  __lock                                                            
0     003da97e  __nop                                                             
0     003da97a  __register_lock                                                   
0     003da976  __register_unlock                                                 
1     00000002  __stack                                                           
0     003da992  __system_post_cinit                                               
0     003da990  __system_pre_init                                                 
1     0000e6bc  __unlock                                                          
0     003da833  _abort                                                            
0     003da68c  _atan                                                             
0     003da63d  _atan2                                                            
0     003da8e4  _atan2f                                                           
0     003da8e1  _atanf                                                            
0     003da98f  _bootloaderBackgroundTask                                         
0     003da98e  _bootloaderInit                                                   
0     003da8d2  _c2000_flash_init                                                 
0     003da5e7  _c_int00                                                          
1     0000e6b0  _checkSCITransmitInProgressA                                      
0     003da434  _config_ADC_SOC0_SOC1                                             
0     003da401  _config_ADC_SOC2_SOC3                                             
0     003da832  _config_ePWMSyncSource                                            
0     003da812  _config_ePWM_GPIO                                                 
0     003da80a  _config_ePWM_TBSync                                               
0     003da781  _configureTimer0                                                  
0     003da884  _copy_in                                                          
0     003da7a2  _cos                                                              
0     003da8cf  _cosf                                                             
0     003da760  _disableTimer0Interrupt                                           
0     003da52f  _disableWatchdog                                                  
0     003da771  _enableTimer0Interrupt                                            
0     003da835  _exit                                                             
0     003da536  _floor                                                            
0     003da536  _floorf                                                           
1     0000e6b2  _frameA1Count                                                     
1     0000e6b1  _frameA1Transmitted                                               
0     003da93f  _globalInterruptDisable                                           
0     003da935  _globalInterruptEnable                                            
0     003da4f1  _init_SCI                                                         
0     003da01c  _init_SCIFrame                                                    
0     003da4d8  _init_SCI_GPIO                                                    
0     003da6d6  _init_board                                                       
1     0000e6be  _isRateRunning                                                    
0     003da3c2  _main                                                             
0     003d875b  _mcb__SPIMasterTransfer_Init                                      
0     003d8007  _mcb__SPIMasterTransfer_Term                                      
0     003d9282  _mcb_pm_CurrentControl_Reset                                      
0     003d85e3  _mcb_pms_CurrentControl_Init                                      
0     003d805a  _mcb_pmsm_IfActionSubsystem1                                      
0     003d8071  _mcb_pmsm__IfActionSubsystem                                      
0     003d803d  _mcb_pmsm__RunModeComputeId0                                      
0     003d8780  _mcb_pmsm__SPIMasterTransfer                                      
0     003d874b  _mcb_pmsm__SpeedControl_Init                                      
0     003d80c4  _mcb_pmsm_fo_TwophaseCRLwrap                                      
0     00008000  _mcb_pmsm_foc_CurrentControl                                      
0     003d80d5  _mcb_pmsm_foc_s_SpeedControl                                      
0     003d8096  _mcb_pmsm_foc_s_TwoinputsCRL                                      
1     0000e006  _mcb_pmsm_foc_sen_PrevZCSigState                                  
0     003d927b  _mcb_pmsm_foc_sen_Subsystem2                                      
0     003d9264  _mcb_pmsm_foc_sens_Dir_Sense                                      
0     003dbd36  _mcb_pmsm_foc_sensorless__ConstB                                  
0     003db462  _mcb_pmsm_foc_sensorless__ConstP                                  
0     003d925b  _mcb_pmsm_foc_sensorless_f28069MLaunchPad_SetEventsForThisBaseStep
0     003d9248  _mcb_pmsm_foc_sensorless_f28069MLaunchPad_configure_interrupts    
0     003d87a4  _mcb_pmsm_foc_sensorless_f28069MLaunchPad_initialize              
0     003d81d5  _mcb_pmsm_foc_sensorless_f28069MLaunchPad_step0                   
0     003d8030  _mcb_pmsm_foc_sensorless_f28069MLaunchPad_step1                   
0     003d8021  _mcb_pmsm_foc_sensorless_f28069MLaunchPad_terminate               
0     003d8000  _mcb_pmsm_foc_sensorless_f28069MLaunchPad_unconfigure_interrupts  
1     0000e140  _mcb_pmsm_foc_sensorless_f2806_B                                  
0     003dbd3a  _mcb_pmsm_foc_sensorless_f280_M                                   
1     0000e040  _mcb_pmsm_foc_sensorless_f_DWork                                  
0     003da8e7  _memcpy                                                           
0     003da987  _memset                                                           
1     0000e698  _mySpiObj                                                         
1     0000e6c0  _need2runFlags                                                    
0     003da779  _restoreTimer0Interrupt                                           
0     003d97b6  _rsvd_ISR                                                         
0     003da932  _rtGetInf                                                         
0     003da929  _rtGetInfF                                                        
0     003da926  _rtGetMinusInf                                                    
0     003da91d  _rtGetMinusInfF                                                   
0     003da973  _rtGetNaN                                                         
0     003da96a  _rtGetNaNF                                                        
1     0000e66c  _rtInf                                                            
1     0000e672  _rtInfF                                                           
0     003da4c5  _rtIsInf                                                          
0     003da4b2  _rtIsInfF                                                         
0     003da4af  _rtIsNaN                                                          
0     003da499  _rtIsNaNF                                                         
1     0000e66e  _rtMinusInf                                                       
1     0000e674  _rtMinusInfF                                                      
1     0000e670  _rtNaN                                                            
1     0000e676  _rtNaNF                                                           
0     003da474  _rt_InitInfAndNaN                                                 
0     003da385  _rt_OneStep                                                       
1     0000e6ba  _runModel                                                         
0     003d9faa  _scia_rcv                                                         
0     003d9eee  _scia_rcv_varsize                                                 
0     003d9ebc  _scia_xmit                                                        
0     003da7d6  _sin                                                              
0     003da8cc  _sinf                                                             
0     003da8a8  _sqrt                                                             
0     003da8c9  _sqrtf                                                            
1     0000e6b9  _stopRequested                                                    
abs   ffffffff  binit                                                             
0     003dbd3e  cinit                                                             
0     003f7ff6  code_start                                                        
1     0000e000  edata                                                             
1     0000e000  end                                                               
0     003da993  etext                                                             
abs   ffffffff  pinit                                                             


GLOBAL SYMBOLS: SORTED BY Symbol Address 

page  address   name                                                              
----  -------   ----                                                              
0     00008000  _RamfuncsRunStart                                                 
0     00008000  _mcb_pmsm_foc_CurrentControl                                      
0     00008aad  _InitFlash                                                        
0     00008aca  _DSP28x_usDelay                                                   
0     003d8000  .text                                                             
0     003d8000  ___text__                                                         
0     003d8000  _mcb_pmsm_foc_sensorless_f28069MLaunchPad_unconfigure_interrupts  
0     003d8007  _mcb__SPIMasterTransfer_Term                                      
0     003d8021  _mcb_pmsm_foc_sensorless_f28069MLaunchPad_terminate               
0     003d8030  _mcb_pmsm_foc_sensorless_f28069MLaunchPad_step1                   
0     003d803d  _mcb_pmsm__RunModeComputeId0                                      
0     003d805a  _mcb_pmsm_IfActionSubsystem1                                      
0     003d8071  _mcb_pmsm__IfActionSubsystem                                      
0     003d8096  _mcb_pmsm_foc_s_TwoinputsCRL                                      
0     003d80c4  _mcb_pmsm_fo_TwophaseCRLwrap                                      
0     003d80d5  _mcb_pmsm_foc_s_SpeedControl                                      
0     003d81d5  _mcb_pmsm_foc_sensorless_f28069MLaunchPad_step0                   
0     003d85e3  _mcb_pms_CurrentControl_Init                                      
0     003d874b  _mcb_pmsm__SpeedControl_Init                                      
0     003d875b  _mcb__SPIMasterTransfer_Init                                      
0     003d8780  _mcb_pmsm__SPIMasterTransfer                                      
0     003d87a4  _mcb_pmsm_foc_sensorless_f28069MLaunchPad_initialize              
0     003d9248  _mcb_pmsm_foc_sensorless_f28069MLaunchPad_configure_interrupts    
0     003d925b  _mcb_pmsm_foc_sensorless_f28069MLaunchPad_SetEventsForThisBaseStep
0     003d9264  _mcb_pmsm_foc_sens_Dir_Sense                                      
0     003d927b  _mcb_pmsm_foc_sen_Subsystem2                                      
0     003d9282  _mcb_pm_CurrentControl_Reset                                      
0     003d928f  _HWI_TIC28x_EnablePendingIRQ                                      
0     003d9410  _HWI_TIC28x_EnableIRQ                                             
0     003d95c4  _HWI_TIC28x_DisableIRQ                                            
0     003d9792  _HWI_TIC28x_ConfigureIRQ                                          
0     003d979e  _HWI_TIC28x_AcknowledgeIrq                                        
0     003d97b6  _rsvd_ISR                                                         
0     003d97c0  _XINT3_ISR                                                        
0     003d97ca  _XINT2_ISR                                                        
0     003d97d4  _XINT1_ISR                                                        
0     003d97de  _WAKEINT_ISR                                                      
0     003d97e8  _USER9_ISR                                                        
0     003d97f2  _USER8_ISR                                                        
0     003d97fc  _USER7_ISR                                                        
0     003d9806  _USER6_ISR                                                        
0     003d9810  _USER5_ISR                                                        
0     003d981a  _USER4_ISR                                                        
0     003d9824  _USER3_ISR                                                        
0     003d982e  _USER2_ISR                                                        
0     003d9838  _USER1_ISR                                                        
0     003d9842  _USER12_ISR                                                       
0     003d984c  _USER11_ISR                                                       
0     003d9856  _USER10_ISR                                                       
0     003d9860  _USB0_INT_ISR                                                     
0     003d986a  _TINT0_ISR                                                        
0     003d9874  _SPITXINTB_ISR                                                    
0     003d987e  _SPITXINTA_ISR                                                    
0     003d9888  _SPIRXINTB_ISR                                                    
0     003d9892  _SPIRXINTA_ISR                                                    
0     003d989c  _SCITXINTB_ISR                                                    
0     003d98a6  _SCITXINTA_ISR                                                    
0     003d98b0  _SCIRXINTB_ISR                                                    
0     003d98ba  _SCIRXINTA_ISR                                                    
0     003d98c4  _RTOSINT_ISR                                                      
0     003d98ce  _PIE_RESERVED                                                     
0     003d98d8  _NMI_ISR                                                          
0     003d98e2  _MXINTA_ISR                                                       
0     003d98ec  _MRINTA_ISR                                                       
0     003d98f6  _LVF_ISR                                                          
0     003d9900  _LUF_ISR                                                          
0     003d990a  _INT14_ISR                                                        
0     003d9914  _INT13_ISR                                                        
0     003d991e  _ILLEGAL_ISR                                                      
0     003d9928  _I2CINT2A_ISR                                                     
0     003d9932  _I2CINT1A_ISR                                                     
0     003d993c  _HRCAP4_INT_ISR                                                   
0     003d9946  _HRCAP3_INT_ISR                                                   
0     003d9950  _HRCAP2_INT_ISR                                                   
0     003d995a  _HRCAP1_INT_ISR                                                   
0     003d9964  _EQEP2_INT_ISR                                                    
0     003d996e  _EQEP1_INT_ISR                                                    
0     003d9978  _EPWM8_TZINT_ISR                                                  
0     003d9982  _EPWM8_INT_ISR                                                    
0     003d998c  _EPWM7_TZINT_ISR                                                  
0     003d9996  _EPWM7_INT_ISR                                                    
0     003d99a0  _EPWM6_TZINT_ISR                                                  
0     003d99aa  _EPWM6_INT_ISR                                                    
0     003d99b4  _EPWM5_TZINT_ISR                                                  
0     003d99be  _EPWM5_INT_ISR                                                    
0     003d99c8  _EPWM4_TZINT_ISR                                                  
0     003d99d2  _EPWM4_INT_ISR                                                    
0     003d99dc  _EPWM3_TZINT_ISR                                                  
0     003d99e6  _EPWM3_INT_ISR                                                    
0     003d99f0  _EPWM2_TZINT_ISR                                                  
0     003d99fa  _EPWM2_INT_ISR                                                    
0     003d9a04  _EPWM1_TZINT_ISR                                                  
0     003d9a0e  _EPWM1_INT_ISR                                                    
0     003d9a18  _EMUINT_ISR                                                       
0     003d9a22  _EMPTY_ISR                                                        
0     003d9a2f  _ECAP3_INT_ISR                                                    
0     003d9a39  _ECAP2_INT_ISR                                                    
0     003d9a43  _ECAP1_INT_ISR                                                    
0     003d9a4d  _ECAN1INTA_ISR                                                    
0     003d9a57  _ECAN0INTA_ISR                                                    
0     003d9a61  _DINTCH6_ISR                                                      
0     003d9a6b  _DINTCH5_ISR                                                      
0     003d9a75  _DINTCH4_ISR                                                      
0     003d9a7f  _DINTCH3_ISR                                                      
0     003d9a89  _DINTCH2_ISR                                                      
0     003d9a93  _DINTCH1_ISR                                                      
0     003d9a9d  _DATALOG_ISR                                                      
0     003d9aa7  _CLA1_INT8_ISR                                                    
0     003d9ab1  _CLA1_INT7_ISR                                                    
0     003d9abb  _CLA1_INT6_ISR                                                    
0     003d9ac5  _CLA1_INT5_ISR                                                    
0     003d9acf  _CLA1_INT4_ISR                                                    
0     003d9ad9  _CLA1_INT3_ISR                                                    
0     003d9ae3  _CLA1_INT2_ISR                                                    
0     003d9aed  _CLA1_INT1_ISR                                                    
0     003d9af7  _ADCINT9_ISR                                                      
0     003d9b01  _ADCINT8_ISR                                                      
0     003d9b0b  _ADCINT7_ISR                                                      
0     003d9b15  _ADCINT6_ISR                                                      
0     003d9b1f  _ADCINT5_ISR                                                      
0     003d9b29  _ADCINT4_ISR                                                      
0     003d9b33  _ADCINT3_ISR                                                      
0     003d9b3d  _ADCINT2_ISR                                                      
0     003d9b47  _ADCINT1_ISR                                                      
0     003d9b51  _InitAdcAio                                                       
0     003d9b77  _InitAdc                                                          
0     003d9ba0  _AdcChanSelect                                                    
0     003d9bf8  _AdcConversion                                                    
0     003d9d0b  _AdcOffsetSelfCal                                                 
0     003d9d30  _XtalOscSel                                                       
0     003d9d4b  _ServiceDog                                                       
0     003d9d55  _IntOsc2Sel                                                       
0     003d9d69  _IntOsc1Sel                                                       
0     003d9d79  _DisableDog                                                       
0     003d9d81  _InitPll                                                          
0     003d9dd2  _InitPeripheralClocks                                             
0     003d9e31  _InitSysCtrl                                                      
0     003d9e49  _InitPll2                                                         
0     003d9e76  _ExtOscSel                                                        
0     003d9e8e  _CsmUnlock                                                        
0     003d9ebc  _scia_xmit                                                        
0     003d9eee  _scia_rcv_varsize                                                 
0     003d9faa  _scia_rcv                                                         
0     003da01c  _init_SCIFrame                                                    
0     003da024  _SCIRXINTA                                                        
0     003da0e1  _ADCINT1                                                          
0     003da14c  _GPIO_SetupPinMux                                                 
0     003da173  _GPIO_SetupPinOptions                                             
0     003da1d8  _Set_GPIOPin                                                      
0     003da1e3  _InitGpio                                                         
0     003da200  _OneTimeGpioInit                                                  
0     003da209  _GPIO_WritePin                                                    
0     003da223  _GPIO_TogglePin                                                   
0     003da237  _GPIO_ReadPin                                                     
0     003da24b  _SPI_status                                                       
0     003da279  _SPI_init                                                         
0     003da2f3  _SPI_clockFormat                                                  
0     003da308  _MW_SPI_SlaveWriteRead_8bits                                      
0     003da30a  _MW_SPI_SetSlaveSelect                                            
0     003da30c  _MW_SPI_SetFormat                                                 
0     003da33c  _MW_SPI_SetBusSpeed                                               
0     003da33e  _MW_SPI_Open                                                      
0     003da356  _MW_SPI_MasterWriteRead_8bits                                     
0     003da382  _MW_SPI_GetStatus                                                 
0     003da384  _MW_SPI_Close                                                     
0     003da385  _rt_OneStep                                                       
0     003da3c2  _main                                                             
0     003da401  _config_ADC_SOC2_SOC3                                             
0     003da434  _config_ADC_SOC0_SOC1                                             
0     003da474  _rt_InitInfAndNaN                                                 
0     003da499  _rtIsNaNF                                                         
0     003da4af  _rtIsNaN                                                          
0     003da4b2  _rtIsInfF                                                         
0     003da4c5  _rtIsInf                                                          
0     003da4d8  _init_SCI_GPIO                                                    
0     003da4f1  _init_SCI                                                         
0     003da52f  _disableWatchdog                                                  
0     003da536  _floor                                                            
0     003da536  _floorf                                                           
0     003da58f  _InitCpuTimers                                                    
0     003da5c4  _ConfigCpuTimer                                                   
0     003da5e7  _c_int00                                                          
0     003da63d  _atan2                                                            
0     003da68c  _atan                                                             
0     003da6d6  _init_board                                                       
0     003da71c  _TINT0_isr                                                        
0     003da760  _disableTimer0Interrupt                                           
0     003da771  _enableTimer0Interrupt                                            
0     003da779  _restoreTimer0Interrupt                                           
0     003da781  _configureTimer0                                                  
0     003da7a2  _cos                                                              
0     003da7d6  _sin                                                              
0     003da80a  _config_ePWM_TBSync                                               
0     003da812  _config_ePWM_GPIO                                                 
0     003da832  _config_ePWMSyncSource                                            
0     003da833  C$$EXIT                                                           
0     003da833  _abort                                                            
0     003da835  _exit                                                             
0     003da85c  _InitPieCtrl                                                      
0     003da87b  _EnableInterrupts                                                 
0     003da884  _copy_in                                                          
0     003da8a8  _sqrt                                                             
0     003da8c9  _sqrtf                                                            
0     003da8cc  _sinf                                                             
0     003da8cf  _cosf                                                             
0     003da8d2  _c2000_flash_init                                                 
0     003da8e1  _atanf                                                            
0     003da8e4  _atan2f                                                           
0     003da8e7  _memcpy                                                           
0     003da904  FS$$DIV                                                           
0     003da91d  _rtGetMinusInfF                                                   
0     003da926  _rtGetMinusInf                                                    
0     003da929  _rtGetInfF                                                        
0     003da932  _rtGetInf                                                         
0     003da935  _globalInterruptEnable                                            
0     003da93f  _globalInterruptDisable                                           
0     003da947  __args_main                                                       
0     003da959  _InitPieVectTable                                                 
0     003da96a  _rtGetNaNF                                                        
0     003da973  _rtGetNaN                                                         
0     003da976  __register_unlock                                                 
0     003da97a  __register_lock                                                   
0     003da97e  __nop                                                             
0     003da987  _memset                                                           
0     003da98e  _bootloaderInit                                                   
0     003da98f  _bootloaderBackgroundTask                                         
0     003da990  __system_pre_init                                                 
0     003da992  __system_post_cinit                                               
0     003da993  _RamfuncsLoadStart                                                
0     003da993  ___etext__                                                        
0     003da993  etext                                                             
0     003db461  _RamfuncsLoadEnd                                                  
0     003db462  _mcb_pmsm_foc_sensorless__ConstP                                  
0     003dbc36  _PieVectTableInit                                                 
0     003dbd36  _mcb_pmsm_foc_sensorless__ConstB                                  
0     003dbd3a  _mcb_pmsm_foc_sensorless_f280_M                                   
0     003dbd3e  ___cinit__                                                        
0     003dbd3e  cinit                                                             
0     003f7ff6  code_start                                                        
0     003fd590  _FPUsinTable                                                      
0     003fd690  _FPUcosTable                                                      
0     003fd990  _FPUsinTableEnd                                                   
0     003fda92  _FPUatan2HalfPITable                                              
0     003fda92  _FPUcosTableEnd                                                   
0     003fda96  _FPUatan2Table                                                    
0     003fdc1c  _FPUatan2TableEnd                                                 
1     00000002  __stack                                                           
1     00000402  __STACK_END                                                       
1     00000880  _DevEmuRegs                                                       
1     00000985  _SysPwrCtrlRegs                                                   
1     00000a80  _FlashRegs                                                        
1     00000ae0  _CsmRegs                                                          
1     00000b00  _AdcResult                                                        
1     00000c00  _CpuTimer0Regs                                                    
1     00000c08  _CpuTimer1Regs                                                    
1     00000c10  _CpuTimer2Regs                                                    
1     00000ce0  _PieCtrlRegs                                                      
1     00000d00  _EmuKey                                                           
1     00000d00  _PieVectTable                                                     
1     00000d01  _EmuBMode                                                         
1     00000d02  _Flash_CallbackPtr                                                
1     00000d04  _Flash_CPUScaleFactor                                             
1     00001000  _DmaRegs                                                          
1     00001400  _Cla1Regs                                                         
1     00004000  _Usb0Regs                                                         
1     00005000  _McbspaRegs                                                       
1     00006000  _ECanaRegs                                                        
1     00006040  _ECanaLAMRegs                                                     
1     00006080  _ECanaMOTSRegs                                                    
1     000060c0  _ECanaMOTORegs                                                    
1     00006100  _ECanaMboxes                                                      
1     00006400  _Comp1Regs                                                        
1     00006420  _Comp2Regs                                                        
1     00006440  _Comp3Regs                                                        
1     00006800  _EPwm1Regs                                                        
1     00006840  _EPwm2Regs                                                        
1     00006880  _EPwm3Regs                                                        
1     000068c0  _EPwm4Regs                                                        
1     00006900  _EPwm5Regs                                                        
1     00006940  _EPwm6Regs                                                        
1     00006980  _EPwm7Regs                                                        
1     000069c0  _EPwm8Regs                                                        
1     00006a00  _ECap1Regs                                                        
1     00006a20  _ECap2Regs                                                        
1     00006a40  _ECap3Regs                                                        
1     00006ac0  _HRCap1Regs                                                       
1     00006ae0  _HRCap2Regs                                                       
1     00006b00  _EQep1Regs                                                        
1     00006b40  _EQep2Regs                                                        
1     00006c80  _HRCap3Regs                                                       
1     00006ca0  _HRCap4Regs                                                       
1     00006f80  _GpioCtrlRegs                                                     
1     00006fc0  _GpioDataRegs                                                     
1     00006fe0  _GpioIntRegs                                                      
1     00007010  _SysCtrlRegs                                                      
1     00007040  _SpiaRegs                                                         
1     00007050  _SciaRegs                                                         
1     00007060  _NmiIntruptRegs                                                   
1     00007070  _XIntruptRegs                                                     
1     00007100  _AdcRegs                                                          
1     00007740  _SpibRegs                                                         
1     00007750  _ScibRegs                                                         
1     00007900  _I2caRegs                                                         
1     0000e000  .bss                                                              
1     0000e000  .data                                                             
1     0000e000  _MW_adcInitFlag                                                   
1     0000e000  ___bss__                                                          
1     0000e000  ___data__                                                         
1     0000e000  ___edata__                                                        
1     0000e000  ___end__                                                          
1     0000e000  edata                                                             
1     0000e000  end                                                               
1     0000e006  _mcb_pmsm_foc_sen_PrevZCSigState                                  
1     0000e040  _mcb_pmsm_foc_sensorless_f_DWork                                  
1     0000e140  _mcb_pmsm_foc_sensorless_f2806_B                                  
1     0000e66c  _rtInf                                                            
1     0000e66e  _rtMinusInf                                                       
1     0000e670  _rtNaN                                                            
1     0000e672  _rtInfF                                                           
1     0000e674  _rtMinusInfF                                                      
1     0000e676  _rtNaNF                                                           
1     0000e678  ___TI_enable_exit_profile_output                                  
1     0000e67a  ___TI_cleanup_ptr                                                 
1     0000e67c  ___TI_dtors_ptr                                                   
1     0000e67e  __lock                                                            
1     0000e680  _CpuTimer0                                                        
1     0000e688  _CpuTimer1                                                        
1     0000e690  _CpuTimer2                                                        
1     0000e698  _mySpiObj                                                         
1     0000e6b0  _checkSCITransmitInProgressA                                      
1     0000e6b1  _frameA1Transmitted                                               
1     0000e6b2  _frameA1Count                                                     
1     0000e6b4  _SPI_oneTimeInit                                                  
1     0000e6b8  _IsrOverrun                                                       
1     0000e6b9  _stopRequested                                                    
1     0000e6ba  _runModel                                                         
1     0000e6bb  _GPIO_oneTimeInit                                                 
1     0000e6bc  __unlock                                                          
1     0000e6be  _isRateRunning                                                    
1     0000e6c0  _need2runFlags                                                    
1     0000e6c2  _MW_InterruptDisableLock                                          
1     003d7e80  _PartIdRegs                                                       
1     003f7ff8  _CsmPwl                                                           
abs   00000400  __STACK_SIZE                                                      
abs   ffffffff  ___TI_pprof_out_hndl                                              
abs   ffffffff  ___TI_prof_data_size                                              
abs   ffffffff  ___TI_prof_data_start                                             
abs   ffffffff  ___binit__                                                        
abs   ffffffff  ___c_args__                                                       
abs   ffffffff  ___pinit__                                                        
abs   ffffffff  binit                                                             
abs   ffffffff  pinit                                                             

[352 symbols]
