******************************************************************************
             TMS320C2000 Linker PC v22.6.0                     
******************************************************************************
>> Linked Fri Jun 20 11:21:43 2025

OUTPUT FILE NAME:   <../mcb_pmsm_foc_sensorless_dyno_f28379d.out>
ENTRY POINT SYMBOL: "_c_int00"  address: 00084bf8


MEMORY CONFIGURATION

         name            origin    length      used     unused   attr    fill
----------------------  --------  ---------  --------  --------  ----  --------
PAGE 0:
  BEGIN                 00000000   00000002  00000000  00000002  RWIX
  RAMLS_PROG            00008000   00002000  00001676  0000098a  RWIX
  BEGIN_FLASH           00080000   00000002  00000002  00000000  RWIX
  FLASHA_N              00080002   0003fffe  00006f4b  000390b3  RWIX
  RESET                 003fffc0   00000002  00000000  00000002  RWIX

PAGE 1:
  BOOT_RSVD             00000002   00000120  00000000  00000120  RWIX
  RAMM0M1               00000122   000006de  00000400  000002de  RWIX
  ADCARESULT            00000b00   00000018  00000018  00000000  RWIX
  ADCBRESULT            00000b20   00000018  00000018  00000000  RWIX
  ADCCRESULT            00000b40   00000018  00000018  00000000  RWIX
  ADCDRESULT            00000b60   00000018  00000018  00000000  RWIX
  CPU_TIMER0            00000c00   00000008  00000008  00000000  RWIX
  CPU_TIMER1            00000c08   00000008  00000008  00000000  RWIX
  CPU_TIMER2            00000c10   00000008  00000008  00000000  RWIX
  PIE_CTRL              00000ce0   00000020  0000001a  00000006  RWIX
  PIE_VECT              00000d00   00000200  000001c0  00000040  RWIX
  DMA                   00001000   00000200  000000e0  00000120  RWIX
  CLA1                  00001400   00000040  0000003e  00000002  RWIX
  CLA1_MSGRAMLOW        00001480   00000080  00000000  00000080  RWIX
  CLA1_MSGRAMHIGH       00001500   00000080  00000000  00000080  RWIX
  CLB1LOGICCFG          00003000   00000052  0000003e  00000014  RWIX
  CLB1LOGICCTRL         00003100   00000040  00000040  00000000  RWIX
  CLB1DATAEXCH          00003200   00000200  00000108  000000f8  RWIX
  CLB2LOGICCFG          00003400   00000052  0000003e  00000014  RWIX
  CLB2LOGICCTRL         00003500   00000040  00000040  00000000  RWIX
  CLB2DATAEXCH          00003600   00000200  00000108  000000f8  RWIX
  CLB3LOGICCFG          00003800   00000052  0000003e  00000014  RWIX
  CLB3LOGICCTRL         00003900   00000040  00000040  00000000  RWIX
  CLB3DATAEXCH          00003a00   00000200  00000108  000000f8  RWIX
  CLB4LOGICCFG          00003c00   00000052  0000003e  00000014  RWIX
  CLB4LOGICCTRL         00003d00   00000040  00000040  00000000  RWIX
  CLB4DATAEXCH          00003e00   00000200  00000108  000000f8  RWIX
  EPWM1                 00004000   00000100  00000100  00000000  RWIX
  EPWM2                 00004100   00000100  00000100  00000000  RWIX
  EPWM3                 00004200   00000100  00000100  00000000  RWIX
  EPWM4                 00004300   00000100  00000100  00000000  RWIX
  EPWM5                 00004400   00000100  00000100  00000000  RWIX
  EPWM6                 00004500   00000100  00000100  00000000  RWIX
  EPWM7                 00004600   00000100  00000100  00000000  RWIX
  EPWM8                 00004700   00000100  00000100  00000000  RWIX
  EPWM9                 00004800   00000100  00000100  00000000  RWIX
  EPWM10                00004900   00000100  00000100  00000000  RWIX
  EPWM11                00004a00   00000100  00000100  00000000  RWIX
  EPWM12                00004b00   00000100  00000100  00000000  RWIX
  ECAP1                 00005000   00000020  0000001a  00000006  RWIX
  ECAP2                 00005020   00000020  0000001a  00000006  RWIX
  ECAP3                 00005040   00000020  0000001a  00000006  RWIX
  ECAP4                 00005060   00000020  0000001a  00000006  RWIX
  ECAP5                 00005080   00000020  0000001a  00000006  RWIX
  ECAP6                 000050a0   00000020  0000001a  00000006  RWIX
  EQEP1                 00005100   00000040  00000022  0000001e  RWIX
  EQEP2                 00005140   00000040  00000022  0000001e  RWIX
  EQEP3                 00005180   00000040  00000022  0000001e  RWIX
  DACA                  00005c00   00000010  00000007  00000009  RWIX
  DACB                  00005c10   00000010  00000007  00000009  RWIX
  DACC                  00005c20   00000010  00000007  00000009  RWIX
  CMPSS1                00005c80   00000020  0000001b  00000005  RWIX
  CMPSS2                00005ca0   00000020  0000001b  00000005  RWIX
  CMPSS3                00005cc0   00000020  0000001b  00000005  RWIX
  CMPSS4                00005ce0   00000020  0000001b  00000005  RWIX
  CMPSS5                00005d00   00000020  0000001b  00000005  RWIX
  CMPSS6                00005d20   00000020  0000001b  00000005  RWIX
  CMPSS7                00005d40   00000020  0000001b  00000005  RWIX
  CMPSS8                00005d60   00000020  0000001b  00000005  RWIX
  SDFM1                 00005e00   00000080  00000048  00000038  RWIX
  SDFM2                 00005e80   00000080  00000048  00000038  RWIX
  MCBSPA                00006000   00000040  00000024  0000001c  RWIX
  MCBSPB                00006040   00000040  00000024  0000001c  RWIX
  SPIA                  00006100   00000010  00000010  00000000  RWIX
  SPIB                  00006110   00000010  00000010  00000000  RWIX
  SPIC                  00006120   00000010  00000010  00000000  RWIX
  SPID                  00006130   00000010  00000000  00000010  RWIX
  UPP                   00006200   00000100  00000048  000000b8  RWIX
  WD                    00007000   00000040  0000002b  00000015  RWIX
  NMIINTRUPT            00007060   00000010  00000007  00000009  RWIX
  XINT                  00007070   00000010  0000000b  00000005  RWIX
  SCIA                  00007200   00000010  00000010  00000000  RWIX
  SCIB                  00007210   00000010  00000010  00000000  RWIX
  SCIC                  00007220   00000010  00000010  00000000  RWIX
  SCID                  00007230   00000010  00000010  00000000  RWIX
  I2CA                  00007300   00000040  00000022  0000001e  RWIX
  I2CB                  00007340   00000040  00000022  0000001e  RWIX
  ADCA                  00007400   00000080  0000007c  00000004  RWIX
  ADCB                  00007480   00000080  0000007c  00000004  RWIX
  ADCC                  00007500   00000080  0000007c  00000004  RWIX
  ADCD                  00007580   00000080  0000007c  00000004  RWIX
  INPUT_XBAR            00007900   00000020  00000020  00000000  RWIX
  XBAR                  00007920   00000020  0000000e  00000012  RWIX
  SYNC_SOC              00007940   00000010  00000006  0000000a  RWIX
  DMACLASRCSEL          00007980   00000040  0000001a  00000026  RWIX
  EPWM_XBAR             00007a00   00000040  00000040  00000000  RWIX
  CLB_XBAR              00007a40   00000040  00000040  00000000  RWIX
  OUTPUT_XBAR           00007a80   00000040  00000040  00000000  RWIX
  GPIOCTRL              00007c00   00000180  00000180  00000000  RWIX
  GPIODAT               00007f00   00000030  00000030  00000000  RWIX
  RAMLS_DATA            0000a000   00001000  00000000  00001000  RWIX
  RAMD0D1               0000b000   00001000  00000000  00001000  RWIX
  RAMGS_IPCBuffCPU1     0000c000   00001000  00000000  00001000  RWIX
  RAMGS_IPCBuffCPU2     0000d000   00001000  00000000  00001000  RWIX
  RAMGS_DATA            0000e000   00007000  00000a25  000065db  RWIX
  CPU2TOCPU1RAM         0003f800   00000400  00000000  00000400  RWIX
  CPU1TOCPU2RAM         0003fc00   00000400  00000000  00000400  RWIX
  EMIF1                 00047000   00000800  00000028  000007d8  RWIX
  EMIF2                 00047800   00000800  00000028  000007d8  RWIX
  CANA                  00048000   00000200  00000164  0000009c  RWIX
  CANB                  0004a000   00000200  00000164  0000009c  RWIX
  IPC                   00050000   00000024  00000024  00000000  RWIX
  FLASHPUMPSEMAPHORE    00050024   00000002  00000002  00000000  RWIX
  DEV_CFG               0005d000   00000180  0000012e  00000052  RWIX
  ANALOG_SUBSYS         0005d180   00000080  0000003e  00000042  RWIX
  CLK_CFG               0005d200   00000100  00000032  000000ce  RWIX
  CPU_SYS               0005d300   00000100  00000082  0000007e  RWIX
  ROMPREFETCH           0005e608   00000002  00000002  00000000  RWIX
  DCSM_Z1               0005f000   00000030  00000022  0000000e  RWIX
  DCSM_Z2               0005f040   00000030  00000022  0000000e  RWIX
  DCSM_COMMON           0005f070   00000010  00000006  0000000a  RWIX
  MEMCFG                0005f400   00000080  00000076  0000000a  RWIX
  EMIF1CONFIG           0005f480   00000020  0000000a  00000016  RWIX
  EMIF2CONFIG           0005f4a0   00000020  0000000a  00000016  RWIX
  ACCESSPROTECTION      0005f4c0   00000040  0000002e  00000012  RWIX
  MEMORYERROR           0005f500   00000040  0000003a  00000006  RWIX
  ROMWAITSTATE          0005f540   00000002  00000002  00000000  RWIX
  FLASH0_CTRL           0005f800   00000300  00000182  0000017e  RWIX
  FLASH0_ECC            0005fb00   00000040  00000028  00000018  RWIX
  UID                   000703c0   00000010  00000010  00000000  RWIX
  DCSM_Z1_OTP           00078000   00000020  00000000  00000020  RWIX
  DCSM_Z2_OTP           00078200   00000020  00000000  00000020  RWIX


SECTION ALLOCATION MAP

 output                                  attributes/
section   page    origin      length       input sections
--------  ----  ----------  ----------   ----------------
codestart 
*          0    00080000    00000002     
                  00080000    00000002     F2837xD_CodeStartBranch.obj (codestart)

.text      0    00080004    00004e31     
                  00080004    0000257a     mcb_pmsm_foc_sensorless_dyno_f28379d.obj (.text)
                  0008257e    00000668     MW_c2000ISR.obj (.text)
                  00082be6    00000585     F2837xD_DefaultISR.obj (.text:retain)
                  0008316b    000004aa     F2837xD_SysCtrl.obj (.text)
                  00083615    000002da     F2837xD_Ipc_Driver_Lite.obj (.text)
                  000838ef    000002da     mcb_pmsm_foc_sensorless_dyno_f28379d.obj (.text:retain)
                  00083bc9    0000029d     c2837xDBoard_Realtime_Support.obj (.text)
                  00083e66    00000244     F2837xD_Gpio.obj (.text)
                  000840aa    00000198     DSP28xx_SciUtil.obj (.text)
                  00084242    00000194     MW_c28xSPI.obj (.text)
                  000843d6    00000140     MW_c28xx_adc.obj (.text)
                  00084516    000000f0     F2837xD_Adc.obj (.text)
                  00084606    000000f0     c2837xDBoard_Realtime_Support.obj (.text:retain)
                  000846f6    000000d1     ert_main.obj (.text)
                  000847c7    000000cc     MW_SPI.obj (.text)
                  00084893    000000c9     MW_c28xx_board.obj (.text)
                  0008495c    00000092     rt_nonfinite.obj (.text)
                  000849ee    0000007c     F2837xD_CpuTimers.obj (.text)
                  00084a6a    0000006f     c2837xDSchedulerTimer0.obj (.text)
                  00084ad9    0000006c     MW_c28xx_pwm.obj (.text)
                  00084b45    0000005a     MW_c28xx_csl.obj (.text)
                  00084b9f    00000059     rts2800_fpu32.lib : s_floorf.c.obj (.text)
                  00084bf8    00000056                       : boot28.asm.obj (.text)
                  00084c4e    0000004a     c2837xDSchedulerTimer0.obj (.text:retain)
                  00084c98    00000044     rtGetInf.obj (.text)
                  00084cdc    00000031     MW_c28xGPIO.obj (.text)
                  00084d0d    0000002a     rtGetNaN.obj (.text)
                  00084d37    00000029     rts2800_fpu32.lib : exit.c.obj (.text)
                  00084d60    00000028     F2837xD_PieCtrl.obj (.text)
                  00084d88    00000026     F2837xD_PieVect.obj (.text)
                  00084dae    00000024     rts2800_fpu32.lib : cpy_tbl.c.obj (.text)
                  00084dd2    0000001d                       : memcpy.c.obj (.text)
                  00084def    00000012     MW_c28xGlobalInterrupts.obj (.text)
                  00084e01    00000012     rts2800_fpu32.lib : args_main.c.obj (.text)
                  00084e13    00000009                       : _lock.c.obj (.text)
                  00084e1c    00000008     F2837xD_CodeStartBranch.obj (.text)
                  00084e24    00000007     memcpy_fast.obj (.text)
                  00084e2b    00000007     rts2800_fpu32.lib : memset.c.obj (.text)
                  00084e32    00000002                       : pre_init.c.obj (.text)
                  00084e34    00000001                       : startup.c.obj (.text)

.econst    0    00086470    000009f6     
                  00086470    000007d4     mcb_pmsm_foc_sensorless_dyno_f28379d_data.obj (.econst:_mcb_pmsm_foc_sensorless__ConstP)
                  00086c44    000001c0     F2837xD_PieVect.obj (.econst:_PieVectTableInit)
                  00086e04    0000005c     mcb_pmsm_foc_sensorless_dyno_f28379d_data.obj (.econst:_mcb_pmsm_foc_sensorless__ConstB)
                  00086e60    00000002     rtGetNaN.obj (.econst:_$P$T0$1)
                  00086e62    00000002     mcb_pmsm_foc_sensorless_dyno_f28379d.obj (.econst)
                  00086e64    00000002     rts2800_fpu32.lib : s_floorf.c.obj (.econst)

.switch    0    00086e68    0000005e     
                  00086e68    00000024     c2837xDBoard_Realtime_Support.obj (.switch:_CPU02toCPU01IPC0IntHandler)
                  00086e8c    0000001e     mcb_pmsm_foc_sensorless_dyno_f28379d.obj (.switch:_mcb_pmsm_FOCAlgorithmMotor1)
                  00086eaa    0000001c     c2837xDBoard_Realtime_Support.obj (.switch:_setInXBARForCPU2)

.cinit     0    00086ec8    00000050     
                  00086ec8    0000000f     c2837xDBoard_Realtime_Support.obj (.cinit)
                  00086ed7    0000000e     rts2800_fpu32.lib : exit.c.obj (.cinit)
                  00086ee5    00000008     mcb_pmsm_foc_sensorless_dyno_f28379d.obj (.cinit)
                  00086eed    00000007     MW_c28xSPI.obj (.cinit:_SPI_oneTimeInit)
                  00086ef4    00000006     ert_main.obj (.cinit:_isRateRunning)
                  00086efa    00000006     ert_main.obj (.cinit:_need2runFlags)
                  00086f00    00000005     rts2800_fpu32.lib : _lock.c.obj (.cinit:__lock)
                  00086f05    00000005                       : _lock.c.obj (.cinit:__unlock)
                  00086f0a    00000004     MW_c28xGPIO.obj (.cinit)
                  00086f0e    00000004     MW_c28xGlobalInterrupts.obj (.cinit)
                  00086f12    00000004     ert_main.obj (.cinit)
                  00086f16    00000002     --HOLE-- [fill = 0]

AdcaResultRegsFile 
*          1    00000b00    00000018     UNINITIALIZED
                  00000b00    00000018     F2837xD_GlobalVariableDefs.obj (AdcaResultRegsFile)

AdcbResultRegsFile 
*          1    00000b20    00000018     UNINITIALIZED
                  00000b20    00000018     F2837xD_GlobalVariableDefs.obj (AdcbResultRegsFile)

AdccResultRegsFile 
*          1    00000b40    00000018     UNINITIALIZED
                  00000b40    00000018     F2837xD_GlobalVariableDefs.obj (AdccResultRegsFile)

AdcdResultRegsFile 
*          1    00000b60    00000018     UNINITIALIZED
                  00000b60    00000018     F2837xD_GlobalVariableDefs.obj (AdcdResultRegsFile)

CpuTimer0RegsFile 
*          1    00000c00    00000008     UNINITIALIZED
                  00000c00    00000008     F2837xD_GlobalVariableDefs.obj (CpuTimer0RegsFile)

CpuTimer1RegsFile 
*          1    00000c08    00000008     UNINITIALIZED
                  00000c08    00000008     F2837xD_GlobalVariableDefs.obj (CpuTimer1RegsFile)

CpuTimer2RegsFile 
*          1    00000c10    00000008     UNINITIALIZED
                  00000c10    00000008     F2837xD_GlobalVariableDefs.obj (CpuTimer2RegsFile)

PieCtrlRegsFile 
*          1    00000ce0    0000001a     UNINITIALIZED
                  00000ce0    0000001a     F2837xD_GlobalVariableDefs.obj (PieCtrlRegsFile)

PieVectTableFile 
*          1    00000d00    000001c0     UNINITIALIZED
                  00000d00    000001c0     F2837xD_GlobalVariableDefs.obj (PieVectTableFile)

EmuKeyVar 
*          1    00000d00    00000000     UNINITIALIZED

EmuBModeVar 
*          1    00000d00    00000000     UNINITIALIZED

FlashCallbackVar 
*          1    00000d00    00000000     UNINITIALIZED

FlashScalingVar 
*          1    00000d00    00000000     UNINITIALIZED

Cla1RegsFile 
*          1    00001400    0000003e     UNINITIALIZED
                  00001400    0000003e     F2837xD_GlobalVariableDefs.obj (Cla1RegsFile)

Clb1LogicCfgRegsFile 
*          1    00003000    0000003e     UNINITIALIZED
                  00003000    0000003e     F2837xD_GlobalVariableDefs.obj (Clb1LogicCfgRegsFile)

Clb1LogicCtrlRegsFile 
*          1    00003100    00000040     UNINITIALIZED
                  00003100    00000040     F2837xD_GlobalVariableDefs.obj (Clb1LogicCtrlRegsFile)

Clb2LogicCfgRegsFile 
*          1    00003400    0000003e     UNINITIALIZED
                  00003400    0000003e     F2837xD_GlobalVariableDefs.obj (Clb2LogicCfgRegsFile)

Clb2LogicCtrlRegsFile 
*          1    00003500    00000040     UNINITIALIZED
                  00003500    00000040     F2837xD_GlobalVariableDefs.obj (Clb2LogicCtrlRegsFile)

Clb3LogicCfgRegsFile 
*          1    00003800    0000003e     UNINITIALIZED
                  00003800    0000003e     F2837xD_GlobalVariableDefs.obj (Clb3LogicCfgRegsFile)

Clb3LogicCtrlRegsFile 
*          1    00003900    00000040     UNINITIALIZED
                  00003900    00000040     F2837xD_GlobalVariableDefs.obj (Clb3LogicCtrlRegsFile)

Clb4LogicCfgRegsFile 
*          1    00003c00    0000003e     UNINITIALIZED
                  00003c00    0000003e     F2837xD_GlobalVariableDefs.obj (Clb4LogicCfgRegsFile)

Clb4LogicCtrlRegsFile 
*          1    00003d00    00000040     UNINITIALIZED
                  00003d00    00000040     F2837xD_GlobalVariableDefs.obj (Clb4LogicCtrlRegsFile)

EPwm1RegsFile 
*          1    00004000    00000100     UNINITIALIZED
                  00004000    00000100     F2837xD_GlobalVariableDefs.obj (EPwm1RegsFile)

EPwm2RegsFile 
*          1    00004100    00000100     UNINITIALIZED
                  00004100    00000100     F2837xD_GlobalVariableDefs.obj (EPwm2RegsFile)

EPwm3RegsFile 
*          1    00004200    00000100     UNINITIALIZED
                  00004200    00000100     F2837xD_GlobalVariableDefs.obj (EPwm3RegsFile)

EPwm4RegsFile 
*          1    00004300    00000100     UNINITIALIZED
                  00004300    00000100     F2837xD_GlobalVariableDefs.obj (EPwm4RegsFile)

EPwm5RegsFile 
*          1    00004400    00000100     UNINITIALIZED
                  00004400    00000100     F2837xD_GlobalVariableDefs.obj (EPwm5RegsFile)

EPwm6RegsFile 
*          1    00004500    00000100     UNINITIALIZED
                  00004500    00000100     F2837xD_GlobalVariableDefs.obj (EPwm6RegsFile)

EPwm7RegsFile 
*          1    00004600    00000100     UNINITIALIZED
                  00004600    00000100     F2837xD_GlobalVariableDefs.obj (EPwm7RegsFile)

EPwm8RegsFile 
*          1    00004700    00000100     UNINITIALIZED
                  00004700    00000100     F2837xD_GlobalVariableDefs.obj (EPwm8RegsFile)

EPwm9RegsFile 
*          1    00004800    00000100     UNINITIALIZED
                  00004800    00000100     F2837xD_GlobalVariableDefs.obj (EPwm9RegsFile)

EPwm10RegsFile 
*          1    00004900    00000100     UNINITIALIZED
                  00004900    00000100     F2837xD_GlobalVariableDefs.obj (EPwm10RegsFile)

EPwm11RegsFile 
*          1    00004a00    00000100     UNINITIALIZED
                  00004a00    00000100     F2837xD_GlobalVariableDefs.obj (EPwm11RegsFile)

EPwm12RegsFile 
*          1    00004b00    00000100     UNINITIALIZED
                  00004b00    00000100     F2837xD_GlobalVariableDefs.obj (EPwm12RegsFile)

ECap1RegsFile 
*          1    00005000    0000001a     UNINITIALIZED
                  00005000    0000001a     F2837xD_GlobalVariableDefs.obj (ECap1RegsFile)

ECap2RegsFile 
*          1    00005020    0000001a     UNINITIALIZED
                  00005020    0000001a     F2837xD_GlobalVariableDefs.obj (ECap2RegsFile)

ECap3RegsFile 
*          1    00005040    0000001a     UNINITIALIZED
                  00005040    0000001a     F2837xD_GlobalVariableDefs.obj (ECap3RegsFile)

ECap4RegsFile 
*          1    00005060    0000001a     UNINITIALIZED
                  00005060    0000001a     F2837xD_GlobalVariableDefs.obj (ECap4RegsFile)

ECap5RegsFile 
*          1    00005080    0000001a     UNINITIALIZED
                  00005080    0000001a     F2837xD_GlobalVariableDefs.obj (ECap5RegsFile)

ECap6RegsFile 
*          1    000050a0    0000001a     UNINITIALIZED
                  000050a0    0000001a     F2837xD_GlobalVariableDefs.obj (ECap6RegsFile)

EQep1RegsFile 
*          1    00005100    00000022     UNINITIALIZED
                  00005100    00000022     F2837xD_GlobalVariableDefs.obj (EQep1RegsFile)

EQep2RegsFile 
*          1    00005140    00000022     UNINITIALIZED
                  00005140    00000022     F2837xD_GlobalVariableDefs.obj (EQep2RegsFile)

EQep3RegsFile 
*          1    00005180    00000022     UNINITIALIZED
                  00005180    00000022     F2837xD_GlobalVariableDefs.obj (EQep3RegsFile)

DacaRegsFile 
*          1    00005c00    00000007     UNINITIALIZED
                  00005c00    00000007     F2837xD_GlobalVariableDefs.obj (DacaRegsFile)

DacbRegsFile 
*          1    00005c10    00000007     UNINITIALIZED
                  00005c10    00000007     F2837xD_GlobalVariableDefs.obj (DacbRegsFile)

DaccRegsFile 
*          1    00005c20    00000007     UNINITIALIZED
                  00005c20    00000007     F2837xD_GlobalVariableDefs.obj (DaccRegsFile)

Cmpss1RegsFile 
*          1    00005c80    0000001b     UNINITIALIZED
                  00005c80    0000001b     F2837xD_GlobalVariableDefs.obj (Cmpss1RegsFile)

Cmpss2RegsFile 
*          1    00005ca0    0000001b     UNINITIALIZED
                  00005ca0    0000001b     F2837xD_GlobalVariableDefs.obj (Cmpss2RegsFile)

Cmpss3RegsFile 
*          1    00005cc0    0000001b     UNINITIALIZED
                  00005cc0    0000001b     F2837xD_GlobalVariableDefs.obj (Cmpss3RegsFile)

Cmpss4RegsFile 
*          1    00005ce0    0000001b     UNINITIALIZED
                  00005ce0    0000001b     F2837xD_GlobalVariableDefs.obj (Cmpss4RegsFile)

Cmpss5RegsFile 
*          1    00005d00    0000001b     UNINITIALIZED
                  00005d00    0000001b     F2837xD_GlobalVariableDefs.obj (Cmpss5RegsFile)

Cmpss6RegsFile 
*          1    00005d20    0000001b     UNINITIALIZED
                  00005d20    0000001b     F2837xD_GlobalVariableDefs.obj (Cmpss6RegsFile)

Cmpss7RegsFile 
*          1    00005d40    0000001b     UNINITIALIZED
                  00005d40    0000001b     F2837xD_GlobalVariableDefs.obj (Cmpss7RegsFile)

Cmpss8RegsFile 
*          1    00005d60    0000001b     UNINITIALIZED
                  00005d60    0000001b     F2837xD_GlobalVariableDefs.obj (Cmpss8RegsFile)

I2caRegsFile 
*          1    00007300    00000022     UNINITIALIZED
                  00007300    00000022     F2837xD_GlobalVariableDefs.obj (I2caRegsFile)

I2cbRegsFile 
*          1    00007340    00000022     UNINITIALIZED
                  00007340    00000022     F2837xD_GlobalVariableDefs.obj (I2cbRegsFile)

AdcaRegsFile 
*          1    00007400    0000007c     UNINITIALIZED
                  00007400    0000007c     F2837xD_GlobalVariableDefs.obj (AdcaRegsFile)

AdcbRegsFile 
*          1    00007480    0000007c     UNINITIALIZED
                  00007480    0000007c     F2837xD_GlobalVariableDefs.obj (AdcbRegsFile)

AdccRegsFile 
*          1    00007500    0000007c     UNINITIALIZED
                  00007500    0000007c     F2837xD_GlobalVariableDefs.obj (AdccRegsFile)

AdcdRegsFile 
*          1    00007580    0000007c     UNINITIALIZED
                  00007580    0000007c     F2837xD_GlobalVariableDefs.obj (AdcdRegsFile)

CanaRegsFile 
*          1    00048000    00000164     UNINITIALIZED
                  00048000    00000164     F2837xD_GlobalVariableDefs.obj (CanaRegsFile)

CanbRegsFile 
*          1    0004a000    00000164     UNINITIALIZED
                  0004a000    00000164     F2837xD_GlobalVariableDefs.obj (CanbRegsFile)

AnalogSubsysRegsFile 
*          1    0005d180    0000003e     UNINITIALIZED
                  0005d180    0000003e     F2837xD_GlobalVariableDefs.obj (AnalogSubsysRegsFile)

Cla1SoftIntRegsFile 
*          1    00000ce0    00000000     DSECT

Clb1DataExchRegsFile 
*          1    00003200    00000108     UNINITIALIZED
                  00003200    00000108     F2837xD_GlobalVariableDefs.obj (Clb1DataExchRegsFile)

Clb2DataExchRegsFile 
*          1    00003600    00000108     UNINITIALIZED
                  00003600    00000108     F2837xD_GlobalVariableDefs.obj (Clb2DataExchRegsFile)

Clb3DataExchRegsFile 
*          1    00003a00    00000108     UNINITIALIZED
                  00003a00    00000108     F2837xD_GlobalVariableDefs.obj (Clb3DataExchRegsFile)

Clb4DataExchRegsFile 
*          1    00003e00    00000108     UNINITIALIZED
                  00003e00    00000108     F2837xD_GlobalVariableDefs.obj (Clb4DataExchRegsFile)

Sdfm1RegsFile 
*          1    00005e00    00000048     UNINITIALIZED
                  00005e00    00000048     F2837xD_GlobalVariableDefs.obj (Sdfm1RegsFile)

Sdfm2RegsFile 
*          1    00005e80    00000048     UNINITIALIZED
                  00005e80    00000048     F2837xD_GlobalVariableDefs.obj (Sdfm2RegsFile)

McbspaRegsFile 
*          1    00006000    00000024     UNINITIALIZED
                  00006000    00000024     F2837xD_GlobalVariableDefs.obj (McbspaRegsFile)

McbspbRegsFile 
*          1    00006040    00000024     UNINITIALIZED
                  00006040    00000024     F2837xD_GlobalVariableDefs.obj (McbspbRegsFile)

SpiaRegsFile 
*          1    00006100    00000010     UNINITIALIZED
                  00006100    00000010     F2837xD_GlobalVariableDefs.obj (SpiaRegsFile)

SpibRegsFile 
*          1    00006110    00000010     UNINITIALIZED
                  00006110    00000010     F2837xD_GlobalVariableDefs.obj (SpibRegsFile)

SpicRegsFile 
*          1    00006120    00000010     UNINITIALIZED
                  00006120    00000010     F2837xD_GlobalVariableDefs.obj (SpicRegsFile)

UppRegsFile 
*          1    00006200    00000048     UNINITIALIZED
                  00006200    00000048     F2837xD_GlobalVariableDefs.obj (UppRegsFile)

WdRegsFile 
*          1    00007000    0000002b     UNINITIALIZED
                  00007000    0000002b     F2837xD_GlobalVariableDefs.obj (WdRegsFile)

NmiIntruptRegsFile 
*          1    00007060    00000007     UNINITIALIZED
                  00007060    00000007     F2837xD_GlobalVariableDefs.obj (NmiIntruptRegsFile)

XintRegsFile 
*          1    00007070    0000000b     UNINITIALIZED
                  00007070    0000000b     F2837xD_GlobalVariableDefs.obj (XintRegsFile)

SciaRegsFile 
*          1    00007200    00000010     UNINITIALIZED
                  00007200    00000010     F2837xD_GlobalVariableDefs.obj (SciaRegsFile)

ScibRegsFile 
*          1    00007210    00000010     UNINITIALIZED
                  00007210    00000010     F2837xD_GlobalVariableDefs.obj (ScibRegsFile)

ScicRegsFile 
*          1    00007220    00000010     UNINITIALIZED
                  00007220    00000010     F2837xD_GlobalVariableDefs.obj (ScicRegsFile)

ScidRegsFile 
*          1    00007230    00000010     UNINITIALIZED
                  00007230    00000010     F2837xD_GlobalVariableDefs.obj (ScidRegsFile)

InputXbarRegsFile 
*          1    00007900    00000020     UNINITIALIZED
                  00007900    00000020     F2837xD_GlobalVariableDefs.obj (InputXbarRegsFile)

XbarRegsFile 
*          1    00007920    0000000e     UNINITIALIZED
                  00007920    0000000e     F2837xD_GlobalVariableDefs.obj (XbarRegsFile)

SyncSocRegsFile 
*          1    00007940    00000006     UNINITIALIZED
                  00007940    00000006     F2837xD_GlobalVariableDefs.obj (SyncSocRegsFile)

EPwmXbarRegsFile 
*          1    00007a00    00000040     UNINITIALIZED
                  00007a00    00000040     F2837xD_GlobalVariableDefs.obj (EPwmXbarRegsFile)

ClbXbarRegsFile 
*          1    00007a40    00000040     UNINITIALIZED
                  00007a40    00000040     F2837xD_GlobalVariableDefs.obj (ClbXbarRegsFile)

OutputXbarRegsFile 
*          1    00007a80    00000040     UNINITIALIZED
                  00007a80    00000040     F2837xD_GlobalVariableDefs.obj (OutputXbarRegsFile)

GpioCtrlRegsFile 
*          1    00007c00    00000180     UNINITIALIZED
                  00007c00    00000180     F2837xD_GlobalVariableDefs.obj (GpioCtrlRegsFile)

GpioDataRegsFile 
*          1    00007f00    00000030     UNINITIALIZED
                  00007f00    00000030     F2837xD_GlobalVariableDefs.obj (GpioDataRegsFile)

IpcRegsFile 
*          1    00050000    00000024     UNINITIALIZED
                  00050000    00000024     F2837xD_GlobalVariableDefs.obj (IpcRegsFile)

FlashPumpSemaphoreRegsFile 
*          1    00050024    00000002     UNINITIALIZED
                  00050024    00000002     F2837xD_GlobalVariableDefs.obj (FlashPumpSemaphoreRegsFile)

RomPrefetchRegsFile 
*          1    0005e608    00000002     UNINITIALIZED
                  0005e608    00000002     F2837xD_GlobalVariableDefs.obj (RomPrefetchRegsFile)

DcsmZ1RegsFile 
*          1    0005f000    00000022     UNINITIALIZED
                  0005f000    00000022     F2837xD_GlobalVariableDefs.obj (DcsmZ1RegsFile)

DcsmZ2RegsFile 
*          1    0005f040    00000022     UNINITIALIZED
                  0005f040    00000022     F2837xD_GlobalVariableDefs.obj (DcsmZ2RegsFile)

DcsmCommonRegsFile 
*          1    0005f070    00000006     UNINITIALIZED
                  0005f070    00000006     F2837xD_GlobalVariableDefs.obj (DcsmCommonRegsFile)

DmaRegsFile 
*          1    00001000    000000e0     UNINITIALIZED
                  00001000    000000e0     F2837xD_GlobalVariableDefs.obj (DmaRegsFile)

DmaClaSrcSelRegsFile 
*          1    00007980    0000001a     UNINITIALIZED
                  00007980    0000001a     F2837xD_GlobalVariableDefs.obj (DmaClaSrcSelRegsFile)

Emif1RegsFile 
*          1    00047000    00000028     UNINITIALIZED
                  00047000    00000028     F2837xD_GlobalVariableDefs.obj (Emif1RegsFile)

Emif2RegsFile 
*          1    00047800    00000028     UNINITIALIZED
                  00047800    00000028     F2837xD_GlobalVariableDefs.obj (Emif2RegsFile)

MemCfgRegsFile 
*          1    0005f400    00000076     UNINITIALIZED
                  0005f400    00000076     F2837xD_GlobalVariableDefs.obj (MemCfgRegsFile)

Emif1ConfigRegsFile 
*          1    0005f480    0000000a     UNINITIALIZED
                  0005f480    0000000a     F2837xD_GlobalVariableDefs.obj (Emif1ConfigRegsFile)

Emif2ConfigRegsFile 
*          1    0005f4a0    0000000a     UNINITIALIZED
                  0005f4a0    0000000a     F2837xD_GlobalVariableDefs.obj (Emif2ConfigRegsFile)

AccessProtectionRegsFile 
*          1    0005f4c0    0000002e     UNINITIALIZED
                  0005f4c0    0000002e     F2837xD_GlobalVariableDefs.obj (AccessProtectionRegsFile)

MemoryErrorRegsFile 
*          1    0005f500    0000003a     UNINITIALIZED
                  0005f500    0000003a     F2837xD_GlobalVariableDefs.obj (MemoryErrorRegsFile)

RomWaitStateRegsFile 
*          1    0005f540    00000002     UNINITIALIZED
                  0005f540    00000002     F2837xD_GlobalVariableDefs.obj (RomWaitStateRegsFile)

Flash0CtrlRegsFile 
*          1    0005f800    00000182     UNINITIALIZED
                  0005f800    00000182     F2837xD_GlobalVariableDefs.obj (Flash0CtrlRegsFile)

Flash0EccRegsFile 
*          1    0005fb00    00000028     UNINITIALIZED
                  0005fb00    00000028     F2837xD_GlobalVariableDefs.obj (Flash0EccRegsFile)

DevCfgRegsFile 
*          1    0005d000    0000012e     UNINITIALIZED
                  0005d000    0000012e     F2837xD_GlobalVariableDefs.obj (DevCfgRegsFile)

ClkCfgRegsFile 
*          1    0005d200    00000032     UNINITIALIZED
                  0005d200    00000032     F2837xD_GlobalVariableDefs.obj (ClkCfgRegsFile)

CpuSysRegsFile 
*          1    0005d300    00000082     UNINITIALIZED
                  0005d300    00000082     F2837xD_GlobalVariableDefs.obj (CpuSysRegsFile)

UidRegsFile 
*          1    000703c0    00000010     UNINITIALIZED
                  000703c0    00000010     F2837xD_GlobalVariableDefs.obj (UidRegsFile)

.pinit     0    00080004    00000000     UNINITIALIZED

ramfuncs   0    00084e38    00001637     RUN ADDR = 00008000
                  00084e38    00001637     mcb_pmsm_foc_sensorless_dyno_f28379d.obj (ramfuncs)

.TI.ramfunc 
*          0    00086f18    0000003f     RUN ADDR = 00009638
                  00086f18    00000037     F2837xD_SysCtrl.obj (.TI.ramfunc)
                  00086f4f    00000004     F2837xD_usDelay.obj (.TI.ramfunc)
                  00086f53    00000004     sysctl.obj (.TI.ramfunc)

.stack     1    00000122    00000400     UNINITIALIZED
                  00000122    00000400     --HOLE--

.reset     0    003fffc0    00000002     DSECT
                  003fffc0    00000002     rts2800_fpu32.lib : boot28.asm.obj (.reset)

GETBUFFER 
*          0    0003f800    00000000     DSECT

GETWRITEIDX 
*          0    0003f800    00000000     DSECT

PUTREADIDX 
*          0    0003f800    00000000     DSECT

WRITEFLAG1CPU2 
*          0    0003f800    00000000     DSECT

WRITEFLAG2CPU2 
*          0    0003f800    00000000     DSECT

READFLAG1CPU2 
*          0    0003f800    00000000     DSECT

READFLAG2CPU2 
*          0    0003f800    00000000     DSECT

.ebss      1    0000e000    00000a25     UNINITIALIZED
                  0000e000    000009c4     mcb_pmsm_foc_sensorless_dyno_f28379d.obj (.ebss)
                  0000e9c4    00000018     F2837xD_CpuTimers.obj (.ebss)
                  0000e9dc    00000018     MW_c28xSPI.obj (.ebss:_mySpiObj)
                  0000e9f4    0000000c     rt_nonfinite.obj (.ebss)
                  0000ea00    00000008     c2837xDBoard_Realtime_Support.obj (.ebss)
                  0000ea08    00000006     rts2800_fpu32.lib : exit.c.obj (.ebss)
                  0000ea0e    00000004     DSP28xx_SciUtil.obj (.ebss)
                  0000ea12    00000004     MW_c28xSPI.obj (.ebss:_SPI_oneTimeInit)
                  0000ea16    00000003     ert_main.obj (.ebss:_isRateRunning)
                  0000ea19    00000003     ert_main.obj (.ebss:_need2runFlags)
                  0000ea1c    00000003     ert_main.obj (.ebss)
                  0000ea1f    00000001     MW_c28xGPIO.obj (.ebss)
                  0000ea20    00000002     rts2800_fpu32.lib : _lock.c.obj (.ebss:__lock)
                  0000ea22    00000002                       : _lock.c.obj (.ebss:__unlock)
                  0000ea24    00000001     MW_c28xGlobalInterrupts.obj (.ebss)

MODULE SUMMARY

       Module                                          code    initialized data   uninitialized data
       ------                                          ----    ----------------   ------------------
    <current directory>
       mcb_pmsm_foc_sensorless_dyno_f28379d.obj        21698   40                 2500              
       F2837xD_GlobalVariableDefs.obj                  0       0                  9870              
       mcb_pmsm_foc_sensorless_dyno_f28379d_data.obj   0       2096               0                 
       MW_c2000ISR.obj                                 1640    0                  0                 
       F2837xD_DefaultISR.obj                          1413    0                  0                 
       F2837xD_SysCtrl.obj                             1304    0                  0                 
       c2837xDBoard_Realtime_Support.obj               909     79                 8                 
       F2837xD_Ipc_Driver_Lite.obj                     730     0                  0                 
       F2837xD_Gpio.obj                                580     0                  0                 
       F2837xD_PieVect.obj                             38      448                0                 
       MW_c28xSPI.obj                                  404     7                  28                
       DSP28xx_SciUtil.obj                             408     0                  4                 
       MW_c28xx_adc.obj                                320     0                  0                 
       F2837xD_Adc.obj                                 240     0                  0                 
       ert_main.obj                                    209     16                 9                 
       MW_SPI.obj                                      204     0                  0                 
       MW_c28xx_board.obj                              201     0                  0                 
       c2837xDSchedulerTimer0.obj                      185     0                  0                 
       rt_nonfinite.obj                                146     0                  12                
       F2837xD_CpuTimers.obj                           124     0                  24                
       MW_c28xx_pwm.obj                                108     0                  0                 
       MW_c28xx_csl.obj                                90      0                  0                 
       rtGetInf.obj                                    68      0                  0                 
       MW_c28xGPIO.obj                                 49      4                  1                 
       rtGetNaN.obj                                    42      2                  0                 
       F2837xD_PieCtrl.obj                             40      0                  0                 
       MW_c28xGlobalInterrupts.obj                     18      4                  1                 
       F2837xD_CodeStartBranch.obj                     10      0                  0                 
       F2837xD_usDelay.obj                             8       0                  0                 
       sysctl.obj                                      8       0                  0                 
       memcpy_fast.obj                                 7       0                  0                 
    +--+-----------------------------------------------+-------+------------------+--------------------+
       Total:                                          31201   2696               12457             
                                                                                                    
    C:/PROGRA~3/MATLAB/tic2000/3P778C~1.INS/TIC28X~1.INS/TI-CGT~1.LTS/lib/rts2800_fpu32.lib
       s_floorf.c.obj                                  89      2                  0                 
       boot28.asm.obj                                  86      0                  0                 
       exit.c.obj                                      41      14                 6                 
       cpy_tbl.c.obj                                   36      0                  0                 
       memcpy.c.obj                                    29      0                  0                 
       _lock.c.obj                                     9       10                 4                 
       args_main.c.obj                                 18      0                  0                 
       memset.c.obj                                    7       0                  0                 
       pre_init.c.obj                                  2       0                  0                 
       startup.c.obj                                   1       0                  0                 
    +--+-----------------------------------------------+-------+------------------+--------------------+
       Total:                                          318     26                 10                
                                                                                                    
       Stack:                                          0       0                  1024              
    +--+-----------------------------------------------+-------+------------------+--------------------+
       Grand Total:                                    31519   2722               13491             


GLOBAL DATA SYMBOLS: SORTED BY DATA PAGE

address     data page           name
--------    ----------------    ----
00000122       4 (00000100)     __stack

00000b00      2c (00000b00)     _AdcaResultRegs
00000b20      2c (00000b00)     _AdcbResultRegs

00000b40      2d (00000b40)     _AdccResultRegs
00000b60      2d (00000b40)     _AdcdResultRegs

00000c00      30 (00000c00)     _CpuTimer0Regs
00000c08      30 (00000c00)     _CpuTimer1Regs
00000c10      30 (00000c00)     _CpuTimer2Regs

00000ce0      33 (00000cc0)     _PieCtrlRegs

00000d00      34 (00000d00)     _PieVectTable

00001000      40 (00001000)     _DmaRegs

00001400      50 (00001400)     _Cla1Regs

00003000      c0 (00003000)     _Clb1LogicCfgRegs

00003100      c4 (00003100)     _Clb1LogicCtrlRegs

00003200      c8 (00003200)     _Clb1DataExchRegs

00003400      d0 (00003400)     _Clb2LogicCfgRegs

00003500      d4 (00003500)     _Clb2LogicCtrlRegs

00003600      d8 (00003600)     _Clb2DataExchRegs

00003800      e0 (00003800)     _Clb3LogicCfgRegs

00003900      e4 (00003900)     _Clb3LogicCtrlRegs

00003a00      e8 (00003a00)     _Clb3DataExchRegs

00003c00      f0 (00003c00)     _Clb4LogicCfgRegs

00003d00      f4 (00003d00)     _Clb4LogicCtrlRegs

00003e00      f8 (00003e00)     _Clb4DataExchRegs

00004000     100 (00004000)     _EPwm1Regs

00004100     104 (00004100)     _EPwm2Regs

00004200     108 (00004200)     _EPwm3Regs

00004300     10c (00004300)     _EPwm4Regs

00004400     110 (00004400)     _EPwm5Regs

00004500     114 (00004500)     _EPwm6Regs

00004600     118 (00004600)     _EPwm7Regs

00004700     11c (00004700)     _EPwm8Regs

00004800     120 (00004800)     _EPwm9Regs

00004900     124 (00004900)     _EPwm10Regs

00004a00     128 (00004a00)     _EPwm11Regs

00004b00     12c (00004b00)     _EPwm12Regs

00005000     140 (00005000)     _ECap1Regs
00005020     140 (00005000)     _ECap2Regs

00005040     141 (00005040)     _ECap3Regs
00005060     141 (00005040)     _ECap4Regs

00005080     142 (00005080)     _ECap5Regs
000050a0     142 (00005080)     _ECap6Regs

00005100     144 (00005100)     _EQep1Regs

00005140     145 (00005140)     _EQep2Regs

00005180     146 (00005180)     _EQep3Regs

00005c00     170 (00005c00)     _DacaRegs
00005c10     170 (00005c00)     _DacbRegs
00005c20     170 (00005c00)     _DaccRegs

00005c80     172 (00005c80)     _Cmpss1Regs
00005ca0     172 (00005c80)     _Cmpss2Regs

00005cc0     173 (00005cc0)     _Cmpss3Regs
00005ce0     173 (00005cc0)     _Cmpss4Regs

00005d00     174 (00005d00)     _Cmpss5Regs
00005d20     174 (00005d00)     _Cmpss6Regs

00005d40     175 (00005d40)     _Cmpss7Regs
00005d60     175 (00005d40)     _Cmpss8Regs

00005e00     178 (00005e00)     _Sdfm1Regs

00005e80     17a (00005e80)     _Sdfm2Regs

00006000     180 (00006000)     _McbspaRegs

00006040     181 (00006040)     _McbspbRegs

00006100     184 (00006100)     _SpiaRegs
00006110     184 (00006100)     _SpibRegs
00006120     184 (00006100)     _SpicRegs

00006200     188 (00006200)     _UppRegs

00007000     1c0 (00007000)     _WdRegs

00007060     1c1 (00007040)     _NmiIntruptRegs
00007070     1c1 (00007040)     _XintRegs

00007200     1c8 (00007200)     _SciaRegs
00007210     1c8 (00007200)     _ScibRegs
00007220     1c8 (00007200)     _ScicRegs
00007230     1c8 (00007200)     _ScidRegs

00007300     1cc (00007300)     _I2caRegs

00007340     1cd (00007340)     _I2cbRegs

00007400     1d0 (00007400)     _AdcaRegs

00007480     1d2 (00007480)     _AdcbRegs

00007500     1d4 (00007500)     _AdccRegs

00007580     1d6 (00007580)     _AdcdRegs

00007900     1e4 (00007900)     _InputXbarRegs
00007920     1e4 (00007900)     _XbarRegs

00007940     1e5 (00007940)     _SyncSocRegs

00007980     1e6 (00007980)     _DmaClaSrcSelRegs

00007a00     1e8 (00007a00)     _EPwmXbarRegs

00007a40     1e9 (00007a40)     _ClbXbarRegs

00007a80     1ea (00007a80)     _OutputXbarRegs

00007c00     1f0 (00007c00)     _GpioCtrlRegs

00007f00     1fc (00007f00)     _GpioDataRegs

0000e000     380 (0000e000)     _MW_adcCInitFlag
0000e001     380 (0000e000)     _MW_adcBInitFlag
0000e00c     380 (0000e000)     _mcb_pmsm_foc_sen_PrevZCSigState

0000e040     381 (0000e040)     _mcb_pmsm_foc_sensorless_d_DWork

0000e280     38a (0000e280)     _mcb_pmsm_foc_sensorless_dyno__B

0000e9c4     3a7 (0000e9c0)     _CpuTimer0
0000e9cc     3a7 (0000e9c0)     _CpuTimer1
0000e9d4     3a7 (0000e9c0)     _CpuTimer2
0000e9dc     3a7 (0000e9c0)     _mySpiObj
0000e9f4     3a7 (0000e9c0)     _rtInf
0000e9f6     3a7 (0000e9c0)     _rtMinusInf
0000e9f8     3a7 (0000e9c0)     _rtNaN
0000e9fa     3a7 (0000e9c0)     _rtInfF
0000e9fc     3a7 (0000e9c0)     _rtMinusInfF
0000e9fe     3a7 (0000e9c0)     _rtNaNF

0000ea00     3a8 (0000ea00)     _ErrorFlag
0000ea02     3a8 (0000ea00)     _CIPC0_INT_fptr
0000ea04     3a8 (0000ea00)     _mwInitStart
0000ea06     3a8 (0000ea00)     _mwInitEnd
0000ea08     3a8 (0000ea00)     ___TI_enable_exit_profile_output
0000ea0a     3a8 (0000ea00)     ___TI_cleanup_ptr
0000ea0c     3a8 (0000ea00)     ___TI_dtors_ptr
0000ea0e     3a8 (0000ea00)     _checkSCITransmitInProgressA
0000ea0f     3a8 (0000ea00)     _frameA1Transmitted
0000ea10     3a8 (0000ea00)     _frameA1Count
0000ea12     3a8 (0000ea00)     _SPI_oneTimeInit
0000ea16     3a8 (0000ea00)     _isRateRunning
0000ea19     3a8 (0000ea00)     _need2runFlags
0000ea1c     3a8 (0000ea00)     _IsrOverrun
0000ea1d     3a8 (0000ea00)     _stopRequested
0000ea1e     3a8 (0000ea00)     _runModel
0000ea1f     3a8 (0000ea00)     _GPIO_oneTimeInit
0000ea20     3a8 (0000ea00)     __lock
0000ea22     3a8 (0000ea00)     __unlock
0000ea24     3a8 (0000ea00)     _MW_InterruptDisableLock

00047000    11c0 (00047000)     _Emif1Regs

00047800    11e0 (00047800)     _Emif2Regs

00048000    1200 (00048000)     _CanaRegs

0004a000    1280 (0004a000)     _CanbRegs

00050000    1400 (00050000)     _IpcRegs
00050024    1400 (00050000)     _FlashPumpSemaphoreRegs

0005d000    1740 (0005d000)     _DevCfgRegs

0005d180    1746 (0005d180)     _AnalogSubsysRegs

0005d200    1748 (0005d200)     _ClkCfgRegs

0005d300    174c (0005d300)     _CpuSysRegs

0005e608    1798 (0005e600)     _RomPrefetchRegs

0005f000    17c0 (0005f000)     _DcsmZ1Regs

0005f040    17c1 (0005f040)     _DcsmZ2Regs
0005f070    17c1 (0005f040)     _DcsmCommonRegs

0005f400    17d0 (0005f400)     _MemCfgRegs

0005f480    17d2 (0005f480)     _Emif1ConfigRegs
0005f4a0    17d2 (0005f480)     _Emif2ConfigRegs

0005f4c0    17d3 (0005f4c0)     _AccessProtectionRegs

0005f500    17d4 (0005f500)     _MemoryErrorRegs

0005f540    17d5 (0005f540)     _RomWaitStateRegs

0005f800    17e0 (0005f800)     _Flash0CtrlRegs

0005fb00    17ec (0005fb00)     _Flash0EccRegs

000703c0    1c0f (000703c0)     _UidRegs

00086470    2191 (00086440)     _mcb_pmsm_foc_sensorless__ConstP

00086c44    21b1 (00086c40)     _PieVectTableInit

00086e04    21b8 (00086e00)     _mcb_pmsm_foc_sensorless__ConstB

00086e62    21b9 (00086e40)     _mcb_pmsm_foc_sensorless_dyno_M


GLOBAL SYMBOLS: SORTED ALPHABETICALLY BY Name 

page  address   name                                                          
----  -------   ----                                                          
0     00080004  .text                                                         
0     00084d37  C$$EXIT                                                       
0     00082ca4  _ADCA1_ISR                                                    
0     00082f24  _ADCA2_ISR                                                    
0     00082f2e  _ADCA3_ISR                                                    
0     00082f38  _ADCA4_ISR                                                    
0     00082f1a  _ADCA_EVT_ISR                                                 
0     000838ef  _ADCB1_INT                                                    
0     00082cae  _ADCB1_ISR                                                    
0     00082f4c  _ADCB2_ISR                                                    
0     00082f56  _ADCB3_ISR                                                    
0     00082f60  _ADCB4_ISR                                                    
0     00082f42  _ADCB_EVT_ISR                                                 
0     000839e0  _ADCC1_INT                                                    
0     00082cb8  _ADCC1_ISR                                                    
0     000830b4  _ADCC2_ISR                                                    
0     000830be  _ADCC3_ISR                                                    
0     000830c8  _ADCC4_ISR                                                    
0     000830aa  _ADCC_EVT_ISR                                                 
0     00082cd6  _ADCD1_ISR                                                    
0     000830dc  _ADCD2_ISR                                                    
0     000830e6  _ADCD3_ISR                                                    
0     000830f0  _ADCD4_ISR                                                    
0     000830d2  _ADCD_EVT_ISR                                                 
0     0008312c  _AUX_PLL_SLIP_ISR                                             
1     0005f4c0  _AccessProtectionRegs                                         
0     00084516  _AdcSetMode                                                   
1     00007400  _AdcaRegs                                                     
1     00000b00  _AdcaResultRegs                                               
1     00007480  _AdcbRegs                                                     
1     00000b20  _AdcbResultRegs                                               
1     00007500  _AdccRegs                                                     
1     00000b40  _AdccResultRegs                                               
1     00007580  _AdcdRegs                                                     
1     00000b60  _AdcdResultRegs                                               
1     0005d180  _AnalogSubsysRegs                                             
0     000835a4  _AuxAuxClkSel                                                 
0     0008358e  _AuxIntOsc2Sel                                                
0     00083598  _AuxXtalOscSel                                                
0     00082ef2  _CANA0_ISR                                                    
0     00082efc  _CANA1_ISR                                                    
0     00082f06  _CANB0_ISR                                                    
0     00082f10  _CANB1_ISR                                                    
1     0000ea02  _CIPC0_INT_fptr                                               
0     00082f6a  _CLA1_1_ISR                                                   
0     00082f74  _CLA1_2_ISR                                                   
0     00082f7e  _CLA1_3_ISR                                                   
0     00082f88  _CLA1_4_ISR                                                   
0     00082f92  _CLA1_5_ISR                                                   
0     00082f9c  _CLA1_6_ISR                                                   
0     00082fa6  _CLA1_7_ISR                                                   
0     00082fb0  _CLA1_8_ISR                                                   
0     00083136  _CLA_OVERFLOW_ISR                                             
0     00083140  _CLA_UNDERFLOW_ISR                                            
0     00084606  _CPU02toCPU01IPC0IntHandler                                   
0     000845cc  _CalAdcINL                                                    
1     00048000  _CanaRegs                                                     
1     0004a000  _CanbRegs                                                     
1     00001400  _Cla1Regs                                                     
1     00003200  _Clb1DataExchRegs                                             
1     00003000  _Clb1LogicCfgRegs                                             
1     00003100  _Clb1LogicCtrlRegs                                            
1     00003600  _Clb2DataExchRegs                                             
1     00003400  _Clb2LogicCfgRegs                                             
1     00003500  _Clb2LogicCtrlRegs                                            
1     00003a00  _Clb3DataExchRegs                                             
1     00003800  _Clb3LogicCfgRegs                                             
1     00003900  _Clb3LogicCtrlRegs                                            
1     00003e00  _Clb4DataExchRegs                                             
1     00003c00  _Clb4LogicCfgRegs                                             
1     00003d00  _Clb4LogicCtrlRegs                                            
1     00007a40  _ClbXbarRegs                                                  
1     0005d200  _ClkCfgRegs                                                   
1     00005c80  _Cmpss1Regs                                                   
1     00005ca0  _Cmpss2Regs                                                   
1     00005cc0  _Cmpss3Regs                                                   
1     00005ce0  _Cmpss4Regs                                                   
1     00005d00  _Cmpss5Regs                                                   
1     00005d20  _Cmpss6Regs                                                   
1     00005d40  _Cmpss7Regs                                                   
1     00005d60  _Cmpss8Regs                                                   
0     00084a2f  _ConfigCpuTimer                                               
0     000835f8  _ConfigureTMXAnalogTrim                                       
1     0005d300  _CpuSysRegs                                                   
1     0000e9c4  _CpuTimer0                                                    
1     00000c00  _CpuTimer0Regs                                                
1     0000e9cc  _CpuTimer1                                                    
1     00000c08  _CpuTimer1Regs                                                
1     0000e9d4  _CpuTimer2                                                    
1     00000c10  _CpuTimer2Regs                                                
0     00083539  _CsmUnlock                                                    
0     00082bfa  _DATALOG_ISR                                                  
0     00082e3e  _DMA_CH1_ISR                                                  
0     00082e48  _DMA_CH2_ISR                                                  
0     00082e52  _DMA_CH3_ISR                                                  
0     00082e5c  _DMA_CH4_ISR                                                  
0     00082e66  _DMA_CH5_ISR                                                  
0     00082e70  _DMA_CH6_ISR                                                  
1     00005c00  _DacaRegs                                                     
1     00005c10  _DacbRegs                                                     
1     00005c20  _DaccRegs                                                     
1     0005f070  _DcsmCommonRegs                                               
1     0005f000  _DcsmZ1Regs                                                   
1     0005f040  _DcsmZ2Regs                                                   
0     000838e8  _DelayLoop                                                    
1     0005d000  _DevCfgRegs                                                   
0     0008324e  _DisableDog                                                   
0     0008320f  _DisablePeripheralClocks                                      
1     00007980  _DmaClaSrcSelRegs                                             
1     00001000  _DmaRegs                                                      
0     00082d94  _ECAP1_ISR                                                    
0     00082d9e  _ECAP2_ISR                                                    
0     00082da8  _ECAP3_ISR                                                    
0     00082db2  _ECAP4_ISR                                                    
0     00082dbc  _ECAP5_ISR                                                    
0     00082dc6  _ECAP6_ISR                                                    
1     00005000  _ECap1Regs                                                    
1     00005020  _ECap2Regs                                                    
1     00005040  _ECap3Regs                                                    
1     00005060  _ECap4Regs                                                    
1     00005080  _ECap5Regs                                                    
1     000050a0  _ECap6Regs                                                    
0     000830fa  _EMIF_ERROR_ISR                                               
0     00083154  _EMPTY_ISR                                                    
0     00082c0e  _EMU_ISR                                                      
0     00083050  _EPWM10_ISR                                                   
0     00083028  _EPWM10_TZ_ISR                                                
0     0008305a  _EPWM11_ISR                                                   
0     00083032  _EPWM11_TZ_ISR                                                
0     00083064  _EPWM12_ISR                                                   
0     0008303c  _EPWM12_TZ_ISR                                                
0     00082d44  _EPWM1_ISR                                                    
0     00082cf4  _EPWM1_TZ_ISR                                                 
0     00082d4e  _EPWM2_ISR                                                    
0     00082cfe  _EPWM2_TZ_ISR                                                 
0     00082d58  _EPWM3_ISR                                                    
0     00082d08  _EPWM3_TZ_ISR                                                 
0     00082d62  _EPWM4_ISR                                                    
0     00082d12  _EPWM4_TZ_ISR                                                 
0     00082d6c  _EPWM5_ISR                                                    
0     00082d1c  _EPWM5_TZ_ISR                                                 
0     00082d76  _EPWM6_ISR                                                    
0     00082d26  _EPWM6_TZ_ISR                                                 
0     00082d80  _EPWM7_ISR                                                    
0     00082d30  _EPWM7_TZ_ISR                                                 
0     00082d8a  _EPWM8_ISR                                                    
0     00082d3a  _EPWM8_TZ_ISR                                                 
0     00083046  _EPWM9_ISR                                                    
0     0008301e  _EPWM9_TZ_ISR                                                 
1     00004900  _EPwm10Regs                                                   
1     00004a00  _EPwm11Regs                                                   
1     00004b00  _EPwm12Regs                                                   
1     00004000  _EPwm1Regs                                                    
1     00004100  _EPwm2Regs                                                    
1     00004200  _EPwm3Regs                                                    
1     00004300  _EPwm4Regs                                                    
1     00004400  _EPwm5Regs                                                    
1     00004500  _EPwm6Regs                                                    
1     00004600  _EPwm7Regs                                                    
1     00004700  _EPwm8Regs                                                    
1     00004800  _EPwm9Regs                                                    
1     00007a00  _EPwmXbarRegs                                                 
0     00082dd0  _EQEP1_ISR                                                    
0     00082dda  _EQEP2_ISR                                                    
0     00082de4  _EQEP3_ISR                                                    
1     00005100  _EQep1Regs                                                    
1     00005140  _EQep2Regs                                                    
1     00005180  _EQep3Regs                                                    
1     0005f480  _Emif1ConfigRegs                                              
1     00047000  _Emif1Regs                                                    
1     0005f4a0  _Emif2ConfigRegs                                              
1     00047800  _Emif2Regs                                                    
0     00084d7f  _EnableInterrupts                                             
1     0000ea00  _ErrorFlag                                                    
0     0000966f  _F28x_usDelay                                                 
0     0008310e  _FLASH_CORRECTABLE_ERROR_ISR                                  
0     00008c3f  _FOCAlgorithmMotor2_Disable                                   
0     00082fe2  _FPU_OVERFLOW_ISR                                             
0     00082fec  _FPU_UNDERFLOW_ISR                                            
1     0005f800  _Flash0CtrlRegs                                               
1     0005fb00  _Flash0EccRegs                                                
0     00009661  _FlashOff                                                     
1     00050024  _FlashPumpSemaphoreRegs                                       
0     0008405f  _GPIO_EnableUnbondedIOPullups                                 
0     0008403a  _GPIO_EnableUnbondedIOPullupsFor100Pin                        
0     00084021  _GPIO_EnableUnbondedIOPullupsFor176Pin                        
0     00084075  _GPIO_ReadPin                                                 
0     00083fc6  _GPIO_SetupLock                                               
0     00083ea6  _GPIO_SetupPinMux                                             
0     00083f32  _GPIO_SetupPinOptions                                         
0     00083fef  _GPIO_SetupXINT1Gpio                                          
0     00083ff9  _GPIO_SetupXINT2Gpio                                          
0     00084003  _GPIO_SetupXINT3Gpio                                          
0     0008400d  _GPIO_SetupXINT4Gpio                                          
0     00084017  _GPIO_SetupXINT5Gpio                                          
0     00084ce7  _GPIO_TogglePin                                               
0     0008408c  _GPIO_WritePin                                                
1     0000ea1f  _GPIO_oneTimeInit                                             
1     00007c00  _GpioCtrlRegs                                                 
1     00007f00  _GpioDataRegs                                                 
0     000835c2  _HALT                                                         
0     000835db  _HIB                                                          
0     00082bc9  _HWI_TIC28x_AcknowledgeIrq                                    
0     0008257e  _HWI_TIC28x_ConfigureIRQ                                      
0     000827d0  _HWI_TIC28x_DisableIRQ                                        
0     00082597  _HWI_TIC28x_EnableIRQ                                         
0     00082a20  _HWI_TIC28x_EnablePendingIRQ                                  
0     00082e84  _I2CA_FIFO_ISR                                                
0     00082e7a  _I2CA_ISR                                                     
0     00082e98  _I2CB_FIFO_ISR                                                
0     00082e8e  _I2CB_ISR                                                     
1     00007300  _I2caRegs                                                     
1     00007340  _I2cbRegs                                                     
0     000835ae  _IDLE                                                         
0     00082c22  _ILLEGAL_ISR                                                  
0     00082ff6  _IPC0_ISR                                                     
0     00083000  _IPC1_ISR                                                     
0     0008300a  _IPC2_ISR                                                     
0     00083014  _IPC3_ISR                                                     
0     000836a7  _IPCLiteLtoRClearBits                                         
0     000836d1  _IPCLiteLtoRClearBits_Protected                               
0     00083630  _IPCLiteLtoRDataRead                                          
0     000836fb  _IPCLiteLtoRDataWrite                                         
0     00083720  _IPCLiteLtoRDataWrite_Protected                               
0     00083745  _IPCLiteLtoRFunctionCall                                      
0     00083615  _IPCLiteLtoRGetResult                                         
0     00083653  _IPCLiteLtoRSetBits                                           
0     0008367d  _IPCLiteLtoRSetBits_Protected                                 
0     00083761  _IPCLiteReqMemAccess                                          
0     0008380b  _IPCLiteRtoLClearBits                                         
0     0008383b  _IPCLiteRtoLClearBits_Protected                               
0     00083785  _IPCLiteRtoLDataRead                                          
0     0008386e  _IPCLiteRtoLDataWrite                                         
0     0008389b  _IPCLiteRtoLDataWrite_Protected                               
0     000838cb  _IPCLiteRtoLFunctionCall                                      
0     000837ac  _IPCLiteRtoLSetBits                                           
0     000837da  _IPCLiteRtoLSetBits_Protected                                 
0     000844dc  _InitAdcB                                                     
0     000844f9  _InitAdcC                                                     
0     0008344a  _InitAuxPll                                                   
0     000849ee  _InitCpuTimers                                                
0     00009638  _InitFlash                                                    
0     00083e66  _InitGpio                                                     
0     0008318b  _InitPeripheralClocks                                         
0     00084d60  _InitPieCtrl                                                  
0     00084d88  _InitPieVectTable                                             
0     0008316b  _InitSysCtrl                                                  
0     0008325c  _InitSysPll                                                   
1     00007900  _InputXbarRegs                                                
1     00050000  _IpcRegs                                                      
1     0000ea1c  _IsrOverrun                                                   
0     00082e16  _MCBSPA_RX_ISR                                                
0     00082e20  _MCBSPA_TX_ISR                                                
0     00082e2a  _MCBSPB_RX_ISR                                                
0     00082e34  _MCBSPB_TX_ISR                                                
1     0000ea24  _MW_InterruptDisableLock                                      
0     00086f57  _MW_RamfuncsLoadEnd                                           
abs   0000003f  _MW_RamfuncsLoadSize                                          
0     00086f18  _MW_RamfuncsLoadStart                                         
0     00009677  _MW_RamfuncsRunEnd                                            
abs   0000003f  _MW_RamfuncsRunSize                                           
0     00009638  _MW_RamfuncsRunStart                                          
0     0008488e  _MW_SPI_Close                                                 
0     00084889  _MW_SPI_GetStatus                                             
0     00084839  _MW_SPI_MasterWriteRead_8bits                                 
0     000847c7  _MW_SPI_Open                                                  
0     0008482c  _MW_SPI_SetBusSpeed                                           
0     000847dd  _MW_SPI_SetFormat                                             
0     00084832  _MW_SPI_SetSlaveSelect                                        
0     00084882  _MW_SPI_SlaveWriteRead_8bits                                  
1     0000e001  _MW_adcBInitFlag                                              
1     0000e000  _MW_adcCInitFlag                                              
1     00006000  _McbspaRegs                                                   
1     00006040  _McbspbRegs                                                   
1     0005f400  _MemCfgRegs                                                   
1     0005f500  _MemoryErrorRegs                                              
0     00082c18  _NMI_ISR                                                      
0     00083161  _NOTUSED_ISR                                                  
1     00007060  _NmiIntruptRegs                                               
0     00084cdc  _OneTimeGpioInit                                              
1     00007a80  _OutputXbarRegs                                               
0     0008314a  _PIE_RESERVED_ISR                                             
1     00000ce0  _PieCtrlRegs                                                  
1     00000d00  _PieVectTable                                                 
0     00086c44  _PieVectTableInit                                             
0     00083118  _RAM_ACCESS_VIOLATION_ISR                                     
0     00083104  _RAM_CORRECTABLE_ERROR_ISR                                    
0     00082c04  _RTOS_ISR                                                     
0     0008646f  _RamfuncsLoadEnd                                              
abs   00001637  _RamfuncsLoadSize                                             
0     00084e38  _RamfuncsLoadStart                                            
0     00009637  _RamfuncsRunEnd                                               
abs   00001637  _RamfuncsRunSize                                              
0     00008000  _RamfuncsRunStart                                             
0     00083236  _ReleaseFlashPump                                             
1     0005e608  _RomPrefetchRegs                                              
1     0005f540  _RomWaitStateRegs                                             
0     00083b02  _SCIA_RX_INT                                                  
0     00082eca  _SCIA_RX_ISR                                                  
0     00082ed4  _SCIA_TX_ISR                                                  
0     00082ede  _SCIB_RX_ISR                                                  
0     00082ee8  _SCIB_TX_ISR                                                  
0     00082ea2  _SCIC_RX_ISR                                                  
0     00082eac  _SCIC_TX_ISR                                                  
0     00082eb6  _SCID_RX_ISR                                                  
0     00082ec0  _SCID_TX_ISR                                                  
0     0008306e  _SD1_ISR                                                      
0     00083078  _SD2_ISR                                                      
0     00082dee  _SPIA_RX_ISR                                                  
0     00082df8  _SPIA_TX_ISR                                                  
0     00082e02  _SPIB_RX_ISR                                                  
0     00082e0c  _SPIB_TX_ISR                                                  
0     00083082  _SPIC_RX_ISR                                                  
0     0008308c  _SPIC_TX_ISR                                                  
0     00084371  _SPI_clockFormat                                              
0     00084242  _SPI_init                                                     
1     0000ea12  _SPI_oneTimeInit                                              
0     0008438c  _SPI_status                                                   
0     000835b7  _STANDBY                                                      
0     00083122  _SYS_PLL_SLIP_ISR                                             
1     00007200  _SciaRegs                                                     
1     00007210  _ScibRegs                                                     
1     00007220  _ScicRegs                                                     
1     00007230  _ScidRegs                                                     
1     00005e00  _Sdfm1Regs                                                    
1     00005e80  _Sdfm2Regs                                                    
0     00083227  _SeizeFlashPump                                               
0     00083240  _ServiceDog                                                   
0     00084cff  _Set_GPIOPin                                                  
1     00006100  _SpiaRegs                                                     
1     00006110  _SpibRegs                                                     
1     00006120  _SpicRegs                                                     
1     00007940  _SyncSocRegs                                                  
0     00009673  _SysCtl_delay                                                 
0     0008355a  _SysIntOsc1Sel                                                
0     0008356a  _SysIntOsc2Sel                                                
0     0008357e  _SysXtalOscSel                                                
0     00082ce0  _TIMER0_ISR                                                   
0     00082be6  _TIMER1_ISR                                                   
0     00082bf0  _TIMER2_ISR                                                   
0     00084c4e  _TINT0_isr                                                    
0     00083096  _UPPA_ISR                                                     
0     000830a0  _USBA_ISR                                                     
0     00082c86  _USER10_ISR                                                   
0     00082c90  _USER11_ISR                                                   
0     00082c9a  _USER12_ISR                                                   
0     00082c2c  _USER1_ISR                                                    
0     00082c36  _USER2_ISR                                                    
0     00082c40  _USER3_ISR                                                    
0     00082c4a  _USER4_ISR                                                    
0     00082c54  _USER5_ISR                                                    
0     00082c5e  _USER6_ISR                                                    
0     00082c68  _USER7_ISR                                                    
0     00082c72  _USER8_ISR                                                    
0     00082c7c  _USER9_ISR                                                    
1     000703c0  _UidRegs                                                      
1     00006200  _UppRegs                                                      
0     00082fd8  _VCU_ISR                                                      
0     00082cea  _WAKE_ISR                                                     
1     00007000  _WdRegs                                                       
0     00082cc2  _XINT1_ISR                                                    
0     00082ccc  _XINT2_ISR                                                    
0     00082fba  _XINT3_ISR                                                    
0     00082fc4  _XINT4_ISR                                                    
0     00082fce  _XINT5_ISR                                                    
1     00007920  _XbarRegs                                                     
1     00007070  _XintRegs                                                     
1     00000522  __STACK_END                                                   
abs   00000400  __STACK_SIZE                                                  
1     0000ea0a  ___TI_cleanup_ptr                                             
1     0000ea0c  ___TI_dtors_ptr                                               
1     0000ea08  ___TI_enable_exit_profile_output                              
abs   ffffffff  ___TI_pprof_out_hndl                                          
abs   ffffffff  ___TI_prof_data_size                                          
abs   ffffffff  ___TI_prof_data_start                                         
abs   ffffffff  ___binit__                                                    
abs   ffffffff  ___c_args__                                                   
0     00086ec8  ___cinit__                                                    
0     00084e35  ___etext__                                                    
abs   ffffffff  ___pinit__                                                    
0     00080004  ___text__                                                     
0     00084e01  __args_main                                                   
1     0000ea20  __lock                                                        
0     00084e1b  __nop                                                         
0     00084e17  __register_lock                                               
0     00084e13  __register_unlock                                             
1     00000122  __stack                                                       
0     00084e34  __system_post_cinit                                           
0     00084e32  __system_pre_init                                             
1     0000ea22  __unlock                                                      
0     00084d37  _abort                                                        
0     00083bc9  _c2000_flash_init                                             
0     00084bf8  _c_int00                                                      
1     0000ea0e  _checkSCITransmitInProgressA                                  
0     0008444e  _config_ADCB_SOC0                                             
0     00084494  _config_ADCB_SOC1                                             
0     000843f4  _config_ADCB_SOC2                                             
0     00084430  _config_ADCB_SOC3                                             
0     00084474  _config_ADCC_SOC0                                             
0     000844b4  _config_ADCC_SOC1                                             
0     000843d6  _config_ADCC_SOC2                                             
0     00084412  _config_ADCC_SOC3                                             
[...]
0     00084075  _GPIO_ReadPin                                                 
0     0008408c  _GPIO_WritePin                                                
0     000840aa  _scia_xmit                                                    
0     000840f1  _scia_rcv                                                     
0     00084171  _scia_rcv_varsize                                             
0     0008423a  _init_SCIFrame                                                
0     00084242  _SPI_init                                                     
0     00084371  _SPI_clockFormat                                              
0     0008438c  _SPI_status                                                   
0     000843d6  _config_ADCC_SOC2                                             
0     000843f4  _config_ADCB_SOC2                                             
0     00084412  _config_ADCC_SOC3                                             
0     00084430  _config_ADCB_SOC3                                             
0     0008444e  _config_ADCB_SOC0                                             
0     00084474  _config_ADCC_SOC0                                             
0     00084494  _config_ADCB_SOC1                                             
0     000844b4  _config_ADCC_SOC1                                             
0     000844dc  _InitAdcB                                                     
0     000844f9  _InitAdcC                                                     
0     00084516  _AdcSetMode                                                   
0     000845cc  _CalAdcINL                                                    
0     00084606  _CPU02toCPU01IPC0IntHandler                                   
0     000846f6  _rt_OneStep                                                   
0     00084778  _main                                                         
0     000847c7  _MW_SPI_Open                                                  
0     000847dd  _MW_SPI_SetFormat                                             
0     0008482c  _MW_SPI_SetBusSpeed                                           
0     00084832  _MW_SPI_SetSlaveSelect                                        
0     00084839  _MW_SPI_MasterWriteRead_8bits                                 
0     00084882  _MW_SPI_SlaveWriteRead_8bits                                  
0     00084889  _MW_SPI_GetStatus                                             
0     0008488e  _MW_SPI_Close                                                 
0     00084893  _init_board                                                   
0     0008495c  _rt_InitInfAndNaN                                             
0     00084984  _rtIsInf                                                      
0     0008499c  _rtIsInfF                                                     
0     000849b4  _rtIsNaN                                                      
0     000849d7  _rtIsNaNF                                                     
0     000849ee  _InitCpuTimers                                                
0     00084a2f  _ConfigCpuTimer                                               
0     00084a6a  _configureTimer0                                              
0     00084aa7  _stopTimer0                                                   
0     00084aac  _enableTimer0Interrupt                                        
0     00084ab6  _disableTimer0Interrupt                                       
0     00084ace  _restoreTimer0Interrupt                                       
0     00084ad9  _config_ePWM_GPIO                                             
0     00084b2f  _config_ePWM_TBSync                                           
0     00084b37  _config_ePWMSyncSource                                        
0     00084b45  _disableWatchdog                                              
0     00084b50  _init_SCI                                                     
0     00084b8b  _init_SCI_GPIO                                                
0     00084b9f  _floor                                                        
0     00084b9f  _floorf                                                       
0     00084bf8  _c_int00                                                      
0     00084c4e  _TINT0_isr                                                    
0     00084c98  _rtGetInf                                                     
0     00084cb1  _rtGetInfF                                                    
0     00084cba  _rtGetMinusInf                                                
0     00084cd3  _rtGetMinusInfF                                               
0     00084cdc  _OneTimeGpioInit                                              
0     00084ce7  _GPIO_TogglePin                                               
0     00084cff  _Set_GPIOPin                                                  
0     00084d0d  _rtGetNaN                                                     
0     00084d26  _rtGetNaNF                                                    
0     00084d37  C$$EXIT                                                       
0     00084d37  _abort                                                        
0     00084d39  _exit                                                         
0     00084d60  _InitPieCtrl                                                  
0     00084d7f  _EnableInterrupts                                             
0     00084d88  _InitPieVectTable                                             
0     00084dae  _copy_in                                                      
0     00084dd2  _memcpy                                                       
0     00084def  _globalInterruptEnable                                        
0     00084df9  _globalInterruptDisable                                       
0     00084e01  __args_main                                                   
0     00084e13  __register_unlock                                             
0     00084e17  __register_lock                                               
0     00084e1b  __nop                                                         
0     00084e24  _memcpy_fast                                                  
0     00084e2b  _memset                                                       
0     00084e32  __system_pre_init                                             
0     00084e34  __system_post_cinit                                           
0     00084e35  ___etext__                                                    
0     00084e35  etext                                                         
0     00084e38  _RamfuncsLoadStart                                            
0     0008646f  _RamfuncsLoadEnd                                              
0     00086470  _mcb_pmsm_foc_sensorless__ConstP                              
0     00086c44  _PieVectTableInit                                             
0     00086e04  _mcb_pmsm_foc_sensorless__ConstB                              
0     00086e62  _mcb_pmsm_foc_sensorless_dyno_M                               
0     00086ec8  ___cinit__                                                    
0     00086ec8  cinit                                                         
0     00086f18  _MW_RamfuncsLoadStart                                         
0     00086f57  _MW_RamfuncsLoadEnd                                           
1     00000122  __stack                                                       
1     00000522  __STACK_END                                                   
1     00000b00  _AdcaResultRegs                                               
1     00000b20  _AdcbResultRegs                                               
1     00000b40  _AdccResultRegs                                               
1     00000b60  _AdcdResultRegs                                               
1     00000c00  _CpuTimer0Regs                                                
1     00000c08  _CpuTimer1Regs                                                
1     00000c10  _CpuTimer2Regs                                                
1     00000ce0  _PieCtrlRegs                                                  
1     00000d00  _PieVectTable                                                 
1     00001000  _DmaRegs                                                      
1     00001400  _Cla1Regs                                                     
1     00003000  _Clb1LogicCfgRegs                                             
1     00003100  _Clb1LogicCtrlRegs                                            
1     00003200  _Clb1DataExchRegs                                             
1     00003400  _Clb2LogicCfgRegs                                             
1     00003500  _Clb2LogicCtrlRegs                                            
1     00003600  _Clb2DataExchRegs                                             
1     00003800  _Clb3LogicCfgRegs                                             
1     00003900  _Clb3LogicCtrlRegs                                            
1     00003a00  _Clb3DataExchRegs                                             
1     00003c00  _Clb4LogicCfgRegs                                             
1     00003d00  _Clb4LogicCtrlRegs                                            
1     00003e00  _Clb4DataExchRegs                                             
1     00004000  _EPwm1Regs                                                    
1     00004100  _EPwm2Regs                                                    
1     00004200  _EPwm3Regs                                                    
1     00004300  _EPwm4Regs                                                    
1     00004400  _EPwm5Regs                                                    
1     00004500  _EPwm6Regs                                                    
1     00004600  _EPwm7Regs                                                    
1     00004700  _EPwm8Regs                                                    
1     00004800  _EPwm9Regs                                                    
1     00004900  _EPwm10Regs                                                   
1     00004a00  _EPwm11Regs                                                   
1     00004b00  _EPwm12Regs                                                   
1     00005000  _ECap1Regs                                                    
1     00005020  _ECap2Regs                                                    
1     00005040  _ECap3Regs                                                    
1     00005060  _ECap4Regs                                                    
1     00005080  _ECap5Regs                                                    
1     000050a0  _ECap6Regs                                                    
1     00005100  _EQep1Regs                                                    
1     00005140  _EQep2Regs                                                    
1     00005180  _EQep3Regs                                                    
1     00005c00  _DacaRegs                                                     
1     00005c10  _DacbRegs                                                     
1     00005c20  _DaccRegs                                                     
1     00005c80  _Cmpss1Regs                                                   
1     00005ca0  _Cmpss2Regs                                                   
1     00005cc0  _Cmpss3Regs                                                   
1     00005ce0  _Cmpss4Regs                                                   
1     00005d00  _Cmpss5Regs                                                   
1     00005d20  _Cmpss6Regs                                                   
1     00005d40  _Cmpss7Regs                                                   
1     00005d60  _Cmpss8Regs                                                   
1     00005e00  _Sdfm1Regs                                                    
1     00005e80  _Sdfm2Regs                                                    
1     00006000  _McbspaRegs                                                   
1     00006040  _McbspbRegs                                                   
1     00006100  _SpiaRegs                                                     
1     00006110  _SpibRegs                                                     
1     00006120  _SpicRegs                                                     
1     00006200  _UppRegs                                                      
1     00007000  _WdRegs                                                       
1     00007060  _NmiIntruptRegs                                               
1     00007070  _XintRegs                                                     
1     00007200  _SciaRegs                                                     
1     00007210  _ScibRegs                                                     
1     00007220  _ScicRegs                                                     
1     00007230  _ScidRegs                                                     
1     00007300  _I2caRegs                                                     
1     00007340  _I2cbRegs                                                     
1     00007400  _AdcaRegs                                                     
1     00007480  _AdcbRegs                                                     
1     00007500  _AdccRegs                                                     
1     00007580  _AdcdRegs                                                     
1     00007900  _InputXbarRegs                                                
1     00007920  _XbarRegs                                                     
1     00007940  _SyncSocRegs                                                  
1     00007980  _DmaClaSrcSelRegs                                             
1     00007a00  _EPwmXbarRegs                                                 
1     00007a40  _ClbXbarRegs                                                  
1     00007a80  _OutputXbarRegs                                               
1     00007c00  _GpioCtrlRegs                                                 
1     00007f00  _GpioDataRegs                                                 
1     0000e000  _MW_adcCInitFlag                                              
1     0000e001  _MW_adcBInitFlag                                              
1     0000e00c  _mcb_pmsm_foc_sen_PrevZCSigState                              
1     0000e040  _mcb_pmsm_foc_sensorless_d_DWork                              
1     0000e280  _mcb_pmsm_foc_sensorless_dyno__B                              
1     0000e9c4  _CpuTimer0                                                    
1     0000e9cc  _CpuTimer1                                                    
1     0000e9d4  _CpuTimer2                                                    
1     0000e9dc  _mySpiObj                                                     
1     0000e9f4  _rtInf                                                        
1     0000e9f6  _rtMinusInf                                                   
1     0000e9f8  _rtNaN                                                        
1     0000e9fa  _rtInfF                                                       
1     0000e9fc  _rtMinusInfF                                                  
1     0000e9fe  _rtNaNF                                                       
1     0000ea00  _ErrorFlag                                                    
1     0000ea02  _CIPC0_INT_fptr                                               
1     0000ea04  _mwInitStart                                                  
1     0000ea06  _mwInitEnd                                                    
1     0000ea08  ___TI_enable_exit_profile_output                              
1     0000ea0a  ___TI_cleanup_ptr                                             
1     0000ea0c  ___TI_dtors_ptr                                               
1     0000ea0e  _checkSCITransmitInProgressA                                  
1     0000ea0f  _frameA1Transmitted                                           
1     0000ea10  _frameA1Count                                                 
1     0000ea12  _SPI_oneTimeInit                                              
1     0000ea16  _isRateRunning                                                
1     0000ea19  _need2runFlags                                                
1     0000ea1c  _IsrOverrun                                                   
1     0000ea1d  _stopRequested                                                
1     0000ea1e  _runModel                                                     
1     0000ea1f  _GPIO_oneTimeInit                                             
1     0000ea20  __lock                                                        
1     0000ea22  __unlock                                                      
1     0000ea24  _MW_InterruptDisableLock                                      
1     00047000  _Emif1Regs                                                    
1     00047800  _Emif2Regs                                                    
1     00048000  _CanaRegs                                                     
1     0004a000  _CanbRegs                                                     
1     00050000  _IpcRegs                                                      
1     00050024  _FlashPumpSemaphoreRegs                                       
1     0005d000  _DevCfgRegs                                                   
1     0005d180  _AnalogSubsysRegs                                             
1     0005d200  _ClkCfgRegs                                                   
1     0005d300  _CpuSysRegs                                                   
1     0005e608  _RomPrefetchRegs                                              
1     0005f000  _DcsmZ1Regs                                                   
1     0005f040  _DcsmZ2Regs                                                   
1     0005f070  _DcsmCommonRegs                                               
1     0005f400  _MemCfgRegs                                                   
1     0005f480  _Emif1ConfigRegs                                              
1     0005f4a0  _Emif2ConfigRegs                                              
1     0005f4c0  _AccessProtectionRegs                                         
1     0005f500  _MemoryErrorRegs                                              
1     0005f540  _RomWaitStateRegs                                             
1     0005f800  _Flash0CtrlRegs                                               
1     0005fb00  _Flash0EccRegs                                                
1     000703c0  _UidRegs                                                      
abs   0000003f  _MW_RamfuncsLoadSize                                          
abs   0000003f  _MW_RamfuncsRunSize                                           
abs   00000400  __STACK_SIZE                                                  
abs   00001637  _RamfuncsLoadSize                                             
abs   00001637  _RamfuncsRunSize                                              
abs   ffffffff  ___TI_pprof_out_hndl                                          
abs   ffffffff  ___TI_prof_data_size                                          
abs   ffffffff  ___TI_prof_data_start                                         
abs   ffffffff  ___binit__                                                    
abs   ffffffff  ___c_args__                                                   
abs   ffffffff  ___pinit__                                                    
abs   ffffffff  binit                                                         
abs   ffffffff  pinit                                                         

[507 symbols]
